******************************************************************************
                  TI ARM Linker PC v5.2.5                      
******************************************************************************
>> Linked Tue May 03 17:55:40 2016

OUTPUT FILE NAME:   <lab2.out>
ENTRY POINT SYMBOL: "_c_int00"  address: 00003471


MEMORY CONFIGURATION

         name            origin    length      used     unused   attr    fill
----------------------  --------  ---------  --------  --------  ----  --------
  FLASH                 00000000   00100000  00006b13  000f94ed  R  X
  SRAM                  20000000   00040000  0000127b  0003ed85  RW X


SEGMENT ALLOCATION MAP

run origin  load origin   length   init length attrs members
----------  ----------- ---------- ----------- ----- -------
00000000    00000000    00006b20   00006b20    r-x
  00000000    00000000    0000003c   0000003c    r-- .resetVecs
  00000040    00000040    00004ad2   00004ad2    r-x .text
  00004b14    00004b14    00001ccd   00001ccd    r-- .const
  000067e8    000067e8    00000338   00000338    r-- .cinit
20000000    20000000    0000127c   00000000    rw-
  20000000    20000000    00000360   00000000    rw- .vecs
  20000360    20000360    00000708   00000000    rw- .bss
  20000a68    20000a68    00000413   00000000    rw- .data
  20000e7c    20000e7c    00000400   00000000    rw- .stack


SECTION ALLOCATION MAP

 output                                  attributes/
section   page    origin      length       input sections
--------  ----  ----------  ----------   ----------------
.text      0    00000040    00004ad2     
                  00000040    00000430     sysbios.aem4f : BIOS.obj (.text:ti_sysbios_family_arm_m3_Hwi_excDumpRegs__I)
                  00000470    0000034c     ti.targets.arm.rtsarm.aem4f : System.oem4f (.text:xdc_runtime_System_doPrint__I)
                  000007bc    000002d4     rtsv7M4_T_le_v4SPD16_eabi.lib : trgdrv.obj (.text)
                  00000a90    000002ac     sysbios.aem4f : BIOS.obj (.text:ti_sysbios_knl_Semaphore_pend__E)
                  00000d3c    00000204     driverlib.lib : sysctl.obj (.text:SysCtlClockFreqSet)
                  00000f40    00000204     Boot.aem4f : Boot_sysctl.oem4f (.text:ti_catalog_arm_cortexm4_tiva_ce_Boot_sysCtlClockFreqSetI__I)
                  00001144    00000004     empty_pem4f.oem4f (.text:malloc)
                  00001148    000001fc     sysbios.aem4f : BIOS.obj (.text:ti_sysbios_family_arm_m3_Hwi_excHandlerMax__I)
                  00001344    00000004     empty_pem4f.oem4f (.text:ti_sysbios_BIOS_RtsGateProxy_enter__E)
                  00001348    00000174     sysbios.aem4f : BIOS.obj (.text:ti_sysbios_family_arm_m3_Hwi_excBusFault__I)
                  000014bc    00000004     empty_pem4f.oem4f (.text:ti_sysbios_BIOS_RtsGateProxy_leave__E)
                  000014c0    00000164     sysbios.aem4f : BIOS.obj (.text:ti_sysbios_family_arm_m3_Hwi_excUsageFault__I)
                  00001624    00000004                   : BIOS.obj (.text:ti_sysbios_family_arm_lm4_Timer_masterEnable__I)
                  00001628    00000148                   : BIOS.obj (.text:ti_sysbios_family_arm_m3_Hwi_excMemFault__I)
                  00001770    00000144     ti.targets.arm.rtsarm.aem4f : HeapStd.oem4f (.text:xdc_runtime_HeapStd_alloc__E)
                  000018b4    00000130     driverlib.lib : gpio.obj (.text:GPIOPadConfigSet)
                  000019e4    00000118     ti.targets.arm.rtsarm.aem4f : Error.oem4f (.text:xdc_runtime_Error_policyDefault__E)
                  00001afc    00000004     empty_pem4f.oem4f (.text:ti_sysbios_family_arm_m3_TaskSupport_Module__startupDone__S)
                  00001b00    00000108     sysbios.aem4f : BIOS.obj (.text:ti_sysbios_family_arm_lm4_Timer_start__E)
                  00001c08    00000100     ti.targets.arm.rtsarm.aem4f : Core-mem.oem4f (.text:xdc_runtime_Core_createObject__I)
                  00001d08    000000f8                                 : Startup.oem4f (.text:xdc_runtime_Startup_startMods__I)
                  00001e00    000000f8     empty_pem4f.oem4f (.text:xdc_runtime_System_printfExtend__I)
                  00001ef8    000000f4     sysbios.aem4f : m3_Hwi_asm.obj (.text:ti_sysbios_family_arm_m3_Hwi_dispatch__I)
                  00001fec    00000004     empty_pem4f.oem4f (.text:ti_sysbios_knl_Clock_TimerProxy_getMaxTicks__E)
                  00001ff0    000000ec     sysbios.aem4f : BIOS.obj (.text:ti_sysbios_knl_Semaphore_post__E)
                  000020dc    000000cc     ti.targets.arm.rtsarm.aem4f : Core-smem.oem4f (.text:xdc_runtime_Core_constructObject__I)
                  000021a8    000000cc                                 : HeapStd.oem4f (.text:xdc_runtime_HeapStd_Instance_init__E)
                  00002274    00000004     empty_pem4f.oem4f (.text:ti_sysbios_knl_Queue_destruct)
                  00002278    000000bc     sysbios.aem4f : BIOS.obj (.text:ti_sysbios_family_arm_m3_Hwi_excDebugMon__I)
                  00002334    00000004     empty_pem4f.oem4f (.text:ti_sysbios_knl_Semaphore_destruct)
                  00002338    000000bc     sysbios.aem4f : BIOS.obj (.text:ti_sysbios_family_arm_m3_Hwi_excHardFault__I)
                  000023f4    00000004     ti.targets.arm.rtsarm.aem4f : Error.oem4f (.text:xdc_runtime_Error_getSite__E)
                  000023f8    000000b4     sysbios.aem4f : BIOS.obj (.text:ti_sysbios_gates_GateMutex_enter__E)
                  000024ac    00000004     ti.targets.arm.rtsarm.aem4f : HeapStd.oem4f (.text:xdc_runtime_HeapStd_isBlocking__E)
                  000024b0    000000b4     sysbios.aem4f : BIOS.obj (.text:ti_sysbios_knl_Task_checkStacks__E)
                  00002564    00000004     empty_pem4f.oem4f (.text:xdc_runtime_System_Module_GateProxy_enter__E)
                  00002568    000000ac     sysbios.aem4f : BIOS.obj (.text:ti_sysbios_family_arm_lm4_Timer_enableTiva__I)
                  00002614    000000a8     ti.targets.arm.rtsarm.aem4f : HeapStd.oem4f (.text:xdc_runtime_HeapStd_free__E)
                  000026bc    000000a0     auto_init.aem4f : auto_init.oem4f (.text)
                  0000275c    000000a0     ti.targets.arm.rtsarm.aem4f : Text.oem4f (.text:xdc_runtime_Text_putMod__E)
                  000027fc    0000009c     rtsv7M4_T_le_v4SPD16_eabi.lib : memcpy_t2.obj (.text)
                  00002898    0000009c     sysbios.aem4f : BIOS.obj (.text:ti_sysbios_knl_Semaphore_Instance_init__E)
                  00002934    00000004     empty_pem4f.oem4f (.text:xdc_runtime_System_Module_GateProxy_leave__E)
                  00002938    0000009c     sysbios.aem4f : BIOS.obj (.text:ti_sysbios_knl_Task_postInit__I)
                  000029d4    0000009a     ti.targets.arm.rtsarm.aem4f : Text.oem4f (.text:xdc_runtime_Text_putSite__E)
                  00002a6e    00000002     empty_pem4f.oem4f (.text:free)
                  00002a70    00000098     Boot.aem4f : Boot.oem4f (.text:ti_catalog_arm_cortexm4_tiva_ce_Boot_sysCtlClockFreqSet__E)
                  00002b08    00000094     sysbios.aem4f : BIOS.obj (.text:ti_sysbios_family_arm_m3_Hwi_initNVIC__E)
                  00002b9c    0000008c                   : m3_TaskSupport_asm.obj (.text:ti_sysbios_family_arm_m3_TaskSupport_buildTaskStack)
                  00002c28    00000084                   : BIOS.obj (.text:ti_sysbios_family_arm_m3_Hwi_postInit__I)
                  00002cac    0000007a     rtsv7M4_T_le_v4SPD16_eabi.lib : memset_t2.obj (.text)
                  00002d26    00000002                                   : i_div0.obj (.text)
                  00002d28    0000006d     ti.targets.arm.rtsarm.aem4f : System.oem4f (.text:xdc_runtime_System_formatNum__I)
                  00002d95    00000001     --HOLE-- [fill = 0]
                  00002d96    00000002     empty_pem4f.oem4f (.text:ti_sysbios_BIOS_nullFunc__I)
                  00002d98    0000006c     sysbios.aem4f : BIOS.obj (.text:ti_sysbios_family_arm_lm4_Timer_initDevice__I)
                  00002e04    00000004     ti.targets.arm.rtsarm.aem4f : System.oem4f (.text:xdc_runtime_System_aprintf_va__F)
                  00002e08    0000006c     sysbios.aem4f : BIOS.obj (.text:ti_sysbios_knl_Clock_workFunc__E)
                  00002e74    00000004     ti.targets.arm.rtsarm.aem4f : System.oem4f (.text:xdc_runtime_System_printf_va__F)
                  00002e78    0000006c     sysbios.aem4f : BIOS.obj (.text:ti_sysbios_knl_Swi_restoreHwi__E)
                  00002ee4    00000002     empty_pem4f.oem4f (.text:xdc_runtime_Startup_reset__I)
                  00002ee6    00000002     --HOLE-- [fill = 0]
                  00002ee8    0000006c     sysbios.aem4f : BIOS.obj (.text:ti_sysbios_knl_Task_exit__E)
                  00002f54    0000006c     ti.targets.arm.rtsarm.aem4f : Error.oem4f (.text:xdc_runtime_Error_print__E)
                  00002fc0    0000006c                                 : Memory.oem4f (.text:xdc_runtime_Memory_alloc__E)
                  0000302c    0000006a     rtsv7M4_T_le_v4SPD16_eabi.lib : copy_decompress_rle.obj (.text)
                  00003096    00000002     --HOLE-- [fill = 0]
                  00003098    00000068                                   : trgmsg.obj (.text)
                  00003100    00000066     ti.targets.arm.rtsarm.aem4f : Core-mem.oem4f (.text:xdc_runtime_Core_deleteObject__I)
                  00003166    00000002     --HOLE-- [fill = 0]
                  00003168    00000064     sysbios.aem4f : BIOS.obj (.text:ti_sysbios_family_arm_lm4_Timer_Module_startup__E)
                  000031cc    00000004     --HOLE-- [fill = 0]
                  000031d0    00000064                   : BIOS.obj (.text:ti_sysbios_family_arm_m3_Hwi_dispatchC__I)
                  00003234    00000004     --HOLE-- [fill = 0]
                  00003238    00000060                   : BIOS.obj (.text:ti_sysbios_knl_Task_schedule__I)
                  00003298    0000005c                   : BIOS.obj (.text:ti_sysbios_knl_Swi_run__I)
                  000032f4    00000004     --HOLE-- [fill = 0]
                  000032f8    0000005c                   : BIOS.obj (.text:ti_sysbios_knl_Swi_schedule__I)
                  00003354    00000004     --HOLE-- [fill = 0]
                  00003358    0000005c                   : BIOS.obj (.text:ti_sysbios_knl_Task_Module_startup__E)
                  000033b4    00000004     --HOLE-- [fill = 0]
                  000033b8    0000005c                   : BIOS.obj (.text:ti_sysbios_knl_Task_startCore__E)
                  00003414    0000005b     ti.targets.arm.rtsarm.aem4f : Text.oem4f (.text:xdc_runtime_Text_putLab__E)
                  0000346f    00000001     --HOLE-- [fill = 0]
                  00003470    00000058     boot.aem4f : boot.oem4f (.text)
                  000034c8    00000058     sysbios.aem4f : m3_Hwi_asm_switch.obj (.text:ti_sysbios_family_arm_m3_Hwi_initStacks__E)
                  00003520    00000058     empty_pem4f.oem4f (.text:xdc_runtime_HeapStd_Object__create__S)
                  00003578    00000054     ti.targets.arm.rtsarm.aem4f : Assert.oem4f (.text:xdc_runtime_Assert_raise__I)
                  000035cc    00000050     Boot.aem4f : Boot_sysctl.oem4f (.text:_SysCtlFrequencyGet)
                  0000361c    00000004     --HOLE-- [fill = 0]
                  00003620    00000050     sysbios.aem4f : BIOS.obj (.text:ti_sysbios_family_arm_m3_Hwi_Module_startup__E)
                  00003670    00000050     ti.targets.arm.rtsarm.aem4f : Startup.oem4f (.text:xdc_runtime_Startup_exec__E)
                  000036c0    00000050                                 : Text.oem4f (.text:xdc_runtime_Text_visitRope2__I)
                  00003710    0000004c     rtsv7M4_T_le_v4SPD16_eabi.lib : cpy_tbl.obj (.text)
                  0000375c    00000004     --HOLE-- [fill = 0]
                  00003760    0000004c     sysbios.aem4f : BIOS.obj (.text:ti_sysbios_knl_Swi_runLoop__I)
                  000037ac    00000004     --HOLE-- [fill = 0]
                  000037b0    0000004c                   : BIOS.obj (.text:ti_sysbios_knl_Task_allBlockedFunction__I)
                  000037fc    00000048     driverlib.lib : sysctl.obj (.text:_SysCtlFrequencyGet)
                  00003844    00000004     --HOLE-- [fill = 0]
                  00003848    00000048     sysbios.aem4f : BIOS.obj (.text:ti_sysbios_family_arm_lm4_Timer_enableTimers__I)
                  00003890    00000048                   : BIOS.obj (.text:ti_sysbios_family_arm_m3_Hwi_disableInterrupt__E)
                  000038d8    00000048                   : BIOS.obj (.text:ti_sysbios_family_arm_m3_Hwi_enableInterrupt__E)
                  00003920    00000048                   : BIOS.obj (.text:ti_sysbios_family_arm_m3_Hwi_excReserved__I)
                  00003968    00000046     ti.targets.arm.rtsarm.aem4f : Core-params.oem4f (.text:xdc_runtime_Core_assignParams__I)
                  000039ae    00000002     --HOLE-- [fill = 0]
                  000039b0    00000044     rtsv7M4_T_le_v4SPD16_eabi.lib : exit.obj (.text)
                  000039f4    00000004     --HOLE-- [fill = 0]
                  000039f8    00000044     sysbios.aem4f : BIOS.obj (.text:ti_sysbios_family_arm_lm4_Timer_isrStub__E)
                  00003a3c    00000004     --HOLE-- [fill = 0]
                  00003a40    00000044                   : BIOS.obj (.text:ti_sysbios_family_arm_m3_Hwi_getStackInfo__E)
                  00003a84    00000004     --HOLE-- [fill = 0]
                  00003a88    00000044                   : BIOS.obj (.text:ti_sysbios_knl_Swi_post__E)
                  00003acc    00000044     ti.targets.arm.rtsarm.aem4f : Error.oem4f (.text:xdc_runtime_Error_setX__E)
                  00003b10    00000044                                 : SysMin.oem4f (.text:xdc_runtime_SysMin_flush__E)
                  00003b54    00000044                                 : Text.oem4f (.text:xdc_runtime_Text_xprintf__I)
                  00003b98    00000040     rtsv7M4_T_le_v4SPD16_eabi.lib : u_divt2.obj (.text)
                  00003bd8    00000040     sysbios.aem4f : BIOS.obj (.text:ti_sysbios_family_arm_lm4_Timer_startup__E)
                  00003c18    0000003c     main.obj (.text:ledToggle)
                  00003c54    00000004     --HOLE-- [fill = 0]
                  00003c58    0000003c     sysbios.aem4f : BIOS.obj (.text:ti_sysbios_family_arm_m3_Hwi_excSvCall__I)
                  00003c94    00000004     --HOLE-- [fill = 0]
                  00003c98    0000003c                   : BIOS.obj (.text:ti_sysbios_knl_Swi_restore__E)
                  00003cd4    00000004     --HOLE-- [fill = 0]
                  00003cd8    00000038                   : BIOS.obj (.text:ti_sysbios_family_arm_m3_Hwi_excNoIsr__I)
                  00003d10    00000038                   : BIOS.obj (.text:ti_sysbios_knl_Task_processVitalTaskFlag__I)
                  00003d48    00000038     ti.targets.arm.rtsarm.aem4f : SysMin.oem4f (.text:xdc_runtime_SysMin_putch__E)
                  00003d80    00000038                                 : System.oem4f (.text:xdc_runtime_System_atexit__E)
                  00003db8    00000034     driverlib.lib : sysctl.obj (.text:SysCtlPeripheralEnable)
                  00003dec    00000034     main.obj (.text:hardware_init)
                  00003e20    00000034     sysbios.aem4f : BIOS.obj (.text:ti_sysbios_family_arm_m3_Hwi_excNmi__I)
                  00003e54    00000004     --HOLE-- [fill = 0]
                  00003e58    00000034                   : BIOS.obj (.text:ti_sysbios_hal_Hwi_checkStack)
                  00003e8c    00000034     ti.targets.arm.rtsarm.aem4f : Core-label.oem4f (.text:xdc_runtime_Core_assignLabel__I)
                  00003ec0    00000033                                 : Text.oem4f (.text:xdc_runtime_Text_printVisFxn__I)
                  00003ef3    00000005     --HOLE-- [fill = 0]
                  00003ef8    00000032     sysbios.aem4f : BIOS.obj (.text:ti_sysbios_hal_Hwi_initStack)
                  00003f2a    00000002     --HOLE-- [fill = 0]
                  00003f2c    00000030     empty_pem4f.oem4f (.text:ti_sysbios_BIOS_atExitFunc__I)
                  00003f5c    00000004     --HOLE-- [fill = 0]
                  00003f60    00000030     sysbios.aem4f : BIOS.obj (.text:ti_sysbios_family_arm_lm4_Timer_stop__E)
                  00003f90    00000030                   : BIOS.obj (.text:ti_sysbios_family_arm_m3_TaskSupport_start__E)
                  00003fc0    00000030     empty_pem4f.oem4f (.text:ti_sysbios_gates_GateHwi_Object__create__S)
                  00003ff0    00000030     empty_pem4f.oem4f (.text:ti_sysbios_gates_GateMutex_Object__create__S)
                  00004020    00000030     empty_pem4f.oem4f (.text:ti_sysbios_knl_Semaphore_construct)
                  00004050    00000030     sysbios.aem4f : BIOS.obj (.text:ti_sysbios_knl_Semaphore_pendTimeout__I)
                  00004080    00000030                   : BIOS.obj (.text:ti_sysbios_knl_Task_unblockI__E)
                  000040b0    00000030     ti.targets.arm.rtsarm.aem4f : SysMin.oem4f (.text:xdc_runtime_SysMin_abort__E)
                  000040e0    00000030                                 : System.oem4f (.text:xdc_runtime_System_processAtExit__E)
                  00004110    0000002c     empty_pem4f.oem4f (.text:ti_sysbios_knl_Clock_doTick__I)
                  0000413c    0000002c     empty_pem4f.oem4f (.text:ti_sysbios_knl_Queue_construct)
                  00004168    0000002c     sysbios.aem4f : BIOS.obj (.text:ti_sysbios_knl_Task_restore__E)
                  00004194    0000002c     ti.targets.arm.rtsarm.aem4f : Text.oem4f (.text:xdc_runtime_Text_cordText__E)
                  000041c0    0000002a     driverlib.lib : gpio.obj (.text:GPIODirModeSet)
                  000041ea    0000002a     ti.targets.arm.rtsarm.aem4f : System.oem4f (.text:xdc_runtime_System_putchar__I)
                  00004214    00000004     --HOLE-- [fill = 0]
                  00004218    00000028     sysbios.aem4f : BIOS.obj (.text:ti_sysbios_knl_Swi_Module_startup__E)
                  00004240    00000026                   : m3_Hwi_asm.obj (.text:ti_sysbios_family_arm_m3_Hwi_pendSV__I)
                  00004266    00000026     ti.targets.arm.rtsarm.aem4f : System.oem4f (.text:xdc_runtime_System_avprintf__E)
                  0000428c    00000024     empty_pem4f.oem4f (.text:ti_sysbios_BIOS_errorRaiseHook__I)
                  000042b0    00000024     empty_pem4f.oem4f (.text:ti_sysbios_BIOS_registerRTSLock__I)
                  000042d4    00000024     empty_pem4f.oem4f (.text:ti_sysbios_BIOS_removeRTSLock__I)
                  000042f8    00000024     empty_pem4f.oem4f (.text:ti_sysbios_BIOS_startFunc__I)
                  0000431c    00000024     empty_pem4f.oem4f (.text:ti_sysbios_gates_GateMutex_Object__delete__S)
                  00004340    00000024     sysbios.aem4f : BIOS.obj (.text:ti_sysbios_knl_Clock_Module_startup__E)
                  00004364    00000004     --HOLE-- [fill = 0]
                  00004368    00000024                   : BIOS.obj (.text:ti_sysbios_knl_Task_restoreHwi__E)
                  0000438c    00000024     ti.targets.arm.rtsarm.aem4f : System.oem4f (.text:xdc_runtime_System_vprintf__E)
                  000043b0    00000022     sysbios.aem4f : BIOS.obj (.text:ti_sysbios_family_arm_lm4_Timer_write__I)
                  000043d2    00000022     empty_pem4f.oem4f (.text:xdc_runtime_SysMin_output__I)
                  000043f4    00000020     Boot.aem4f : Boot_sysctl.oem4f (.text:_SysCtlMemTimingGet)
                  00004414    00000020     main.obj (.text:main)
                  00004434    00000020     empty_pem4f.oem4f (.text:ti_sysbios_BIOS_rtsLock__I)
                  00004454    00000020     sysbios.aem4f : m3_Hwi_asm.obj (.text:ti_sysbios_family_arm_m3_Hwi_excHandlerAsm__I)
                  00004474    00000004     --HOLE-- [fill = 0]
                  00004478    00000020                   : BIOS.obj (.text:ti_sysbios_family_arm_m3_Hwi_excHandler__I)
                  00004498    00000020     empty_pem4f.oem4f (.text:ti_sysbios_gates_GateHwi_Object__delete__S)
                  000044b8    00000020     sysbios.aem4f : BIOS.obj (.text:ti_sysbios_knl_Idle_run__E)
                  000044d8    00000020     empty_pem4f.oem4f (.text:ti_sysbios_knl_Semaphore_Object__destruct__S)
                  000044f8    00000020     ti.targets.arm.rtsarm.aem4f : Registry.oem4f (.text:xdc_runtime_Registry_findById__E)
                  00004518    00000020                                 : SysMin.oem4f (.text:xdc_runtime_SysMin_Module_startup__E)
                  00004538    0000001e     sysbios.aem4f : m3_Hwi_asm_switch.obj (.text:ti_sysbios_family_xxx_Hwi_switchAndRunFunc)
                  00004556    00000002     --HOLE-- [fill = 0]
                  00004558    0000001c     driverlib.lib : sysctl.obj (.text:_SysCtlMemTimingGet)
                  00004574    00000004     --HOLE-- [fill = 0]
                  00004578    0000001c     sysbios.aem4f : BIOS.obj (.text:ti_sysbios_gates_GateMutex_Instance_init__E)
                  00004594    0000001c     empty_pem4f.oem4f (.text:ti_sysbios_knl_Queue_Object__destruct__S)
                  000045b0    0000001c     sysbios.aem4f : BIOS.obj (.text:ti_sysbios_knl_Queue_put__E)
                  000045cc    00000004     --HOLE-- [fill = 0]
                  000045d0    0000001c                   : BIOS.obj (.text:ti_sysbios_knl_Task_enter__I)
                  000045ec    0000001c     ti.targets.arm.rtsarm.aem4f : Error.oem4f (.text:xdc_runtime_Error_raiseX__E)
                  00004608    0000001c     empty_pem4f.oem4f (.text:xdc_runtime_HeapStd_Object__delete__S)
                  00004624    0000001c     ti.targets.arm.rtsarm.aem4f : Memory.oem4f (.text:xdc_runtime_Memory_valloc__E)
                  00004640    0000001c                                 : SysMin.oem4f (.text:xdc_runtime_SysMin_exit__E)
                  0000465c    0000001c                                 : System.oem4f (.text:xdc_runtime_System_abort__E)
                  00004678    0000001a     empty_pem4f.oem4f (.text:ti_sysbios_family_arm_m3_Hwi_Handle__label__S)
                  00004692    0000001a     empty_pem4f.oem4f (.text:ti_sysbios_gates_GateHwi_Handle__label__S)
                  000046ac    0000001a     empty_pem4f.oem4f (.text:ti_sysbios_gates_GateMutex_Handle__label__S)
                  000046c6    0000001a     empty_pem4f.oem4f (.text:ti_sysbios_knl_Swi_Handle__label__S)
                  000046e0    0000001a     empty_pem4f.oem4f (.text:ti_sysbios_knl_Task_Handle__label__S)
                  000046fa    0000001a     empty_pem4f.oem4f (.text:xdc_runtime_HeapStd_Handle__label__S)
                  00004714    0000001a     empty_pem4f.oem4f (.text:xdc_runtime_System_aprintf__E)
                  0000472e    0000001a     empty_pem4f.oem4f (.text:xdc_runtime_System_printf__E)
                  00004748    00000018     driverlib.lib : gpio.obj (.text:GPIOPinTypeGPIOOutput)
                  00004760    00000018     rtsv7M4_T_le_v4SPD16_eabi.lib : args_main.obj (.text)
                  00004778    00000018     empty_pem4f.oem4f (.text:ti_sysbios_BIOS_rtsUnlock__I)
                  00004790    00000018     empty_pem4f.oem4f (.text:ti_sysbios_family_arm_lm4_Timer_Module__startupDone__F)
                  000047a8    00000018     empty_pem4f.oem4f (.text:ti_sysbios_family_arm_m3_Hwi_Module__startupDone__F)
                  000047c0    00000018     sysbios.aem4f : m3_TaskSupport_asm.obj (.text:ti_sysbios_family_arm_m3_TaskSupport_swap__E)
                  000047d8    00000018                   : BIOS.obj (.text:ti_sysbios_gates_GateMutex_leave__E)
                  000047f0    00000018     ti.targets.arm.rtsarm.aem4f : Error.oem4f (.text:xdc_runtime_Error_check__E)
                  00004808    00000018                                 : System.oem4f (.text:xdc_runtime_System_exit__E)
                  00004820    00000018                                 : Text.oem4f (.text:xdc_runtime_Text_ropeText__E)
                  00004838    00000016     empty_pem4f.oem4f (.text:ti_sysbios_BIOS_exitFunc__I)
                  0000484e    00000002     --HOLE-- [fill = 0]
                  00004850    00000014     rtsv7M4_T_le_v4SPD16_eabi.lib : _lock.obj (.text)
                  00004864    00000014                                   : strcpy.obj (.text)
                  00004878    00000014                                   : strlen.obj (.text)
                  0000488c    00000014     empty_pem4f.oem4f (.text:ti_sysbios_family_arm_m3_Hwi_Object__get__S)
                  000048a0    00000014     sysbios.aem4f : BIOS.obj (.text:ti_sysbios_family_arm_m3_Hwi_switchFromBootStack__E)
                  000048b4    00000014     empty_pem4f.oem4f (.text:ti_sysbios_knl_Swi_Object__get__S)
                  000048c8    00000012     sysbios.aem4f : BIOS.obj (.text:ti_sysbios_hal_Hwi_Module_startup__E)
                  000048da    00000012     empty_pem4f.oem4f (.text:xdc_runtime_Startup_exec__I)
                  000048ec    00000010     empty_pem4f.oem4f (.text:.bootCodeSection:ti_catalog_arm_cortexm4_tiva_ce_Boot_init__I)
                  000048fc    00000010     main.obj (.text:delay)
                  0000490c    00000004     --HOLE-- [fill = 0]
                  00004910    00000010     sysbios.aem4f : BIOS.obj (.text:ti_sysbios_BIOS_setThreadType__E)
                  00004920    00000010                   : m3_TaskSupport_asm.obj (.text:ti_sysbios_family_arm_m3_TaskSupport_glue)
                  00004930    00000010                   : BIOS.obj (.text:ti_sysbios_gates_GateMutex_Instance_finalize__E)
                  00004940    00000010                   : BIOS.obj (.text:ti_sysbios_knl_Semaphore_Instance_finalize__E)
                  00004950    00000010                   : BIOS.obj (.text:ti_sysbios_knl_Swi_disable__E)
                  00004960    00000010     empty_pem4f.oem4f (.text:ti_sysbios_knl_Task_Object__get__S)
                  00004970    00000010     sysbios.aem4f : BIOS.obj (.text:ti_sysbios_knl_Task_disable__E)
                  00004980    00000010     ti.targets.arm.rtsarm.aem4f : Gate.oem4f (.text:xdc_runtime_Gate_leaveSystem__E)
                  00004990    00000010                                 : Memory.oem4f (.text:xdc_runtime_Memory_free__E)
                  000049a0    00000010                                 : SysMin.oem4f (.text:xdc_runtime_SysMin_ready__E)
                  000049b0    00000010                                 : System.oem4f (.text:xdc_runtime_System_vsnprintf__E)
                  000049c0    00000010     empty_pem4f.oem4f (.text:xdc_runtime_Text_visitRope__I)
                  000049d0    0000000e     rtsv7M4_T_le_v4SPD16_eabi.lib : copy_decompress_none.obj (.text:decompress:none)
                  000049de    00000002     --HOLE-- [fill = 0]
                  000049e0    0000000e     sysbios.aem4f : BIOS.obj (.text:ti_sysbios_knl_Idle_loop__E)
                  000049ee    00000002     --HOLE-- [fill = 0]
                  000049f0    0000000e                   : BIOS.obj (.text:ti_sysbios_knl_Queue_empty__E)
                  000049fe    0000000e     ti.targets.arm.rtsarm.aem4f : HeapStd.oem4f (.text:xdc_runtime_HeapStd_getStats__E)
                  00004a0c    0000000c     rtsv7M4_T_le_v4SPD16_eabi.lib : copy_zero_init.obj (.text:decompress:ZI)
                  00004a18    0000000c     sysbios.aem4f : BIOS.obj (.text:ti_sysbios_family_arm_lm4_Timer_getMaxTicks__E)
                  00004a24    00000004     --HOLE-- [fill = 0]
                  00004a28    0000000c                   : BIOS.obj (.text:ti_sysbios_family_arm_m3_TaskSupport_checkStack__E)
                  00004a34    00000004     --HOLE-- [fill = 0]
                  00004a38    0000000c                   : BIOS.obj (.text:ti_sysbios_gates_GateHwi_enter__E)
                  00004a44    0000000c     empty_pem4f.oem4f (.text:ti_sysbios_knl_Queue_Object__get__S)
                  00004a50    0000000c     ti.targets.arm.rtsarm.aem4f : Error.oem4f (.text:xdc_runtime_Error_init__E)
                  00004a5c    0000000c                                 : Gate.oem4f (.text:xdc_runtime_Gate_enterSystem__E)
                  00004a68    0000000c                                 : Memory.oem4f (.text:xdc_runtime_Memory_calloc__E)
                  00004a74    0000000c                                 : Memory.oem4f (.text:xdc_runtime_Memory_getMaxDefaultTypeAlign__E)
                  00004a80    0000000a     empty_pem4f.oem4f (.text:xdc_runtime_IHeap_alloc)
                  00004a8a    0000000a     empty_pem4f.oem4f (.text:xdc_runtime_IHeap_free)
                  00004a94    00000008     sysbios.aem4f : BIOS.obj (.text:ti_sysbios_family_arm_lm4_Timer_masterDisable__I)
                  00004a9c    00000004     --HOLE-- [fill = 0]
                  00004aa0    00000008                   : BIOS.obj (.text:ti_sysbios_family_arm_m3_Hwi_doSwiRestore__I)
                  00004aa8    00000008                   : BIOS.obj (.text:ti_sysbios_family_arm_m3_Hwi_startup__E)
                  00004ab0    00000006     driverlib.lib : gpio.obj (.text:GPIOPinWrite)
                  00004ab6    00000006                   : sysctl.obj (.text:SysCtlDelay)
                  00004abc    00000006     ti.targets.arm.rtsarm.aem4f : xdc_noinit.oem4f (.text:__xdc__init)
                  00004ac2    00000006     rtsv7M4_T_le_v4SPD16_eabi.lib : copy_decompress_rle.obj (.text:decompress:rle24)
                  00004ac8    00000006     sysbios.aem4f : BIOS.obj (.text:ti_sysbios_family_arm_m3_Hwi_doTaskRestore__I)
                  00004ace    00000002     --HOLE-- [fill = 0]
                  00004ad0    00000006                   : BIOS.obj (.text:ti_sysbios_gates_GateHwi_leave__E)
                  00004ad6    00000002     --HOLE-- [fill = 0]
                  00004ad8    00000006                   : BIOS.obj (.text:ti_sysbios_knl_Queue_Instance_init__E)
                  00004ade    00000002     --HOLE-- [fill = 0]
                  00004ae0    00000006                   : BIOS.obj (.text:ti_sysbios_knl_Swi_startup__E)
                  00004ae6    00000006     ti.targets.arm.rtsarm.aem4f : System.oem4f (.text:xdc_runtime_System_Module_startup__E)
                  00004aec    00000004     --HOLE-- [fill = 0]
                  00004af0    00000004     sysbios.aem4f : BIOS.obj (.text:ti_sysbios_gates_GateHwi_query__E)
                  00004af4    00000004     --HOLE-- [fill = 0]
                  00004af8    00000004                   : BIOS.obj (.text:ti_sysbios_gates_GateMutex_query__E)
                  00004afc    00000004     --HOLE-- [fill = 0]
                  00004b00    00000004                   : BIOS.obj (.text:ti_sysbios_knl_Task_startup__E)
                  00004b04    00000004     --HOLE-- [fill = 0]
                  00004b08    00000002                   : BIOS.obj (.text:ti_sysbios_gates_GateHwi_Instance_init__E)
                  00004b0a    00000006     --HOLE-- [fill = 0]
                  00004b10    00000002                   : BIOS.obj (.text:ti_sysbios_knl_Clock_logTick__E)

.const     0    00004b14    00001ccd     
                  00004b14    000014c8     empty_pem4f.oem4f (.const:xdc_runtime_Text_charTab__A)
                  00005fdc    00000120     Boot.aem4f : Boot_sysctl.oem4f (.const:g_pppui32XTALtoVCO)
                  000060fc    00000120     driverlib.lib : sysctl.obj (.const:g_pppui32XTALtoVCO)
                  0000621c    000000b8     empty_pem4f.oem4f (.const:xdc_runtime_Text_nodeTab__A)
                  000062d4    0000006c     Boot.aem4f : Boot_sysctl.oem4f (.const:g_pui32Xtals)
                  00006340    0000006c     driverlib.lib : sysctl.obj (.const:g_pui32Xtals)
                  000063ac    00000048     empty_pem4f.oem4f (.const:.string)
                  000063f4    00000030     Boot.aem4f : Boot_sysctl.oem4f (.const:g_sXTALtoMEMTIM)
                  00006424    00000030     driverlib.lib : sysctl.obj (.const:g_sXTALtoMEMTIM)
                  00006454    00000028     empty_pem4f.oem4f (.const:xdc_runtime_HeapStd_Module__FXNS__C)
                  0000647c    00000024     empty_pem4f.oem4f (.const:ti_sysbios_gates_GateHwi_Module__FXNS__C)
                  000064a0    00000024     empty_pem4f.oem4f (.const:ti_sysbios_gates_GateMutex_Module__FXNS__C)
                  000064c4    00000024     empty_pem4f.oem4f (.const:ti_sysbios_knl_Semaphore_Object__PARAMS__C)
                  000064e8    00000020     empty_pem4f.oem4f (.const:ti_sysbios_gates_GateHwi_Object__DESC__C)
                  00006508    00000020     empty_pem4f.oem4f (.const:ti_sysbios_gates_GateMutex_Object__DESC__C)
                  00006528    00000020     empty_pem4f.oem4f (.const:ti_sysbios_knl_Queue_Object__DESC__C)
                  00006548    00000020     empty_pem4f.oem4f (.const:ti_sysbios_knl_Semaphore_Object__DESC__C)
                  00006568    00000020     empty_pem4f.oem4f (.const:xdc_runtime_HeapStd_Object__DESC__C)
                  00006588    00000020     empty_pem4f.oem4f (.const:xdc_runtime_Startup_sfxnTab__A)
                  000065a8    0000001c     empty_pem4f.oem4f (.const:xdc_runtime_HeapStd_Object__PARAMS__C)
                  000065c4    00000018     empty_pem4f.oem4f (.const:ti_sysbios_gates_GateHwi_Object__PARAMS__C)
                  000065dc    00000018     empty_pem4f.oem4f (.const:ti_sysbios_gates_GateMutex_Object__PARAMS__C)
                  000065f4    00000018     empty_pem4f.oem4f (.const:ti_sysbios_knl_Queue_Object__PARAMS__C)
                  0000660c    00000010     empty_pem4f.oem4f (.const:xdc_runtime_Startup_firstFxns__A)
                  0000661c    00000010     empty_pem4f.oem4f (.const:xdc_runtime_Startup_sfxnRts__A)
                  0000662c    00000008     Boot.aem4f : Boot_sysctl.oem4f (.const)
                  00006634    00000008     driverlib.lib : sysctl.obj (.const)
                  0000663c    00000008     empty_pem4f.oem4f (.const:ti_sysbios_family_arm_m3_Hwi_excHookFuncs__A)
                  00006644    00000008     empty_pem4f.oem4f (.const:ti_sysbios_knl_Idle_funcList__A)
                  0000664c    00000008     empty_pem4f.oem4f (.const:ti_sysbios_knl_Idle_funcList__C)
                  00006654    00000008     empty_pem4f.oem4f (.const:xdc_runtime_Startup_firstFxns__C)
                  0000665c    00000008     empty_pem4f.oem4f (.const:xdc_runtime_Startup_lastFxns__C)
                  00006664    00000004     empty_pem4f.oem4f (.const:ti_catalog_arm_cortexm4_tiva_ce_Boot_A_mustNotUseEnhancedClockMode__C)
                  00006668    00000004     empty_pem4f.oem4f (.const:ti_catalog_arm_cortexm4_tiva_ce_Boot_Module__diagsEnabled__C)
                  0000666c    00000004     empty_pem4f.oem4f (.const:ti_catalog_arm_cortexm4_tiva_ce_Boot_Module__diagsIncluded__C)
                  00006670    00000004     empty_pem4f.oem4f (.const:ti_catalog_arm_cortexm4_tiva_ce_Boot_Module__diagsMask__C)
                  00006674    00000004     empty_pem4f.oem4f (.const:ti_sysbios_family_arm_lm4_Timer_enableFunc__C)
                  00006678    00000004     empty_pem4f.oem4f (.const:ti_sysbios_family_arm_lm4_Timer_numTimerDevices__C)
                  0000667c    00000004     empty_pem4f.oem4f (.const:ti_sysbios_family_arm_lm4_Timer_startupNeeded__C)
                  00006680    00000004     empty_pem4f.oem4f (.const:ti_sysbios_family_arm_m3_Hwi_E_NMI__C)
                  00006684    00000004     empty_pem4f.oem4f (.const:ti_sysbios_family_arm_m3_Hwi_E_busFault__C)
                  00006688    00000004     empty_pem4f.oem4f (.const:ti_sysbios_family_arm_m3_Hwi_E_debugMon__C)
                  0000668c    00000004     empty_pem4f.oem4f (.const:ti_sysbios_family_arm_m3_Hwi_E_hardFault__C)
                  00006690    00000004     empty_pem4f.oem4f (.const:ti_sysbios_family_arm_m3_Hwi_E_memFault__C)
                  00006694    00000004     empty_pem4f.oem4f (.const:ti_sysbios_family_arm_m3_Hwi_E_noIsr__C)
                  00006698    00000004     empty_pem4f.oem4f (.const:ti_sysbios_family_arm_m3_Hwi_E_reserved__C)
                  0000669c    00000004     empty_pem4f.oem4f (.const:ti_sysbios_family_arm_m3_Hwi_E_svCall__C)
                  000066a0    00000004     empty_pem4f.oem4f (.const:ti_sysbios_family_arm_m3_Hwi_E_usageFault__C)
                  000066a4    00000004     empty_pem4f.oem4f (.const:ti_sysbios_family_arm_m3_Hwi_NUM_INTERRUPTS__C)
                  000066a8    00000004     empty_pem4f.oem4f (.const:ti_sysbios_family_arm_m3_Hwi_Object__count__C)
                  000066ac    00000004     empty_pem4f.oem4f (.const:ti_sysbios_family_arm_m3_Hwi_ccr__C)
                  000066b0    00000004     empty_pem4f.oem4f (.const:ti_sysbios_family_arm_m3_Hwi_excHandlerFunc__C)
                  000066b4    00000004     empty_pem4f.oem4f (.const:ti_sysbios_family_arm_m3_Hwi_excHookFuncs__C)
                  000066b8    00000004     empty_pem4f.oem4f (.const:ti_sysbios_family_arm_m3_Hwi_nullIsrFunc__C)
                  000066bc    00000004     empty_pem4f.oem4f (.const:ti_sysbios_family_arm_m3_Hwi_priGroup__C)
                  000066c0    00000004     empty_pem4f.oem4f (.const:ti_sysbios_gates_GateMutex_A_badContext__C)
                  000066c4    00000004     empty_pem4f.oem4f (.const:ti_sysbios_gates_GateMutex_Instance_State_sem__O)
                  000066c8    00000004     empty_pem4f.oem4f (.const:ti_sysbios_gates_GateMutex_Module__diagsEnabled__C)
                  000066cc    00000004     empty_pem4f.oem4f (.const:ti_sysbios_gates_GateMutex_Module__diagsIncluded__C)
                  000066d0    00000004     empty_pem4f.oem4f (.const:ti_sysbios_gates_GateMutex_Module__diagsMask__C)
                  000066d4    00000004     empty_pem4f.oem4f (.const:ti_sysbios_hal_Hwi_E_stackOverflow__C)
                  000066d8    00000004     empty_pem4f.oem4f (.const:ti_sysbios_knl_Clock_Module_State_clockQ__O)
                  000066dc    00000004     empty_pem4f.oem4f (.const:ti_sysbios_knl_Semaphore_A_badContext__C)
                  000066e0    00000004     empty_pem4f.oem4f (.const:ti_sysbios_knl_Semaphore_A_noEvents__C)
                  000066e4    00000004     empty_pem4f.oem4f (.const:ti_sysbios_knl_Semaphore_A_overflow__C)
                  000066e8    00000004     empty_pem4f.oem4f (.const:ti_sysbios_knl_Semaphore_A_pendTaskDisabled__C)
                  000066ec    00000004     empty_pem4f.oem4f (.const:ti_sysbios_knl_Semaphore_Instance_State_pendQ__O)
                  000066f0    00000004     empty_pem4f.oem4f (.const:ti_sysbios_knl_Semaphore_Module__diagsEnabled__C)
                  000066f4    00000004     empty_pem4f.oem4f (.const:ti_sysbios_knl_Semaphore_Module__diagsIncluded__C)
                  000066f8    00000004     empty_pem4f.oem4f (.const:ti_sysbios_knl_Semaphore_Module__diagsMask__C)
                  000066fc    00000004     empty_pem4f.oem4f (.const:ti_sysbios_knl_Swi_Object__count__C)
                  00006700    00000004     empty_pem4f.oem4f (.const:ti_sysbios_knl_Task_E_spOutOfBounds__C)
                  00006704    00000004     empty_pem4f.oem4f (.const:ti_sysbios_knl_Task_E_stackOverflow__C)
                  00006708    00000004     empty_pem4f.oem4f (.const:ti_sysbios_knl_Task_Module_State_inactiveQ__O)
                  0000670c    00000004     empty_pem4f.oem4f (.const:ti_sysbios_knl_Task_Object__count__C)
                  00006710    00000004     empty_pem4f.oem4f (.const:ti_sysbios_knl_Task_allBlockedFunc__C)
                  00006714    00000004     empty_pem4f.oem4f (.const:ti_sysbios_knl_Task_numConstructedTasks__C)
                  00006718    00000004     empty_pem4f.oem4f (.const:xdc_runtime_Assert_E_assertFailed__C)
                  0000671c    00000004     empty_pem4f.oem4f (.const:xdc_runtime_Core_A_initializedParams__C)
                  00006720    00000004     empty_pem4f.oem4f (.const:xdc_runtime_Core_Module__diagsEnabled__C)
                  00006724    00000004     empty_pem4f.oem4f (.const:xdc_runtime_Core_Module__diagsIncluded__C)
                  00006728    00000004     empty_pem4f.oem4f (.const:xdc_runtime_Core_Module__diagsMask__C)
                  0000672c    00000004     empty_pem4f.oem4f (.const:xdc_runtime_Error_E_memory__C)
                  00006730    00000004     empty_pem4f.oem4f (.const:xdc_runtime_Error_Module__diagsEnabled__C)
                  00006734    00000004     empty_pem4f.oem4f (.const:xdc_runtime_Error_Module__diagsIncluded__C)
                  00006738    00000004     empty_pem4f.oem4f (.const:xdc_runtime_Error_Module__diagsMask__C)
                  0000673c    00000004     empty_pem4f.oem4f (.const:xdc_runtime_Error_Module__loggerFxn8__C)
                  00006740    00000004     empty_pem4f.oem4f (.const:xdc_runtime_Error_Module__loggerObj__C)
                  00006744    00000004     empty_pem4f.oem4f (.const:xdc_runtime_Error_policyFxn__C)
                  00006748    00000004     empty_pem4f.oem4f (.const:xdc_runtime_Error_raiseHook__C)
                  0000674c    00000004     empty_pem4f.oem4f (.const:xdc_runtime_HeapStd_A_align__C)
                  00006750    00000004     empty_pem4f.oem4f (.const:xdc_runtime_HeapStd_A_invalidTotalFreeSize__C)
                  00006754    00000004     empty_pem4f.oem4f (.const:xdc_runtime_HeapStd_A_zeroSize__C)
                  00006758    00000004     empty_pem4f.oem4f (.const:xdc_runtime_HeapStd_E_noRTSMemory__C)
                  0000675c    00000004     empty_pem4f.oem4f (.const:xdc_runtime_HeapStd_Module__diagsEnabled__C)
                  00006760    00000004     empty_pem4f.oem4f (.const:xdc_runtime_HeapStd_Module__diagsIncluded__C)
                  00006764    00000004     empty_pem4f.oem4f (.const:xdc_runtime_HeapStd_Module__diagsMask__C)
                  00006768    00000004     empty_pem4f.oem4f (.const:xdc_runtime_IGateProvider_Interface__BASE__C)
                  0000676c    00000004     empty_pem4f.oem4f (.const:xdc_runtime_IHeap_Interface__BASE__C)
                  00006770    00000004     empty_pem4f.oem4f (.const:xdc_runtime_IModule_Interface__BASE__C)
                  00006774    00000004     empty_pem4f.oem4f (.const:xdc_runtime_Log_L_error__C)
                  00006778    00000004     empty_pem4f.oem4f (.const:xdc_runtime_Memory_defaultHeapInstance__C)
                  0000677c    00000004     empty_pem4f.oem4f (.const:xdc_runtime_Startup_execImpl__C)
                  00006780    00000004     empty_pem4f.oem4f (.const:xdc_runtime_Startup_maxPasses__C)
                  00006784    00000004     empty_pem4f.oem4f (.const:xdc_runtime_Startup_sfxnRts__C)
                  00006788    00000004     empty_pem4f.oem4f (.const:xdc_runtime_Startup_sfxnTab__C)
                  0000678c    00000004     empty_pem4f.oem4f (.const:xdc_runtime_SysMin_bufSize__C)
                  00006790    00000004     empty_pem4f.oem4f (.const:xdc_runtime_SysMin_outputFunc__C)
                  00006794    00000004     empty_pem4f.oem4f (.const:xdc_runtime_System_Module__gateObj__C)
                  00006798    00000004     empty_pem4f.oem4f (.const:xdc_runtime_System_abortFxn__C)
                  0000679c    00000004     empty_pem4f.oem4f (.const:xdc_runtime_System_exitFxn__C)
                  000067a0    00000004     empty_pem4f.oem4f (.const:xdc_runtime_System_extendFxn__C)
                  000067a4    00000004     empty_pem4f.oem4f (.const:xdc_runtime_System_maxAtexitHandlers__C)
                  000067a8    00000004     empty_pem4f.oem4f (.const:xdc_runtime_Text_charTab__C)
                  000067ac    00000004     empty_pem4f.oem4f (.const:xdc_runtime_Text_nameEmpty__C)
                  000067b0    00000004     empty_pem4f.oem4f (.const:xdc_runtime_Text_nameStatic__C)
                  000067b4    00000004     empty_pem4f.oem4f (.const:xdc_runtime_Text_nameUnknown__C)
                  000067b8    00000004     empty_pem4f.oem4f (.const:xdc_runtime_Text_nodeTab__C)
                  000067bc    00000004     empty_pem4f.oem4f (.const:xdc_runtime_Text_visitRopeFxn__C)
                  000067c0    00000002     empty_pem4f.oem4f (.const:ti_catalog_arm_cortexm4_tiva_ce_Boot_Module__id__C)
                  000067c2    00000002     empty_pem4f.oem4f (.const:ti_sysbios_family_arm_m3_Hwi_Module__id__C)
                  000067c4    00000002     empty_pem4f.oem4f (.const:ti_sysbios_gates_GateMutex_Module__id__C)
                  000067c6    00000002     empty_pem4f.oem4f (.const:ti_sysbios_hal_Hwi_Module__id__C)
                  000067c8    00000002     empty_pem4f.oem4f (.const:ti_sysbios_knl_Semaphore_Module__id__C)
                  000067ca    00000002     empty_pem4f.oem4f (.const:ti_sysbios_knl_Task_Module__id__C)
                  000067cc    00000002     empty_pem4f.oem4f (.const:xdc_runtime_Core_Module__id__C)
                  000067ce    00000002     empty_pem4f.oem4f (.const:xdc_runtime_Error_Module__loggerDefined__C)
                  000067d0    00000002     empty_pem4f.oem4f (.const:xdc_runtime_Error_maxDepth__C)
                  000067d2    00000002     empty_pem4f.oem4f (.const:xdc_runtime_HeapStd_Module__id__C)
                  000067d4    00000002     empty_pem4f.oem4f (.const:xdc_runtime_Memory_Module__id__C)
                  000067d6    00000002     empty_pem4f.oem4f (.const:xdc_runtime_SysMin_flushAtExit__C)
                  000067d8    00000002     empty_pem4f.oem4f (.const:xdc_runtime_Text_charCnt__C)
                  000067da    00000002     empty_pem4f.oem4f (.const:xdc_runtime_Text_isLoaded__C)
                  000067dc    00000002     empty_pem4f.oem4f (.const:xdc_runtime_Text_registryModsLastId__C)
                  000067de    00000002     empty_pem4f.oem4f (.const:xdc_runtime_Text_unnamedModsLastId__C)
                  000067e0    00000001     empty_pem4f.oem4f (.const:xdc_runtime_Error_policy__C)

.cinit     0    000067e8    00000338     
                  000067e8    00000301     (.cinit..data.load) [load image, compression = rle]
                  00006ae9    00000003     --HOLE-- [fill = 0]
                  00006aec    0000000c     (__TI_handler_table)
                  00006af8    00000008     (.cinit..bss.load) [load image, compression = zero_init]
                  00006b00    00000008     (.cinit..vecs.load) [load image, compression = zero_init]
                  00006b08    00000018     (__TI_cinit_table)

.init_array 
*          0    00000000    00000000     UNINITIALIZED

.resetVecs 
*          0    00000000    0000003c     
                  00000000    0000003c     empty_pem4f.oem4f (.resetVecs)

.vecs      0    20000000    00000360     UNINITIALIZED
                  20000000    00000360     empty_pem4f.oem4f (.vecs)

.bss       0    20000360    00000708     UNINITIALIZED
                  20000360    00000360     empty_pem4f.oem4f (.bss:ti_sysbios_family_arm_m3_Hwi_dispatchTable)
                  200006c0    00000200     empty_pem4f.oem4f (.bss:taskStackSection)
                  200008c0    00000120     rtsv7M4_T_le_v4SPD16_eabi.lib : trgmsg.obj (.bss:__CIOBUF_)
                  200009e0    00000080     empty_pem4f.oem4f (.bss:xdc_runtime_SysMin_Module_State_0_outbuf__A)
                  20000a60    00000008     (.common:parmbuf)

.data      0    20000a68    00000413     UNINITIALIZED
                  20000a68    00000138     empty_pem4f.oem4f (.data)
                  20000ba0    00000080     empty_pem4f.oem4f (.data:ti_sysbios_knl_Swi_Module_State_0_readyQ__A)
                  20000c20    00000080     empty_pem4f.oem4f (.data:ti_sysbios_knl_Task_Module_State_0_readyQ__A)
                  20000ca0    0000004c     empty_pem4f.oem4f (.data:ti_sysbios_knl_Task_Object__table__V)
                  20000cec    00000044     empty_pem4f.oem4f (.data:ti_sysbios_knl_Task_Module__state__V)
                  20000d30    00000040     empty_pem4f.oem4f (.data:ti_sysbios_family_arm_lm4_Timer_Module_State_0_device__A)
                  20000d70    00000040     empty_pem4f.oem4f (.data:ti_sysbios_family_arm_lm4_Timer_Object__table__V)
                  20000db0    00000034     empty_pem4f.oem4f (.data:ti_sysbios_family_arm_m3_Hwi_Module__state__V)
                  20000de4    00000030     empty_pem4f.oem4f (.data:ti_sysbios_knl_Swi_Object__table__V)
                  20000e14    0000002c     empty_pem4f.oem4f (.data:ti_sysbios_knl_Clock_Module__state__V)
                  20000e40    00000024     empty_pem4f.oem4f (.data:ti_sysbios_BIOS_Module__state__V)
                  20000e64    00000008     rtsv7M4_T_le_v4SPD16_eabi.lib : _lock.obj (.data)
                  20000e6c    00000008                                   : exit.obj (.data)
                  20000e74    00000004                                   : stkdepth_vars.obj (.data)
                  20000e78    00000003     main.obj (.data)

.stack     0    20000e7c    00000400     UNINITIALIZED
                  20000e7c    00000400     --HOLE--

.bootVecs 
*          0    00000000    00000008     DSECT
                  00000000    00000008     boot.aem4f : boot.oem4f (.bootVecs)

xdc.meta   0    00000000    000000dc     COPY SECTION
                  00000000    000000dc     empty_pem4f.oem4f (xdc.meta)

.TI.noinit 
*          0    20000360    00000000     UNINITIALIZED

.TI.persistent 
*          0    20000a68    00000000     UNINITIALIZED


LINKER GENERATED COPY TABLES

__TI_cinit_table @ 00006b08 records: 3, size/record: 8, table size: 24
	.data: load addr=000067e8, load size=00000301 bytes, run addr=20000a68, run size=00000413 bytes, compression=rle
	.bss: load addr=00006af8, load size=00000008 bytes, run addr=20000360, run size=00000708 bytes, compression=zero_init
	.vecs: load addr=00006b00, load size=00000008 bytes, run addr=20000000, run size=00000360 bytes, compression=zero_init


LINKER GENERATED HANDLER TABLE

__TI_handler_table @ 00006aec records: 3, size/record: 4, table size: 12
	index: 0, handler: __TI_decompress_rle24
	index: 1, handler: __TI_decompress_none
	index: 2, handler: __TI_zero_init


GLOBAL SYMBOLS: SORTED ALPHABETICALLY BY Name 

address   name                                                                 
-------   ----                                                                 
000039b1  C$$EXIT                                                              
000030c7  C$$IO$$                                                              
000041c1  GPIODirModeSet                                                       
000018b5  GPIOPadConfigSet                                                     
00004749  GPIOPinTypeGPIOOutput                                                
00004ab1  GPIOPinWrite                                                         
00000a49  HOSTclock                                                            
00000a11  HOSTclose                                                            
000009d3  HOSTgetenv                                                           
00000977  HOSTlseek                                                            
00000925  HOSTopen                                                             
000008d9  HOSTread                                                             
0000087b  HOSTrename                                                           
00000841  HOSTtime                                                             
00000809  HOSTunlink                                                           
000007bd  HOSTwrite                                                            
UNDEFED   SHT$$INIT_ARRAY$$Base                                                
UNDEFED   SHT$$INIT_ARRAY$$Limit                                               
00000d3d  SysCtlClockFreqSet                                                   
00004ab7  SysCtlDelay                                                          
00003db9  SysCtlPeripheralEnable                                               
00000000  __ASM__                                                              
200008c0  __CIOBUF_                                                            
0000005a  __ISA__                                                              
0000006d  __PLAT__                                                             
2000127c  __STACK_END                                                          
00000400  __STACK_SIZE                                                         
0000008e  __TARG__                                                             
00006b08  __TI_CINIT_Base                                                      
00006b20  __TI_CINIT_Limit                                                     
00006aec  __TI_Handler_Table_Base                                              
00006af8  __TI_Handler_Table_Limit                                             
000026bd  __TI_auto_init                                                       
20000e6c  __TI_cleanup_ptr                                                     
000049d1  __TI_decompress_none                                                 
00004ac3  __TI_decompress_rle24                                                
20000e70  __TI_dtors_ptr                                                       
000030cb  __TI_readmsg                                                         
000067e8  __TI_static_base__                                                   
00003099  __TI_writemsg                                                        
00004a0d  __TI_zero_init                                                       
000000b4  __TRDR__                                                             
00002d27  __aeabi_idiv0                                                        
00002cad  __aeabi_memclr                                                       
00002cad  __aeabi_memclr4                                                      
00002cad  __aeabi_memclr8                                                      
000027fd  __aeabi_memcpy                                                       
000027fd  __aeabi_memcpy4                                                      
000027fd  __aeabi_memcpy8                                                      
00002caf  __aeabi_memset                                                       
00002caf  __aeabi_memset4                                                      
00002caf  __aeabi_memset8                                                      
00003b99  __aeabi_uidiv                                                        
00003b99  __aeabi_uidivmod                                                     
ffffffff  __binit__                                                            
ffffffff  __c_args__                                                           
20000e7c  __stack                                                              
00004abd  __xdc__init                                                          
20000b9c  __xdc__init__addr                                                    
00004761  _args_main                                                           
00003471  _c_int00                                                             
20000e64  _lock                                                                
0000485f  _nop                                                                 
00004857  _register_lock                                                       
00004851  _register_unlock                                                     
20000e68  _unlock                                                              
000039b5  abort                                                                
ffffffff  binit                                                                
00003711  copy_in                                                              
000048fd  delay                                                                
000039bd  exit                                                                 
00002a6f  free                                                                 
00003ded  hardware_init                                                        
20000e78  i16ToggleCount                                                       
00003c19  ledToggle                                                            
00004415  main                                                                 
20000e74  main_func_sp                                                         
00001145  malloc                                                               
000027fd  memcpy                                                               
00002cb5  memset                                                               
00004865  strcpy                                                               
00004879  strlen                                                               
00006664  ti_catalog_arm_cortexm4_tiva_ce_Boot_A_mustNotUseEnhancedClockMode__C
00006668  ti_catalog_arm_cortexm4_tiva_ce_Boot_Module__diagsEnabled__C         
0000666c  ti_catalog_arm_cortexm4_tiva_ce_Boot_Module__diagsIncluded__C        
00006670  ti_catalog_arm_cortexm4_tiva_ce_Boot_Module__diagsMask__C            
000067c0  ti_catalog_arm_cortexm4_tiva_ce_Boot_Module__id__C                   
000048ed  ti_catalog_arm_cortexm4_tiva_ce_Boot_init__I                         
00000f41  ti_catalog_arm_cortexm4_tiva_ce_Boot_sysCtlClockFreqSetI__I          
00002a71  ti_catalog_arm_cortexm4_tiva_ce_Boot_sysCtlClockFreqSet__E           
20000e40  ti_sysbios_BIOS_Module__state__V                                     
000046ad  ti_sysbios_BIOS_RtsGateProxy_Handle__label__S                        
0000431d  ti_sysbios_BIOS_RtsGateProxy_Object__delete__S                       
00001345  ti_sysbios_BIOS_RtsGateProxy_enter__E                                
000014bd  ti_sysbios_BIOS_RtsGateProxy_leave__E                                
00004af9  ti_sysbios_BIOS_RtsGateProxy_query__E                                
00003f2d  ti_sysbios_BIOS_atExitFunc__I                                        
0000428d  ti_sysbios_BIOS_errorRaiseHook__I                                    
00004839  ti_sysbios_BIOS_exitFunc__I                                          
00002d97  ti_sysbios_BIOS_nullFunc__I                                          
000042b1  ti_sysbios_BIOS_registerRTSLock__I                                   
000042d5  ti_sysbios_BIOS_removeRTSLock__I                                     
00004435  ti_sysbios_BIOS_rtsLock__I                                           
00004779  ti_sysbios_BIOS_rtsUnlock__I                                         
00004911  ti_sysbios_BIOS_setThreadType__E                                     
000042f9  ti_sysbios_BIOS_startFunc__I                                         
20000d30  ti_sysbios_family_arm_lm4_Timer_Module_State_0_device__A             
20000a70  ti_sysbios_family_arm_lm4_Timer_Module_State_0_handles__A            
20000a68  ti_sysbios_family_arm_lm4_Timer_Module__root__V                      
00004791  ti_sysbios_family_arm_lm4_Timer_Module__startupDone__F               
00004791  ti_sysbios_family_arm_lm4_Timer_Module__startupDone__S               
20000a90  ti_sysbios_family_arm_lm4_Timer_Module__state__V                     
00003169  ti_sysbios_family_arm_lm4_Timer_Module_startup__E                    
20000d70  ti_sysbios_family_arm_lm4_Timer_Object__table__V                     
00006674  ti_sysbios_family_arm_lm4_Timer_enableFunc__C                        
00003849  ti_sysbios_family_arm_lm4_Timer_enableTimers__I                      
00002569  ti_sysbios_family_arm_lm4_Timer_enableTiva__I                        
00004a19  ti_sysbios_family_arm_lm4_Timer_getMaxTicks__E                       
00002d99  ti_sysbios_family_arm_lm4_Timer_initDevice__I                        
000039f9  ti_sysbios_family_arm_lm4_Timer_isrStub__E                           
00004a95  ti_sysbios_family_arm_lm4_Timer_masterDisable__I                     
00001625  ti_sysbios_family_arm_lm4_Timer_masterEnable__I                      
00006678  ti_sysbios_family_arm_lm4_Timer_numTimerDevices__C                   
00001b01  ti_sysbios_family_arm_lm4_Timer_start__E                             
0000667c  ti_sysbios_family_arm_lm4_Timer_startupNeeded__C                     
00003bd9  ti_sysbios_family_arm_lm4_Timer_startup__E                           
00003f61  ti_sysbios_family_arm_lm4_Timer_stop__E                              
000043b1  ti_sysbios_family_arm_lm4_Timer_write__I                             
00006680  ti_sysbios_family_arm_m3_Hwi_E_NMI__C                                
00006684  ti_sysbios_family_arm_m3_Hwi_E_busFault__C                           
00006688  ti_sysbios_family_arm_m3_Hwi_E_debugMon__C                           
0000668c  ti_sysbios_family_arm_m3_Hwi_E_hardFault__C                          
00006690  ti_sysbios_family_arm_m3_Hwi_E_memFault__C                           
00006694  ti_sysbios_family_arm_m3_Hwi_E_noIsr__C                              
00006698  ti_sysbios_family_arm_m3_Hwi_E_reserved__C                           
0000669c  ti_sysbios_family_arm_m3_Hwi_E_svCall__C                             
000066a0  ti_sysbios_family_arm_m3_Hwi_E_usageFault__C                         
00004679  ti_sysbios_family_arm_m3_Hwi_Handle__label__S                        
20000abc  ti_sysbios_family_arm_m3_Hwi_Module_State_0_excActive__A             
20000ac0  ti_sysbios_family_arm_m3_Hwi_Module_State_0_excContext__A            
20000ac4  ti_sysbios_family_arm_m3_Hwi_Module_State_0_excStack__A              
000067c2  ti_sysbios_family_arm_m3_Hwi_Module__id__C                           
20000a9c  ti_sysbios_family_arm_m3_Hwi_Module__root__V                         
000047a9  ti_sysbios_family_arm_m3_Hwi_Module__startupDone__F                  
000047a9  ti_sysbios_family_arm_m3_Hwi_Module__startupDone__S                  
20000db0  ti_sysbios_family_arm_m3_Hwi_Module__state__V                        
00003621  ti_sysbios_family_arm_m3_Hwi_Module_startup__E                       
000066a4  ti_sysbios_family_arm_m3_Hwi_NUM_INTERRUPTS__C                       
000066a8  ti_sysbios_family_arm_m3_Hwi_Object__count__C                        
0000488d  ti_sysbios_family_arm_m3_Hwi_Object__get__S                          
20000aa4  ti_sysbios_family_arm_m3_Hwi_Object__table__V                        
000066ac  ti_sysbios_family_arm_m3_Hwi_ccr__C                                  
00003891  ti_sysbios_family_arm_m3_Hwi_disableInterrupt__E                     
000031d1  ti_sysbios_family_arm_m3_Hwi_dispatchC__I                            
20000360  ti_sysbios_family_arm_m3_Hwi_dispatchTable                           
00001ef9  ti_sysbios_family_arm_m3_Hwi_dispatch__I                             
00004aa1  ti_sysbios_family_arm_m3_Hwi_doSwiRestore__I                         
00004ac9  ti_sysbios_family_arm_m3_Hwi_doTaskRestore__I                        
000038d9  ti_sysbios_family_arm_m3_Hwi_enableInterrupt__E                      
00001349  ti_sysbios_family_arm_m3_Hwi_excBusFault__I                          
00002279  ti_sysbios_family_arm_m3_Hwi_excDebugMon__I                          
00000041  ti_sysbios_family_arm_m3_Hwi_excDumpRegs__I                          
00004455  ti_sysbios_family_arm_m3_Hwi_excHandlerAsm__I                        
000066b0  ti_sysbios_family_arm_m3_Hwi_excHandlerFunc__C                       
00001149  ti_sysbios_family_arm_m3_Hwi_excHandlerMax__I                        
00004479  ti_sysbios_family_arm_m3_Hwi_excHandler__I                           
00002339  ti_sysbios_family_arm_m3_Hwi_excHardFault__I                         
0000663c  ti_sysbios_family_arm_m3_Hwi_excHookFuncs__A                         
000066b4  ti_sysbios_family_arm_m3_Hwi_excHookFuncs__C                         
00001629  ti_sysbios_family_arm_m3_Hwi_excMemFault__I                          
00003e21  ti_sysbios_family_arm_m3_Hwi_excNmi__I                               
00003cd9  ti_sysbios_family_arm_m3_Hwi_excNoIsr__I                             
00003921  ti_sysbios_family_arm_m3_Hwi_excReserved__I                          
00003c59  ti_sysbios_family_arm_m3_Hwi_excSvCall__I                            
000014c1  ti_sysbios_family_arm_m3_Hwi_excUsageFault__I                        
00003a41  ti_sysbios_family_arm_m3_Hwi_getStackInfo__E                         
00002b09  ti_sysbios_family_arm_m3_Hwi_initNVIC__E                             
000034c9  ti_sysbios_family_arm_m3_Hwi_initStacks__E                           
000066b8  ti_sysbios_family_arm_m3_Hwi_nullIsrFunc__C                          
e000e000  ti_sysbios_family_arm_m3_Hwi_nvic                                    
00004241  ti_sysbios_family_arm_m3_Hwi_pendSV__I                               
00002c29  ti_sysbios_family_arm_m3_Hwi_postInit__I                             
000066bc  ti_sysbios_family_arm_m3_Hwi_priGroup__C                             
20000000  ti_sysbios_family_arm_m3_Hwi_ramVectors                              
00000000  ti_sysbios_family_arm_m3_Hwi_resetVectors                            
00004265  ti_sysbios_family_arm_m3_Hwi_return                                  
00004aa9  ti_sysbios_family_arm_m3_Hwi_startup__E                              
000048a1  ti_sysbios_family_arm_m3_Hwi_switchFromBootStack__E                  
00001afd  ti_sysbios_family_arm_m3_TaskSupport_Module__startupDone__S          
00002b9d  ti_sysbios_family_arm_m3_TaskSupport_buildTaskStack                  
00004a29  ti_sysbios_family_arm_m3_TaskSupport_checkStack__E                   
00004921  ti_sysbios_family_arm_m3_TaskSupport_glue                            
00003f91  ti_sysbios_family_arm_m3_TaskSupport_start__E                        
000047c1  ti_sysbios_family_arm_m3_TaskSupport_swap__E                         
00004539  ti_sysbios_family_xxx_Hwi_switchAndRunFunc                           
00004693  ti_sysbios_gates_GateHwi_Handle__label__S                            
00004b09  ti_sysbios_gates_GateHwi_Instance_init__E                            
0000647c  ti_sysbios_gates_GateHwi_Module__FXNS__C                             
20000ac8  ti_sysbios_gates_GateHwi_Module__root__V                             
000064e8  ti_sysbios_gates_GateHwi_Object__DESC__C                             
000065c4  ti_sysbios_gates_GateHwi_Object__PARAMS__C                           
00003fc1  ti_sysbios_gates_GateHwi_Object__create__S                           
00004499  ti_sysbios_gates_GateHwi_Object__delete__S                           
20000ad0  ti_sysbios_gates_GateHwi_Object__table__V                            
00004a39  ti_sysbios_gates_GateHwi_enter__E                                    
00004ad1  ti_sysbios_gates_GateHwi_leave__E                                    
00004af1  ti_sysbios_gates_GateHwi_query__E                                    
000066c0  ti_sysbios_gates_GateMutex_A_badContext__C                           
000046ad  ti_sysbios_gates_GateMutex_Handle__label__S                          
000066c4  ti_sysbios_gates_GateMutex_Instance_State_sem__O                     
00004931  ti_sysbios_gates_GateMutex_Instance_finalize__E                      
00004579  ti_sysbios_gates_GateMutex_Instance_init__E                          
000064a0  ti_sysbios_gates_GateMutex_Module__FXNS__C                           
000066c8  ti_sysbios_gates_GateMutex_Module__diagsEnabled__C                   
000066cc  ti_sysbios_gates_GateMutex_Module__diagsIncluded__C                  
000066d0  ti_sysbios_gates_GateMutex_Module__diagsMask__C                      
000067c4  ti_sysbios_gates_GateMutex_Module__id__C                             
20000ad4  ti_sysbios_gates_GateMutex_Module__root__V                           
00006508  ti_sysbios_gates_GateMutex_Object__DESC__C                           
000065dc  ti_sysbios_gates_GateMutex_Object__PARAMS__C                         
00003ff1  ti_sysbios_gates_GateMutex_Object__create__S                         
0000431d  ti_sysbios_gates_GateMutex_Object__delete__S                         
20000adc  ti_sysbios_gates_GateMutex_Object__table__V                          
000023f9  ti_sysbios_gates_GateMutex_enter__E                                  
000047d9  ti_sysbios_gates_GateMutex_leave__E                                  
00004af9  ti_sysbios_gates_GateMutex_query__E                                  
000066d4  ti_sysbios_hal_Hwi_E_stackOverflow__C                                
00004679  ti_sysbios_hal_Hwi_HwiProxy_Handle__label__S                         
000047a9  ti_sysbios_hal_Hwi_HwiProxy_Module__startupDone__S                   
00003891  ti_sysbios_hal_Hwi_HwiProxy_disableInterrupt__E                      
000038d9  ti_sysbios_hal_Hwi_HwiProxy_enableInterrupt__E                       
00003a41  ti_sysbios_hal_Hwi_HwiProxy_getStackInfo__E                          
00004aa9  ti_sysbios_hal_Hwi_HwiProxy_startup__E                               
000048a1  ti_sysbios_hal_Hwi_HwiProxy_switchFromBootStack__E                   
000067c6  ti_sysbios_hal_Hwi_Module__id__C                                     
20000af8  ti_sysbios_hal_Hwi_Module__root__V                                   
000048c9  ti_sysbios_hal_Hwi_Module_startup__E                                 
00003e59  ti_sysbios_hal_Hwi_checkStack                                        
00003ef9  ti_sysbios_hal_Hwi_initStack                                         
000066d8  ti_sysbios_knl_Clock_Module_State_clockQ__O                          
20000b00  ti_sysbios_knl_Clock_Module__root__V                                 
20000e14  ti_sysbios_knl_Clock_Module__state__V                                
00004341  ti_sysbios_knl_Clock_Module_startup__E                               
00004791  ti_sysbios_knl_Clock_TimerProxy_Module__startupDone__S               
00001fed  ti_sysbios_knl_Clock_TimerProxy_getMaxTicks__E                       
00003bd9  ti_sysbios_knl_Clock_TimerProxy_startup__E                           
00004111  ti_sysbios_knl_Clock_doTick__I                                       
00004b11  ti_sysbios_knl_Clock_logTick__E                                      
00002e09  ti_sysbios_knl_Clock_workFunc__E                                     
00006644  ti_sysbios_knl_Idle_funcList__A                                      
0000664c  ti_sysbios_knl_Idle_funcList__C                                      
000049e1  ti_sysbios_knl_Idle_loop__E                                          
000044b9  ti_sysbios_knl_Idle_run__E                                           
00004ad9  ti_sysbios_knl_Queue_Instance_init__E                                
20000b08  ti_sysbios_knl_Queue_Module__root__V                                 
00006528  ti_sysbios_knl_Queue_Object__DESC__C                                 
000065f4  ti_sysbios_knl_Queue_Object__PARAMS__C                               
00004595  ti_sysbios_knl_Queue_Object__destruct__S                             
00004a45  ti_sysbios_knl_Queue_Object__get__S                                  
0000413d  ti_sysbios_knl_Queue_construct                                       
00002275  ti_sysbios_knl_Queue_destruct                                        
000049f1  ti_sysbios_knl_Queue_empty__E                                        
000045b1  ti_sysbios_knl_Queue_put__E                                          
000066dc  ti_sysbios_knl_Semaphore_A_badContext__C                             
000066e0  ti_sysbios_knl_Semaphore_A_noEvents__C                               
000066e4  ti_sysbios_knl_Semaphore_A_overflow__C                               
000066e8  ti_sysbios_knl_Semaphore_A_pendTaskDisabled__C                       
000066ec  ti_sysbios_knl_Semaphore_Instance_State_pendQ__O                     
00004941  ti_sysbios_knl_Semaphore_Instance_finalize__E                        
00002899  ti_sysbios_knl_Semaphore_Instance_init__E                            
000066f0  ti_sysbios_knl_Semaphore_Module__diagsEnabled__C                     
000066f4  ti_sysbios_knl_Semaphore_Module__diagsIncluded__C                    
000066f8  ti_sysbios_knl_Semaphore_Module__diagsMask__C                        
000067c8  ti_sysbios_knl_Semaphore_Module__id__C                               
20000b10  ti_sysbios_knl_Semaphore_Module__root__V                             
00006548  ti_sysbios_knl_Semaphore_Object__DESC__C                             
000064c4  ti_sysbios_knl_Semaphore_Object__PARAMS__C                           
000044d9  ti_sysbios_knl_Semaphore_Object__destruct__S                         
00004021  ti_sysbios_knl_Semaphore_construct                                   
00002335  ti_sysbios_knl_Semaphore_destruct                                    
00004051  ti_sysbios_knl_Semaphore_pendTimeout__I                              
00000a91  ti_sysbios_knl_Semaphore_pend__E                                     
00001ff1  ti_sysbios_knl_Semaphore_post__E                                     
000046c7  ti_sysbios_knl_Swi_Handle__label__S                                  
20000ba0  ti_sysbios_knl_Swi_Module_State_0_readyQ__A                          
20000b18  ti_sysbios_knl_Swi_Module__root__V                                   
20000b20  ti_sysbios_knl_Swi_Module__state__V                                  
00004219  ti_sysbios_knl_Swi_Module_startup__E                                 
000066fc  ti_sysbios_knl_Swi_Object__count__C                                  
000048b5  ti_sysbios_knl_Swi_Object__get__S                                    
20000de4  ti_sysbios_knl_Swi_Object__table__V                                  
00004951  ti_sysbios_knl_Swi_disable__E                                        
00003a89  ti_sysbios_knl_Swi_post__E                                           
00002e79  ti_sysbios_knl_Swi_restoreHwi__E                                     
00003c99  ti_sysbios_knl_Swi_restore__E                                        
00003761  ti_sysbios_knl_Swi_runLoop__I                                        
00003299  ti_sysbios_knl_Swi_run__I                                            
000032f9  ti_sysbios_knl_Swi_schedule__I                                       
00004ae1  ti_sysbios_knl_Swi_startup__E                                        
00006700  ti_sysbios_knl_Task_E_spOutOfBounds__C                               
00006704  ti_sysbios_knl_Task_E_stackOverflow__C                               
000046e1  ti_sysbios_knl_Task_Handle__label__S                                 
200006c0  ti_sysbios_knl_Task_Instance_State_0_stack__A                        
20000b44  ti_sysbios_knl_Task_Module_State_0_idleTask__A                       
20000c20  ti_sysbios_knl_Task_Module_State_0_readyQ__A                         
00006708  ti_sysbios_knl_Task_Module_State_inactiveQ__O                        
000067ca  ti_sysbios_knl_Task_Module__id__C                                    
20000b3c  ti_sysbios_knl_Task_Module__root__V                                  
20000cec  ti_sysbios_knl_Task_Module__state__V                                 
00003359  ti_sysbios_knl_Task_Module_startup__E                                
0000670c  ti_sysbios_knl_Task_Object__count__C                                 
00004961  ti_sysbios_knl_Task_Object__get__S                                   
20000ca0  ti_sysbios_knl_Task_Object__table__V                                 
00001afd  ti_sysbios_knl_Task_SupportProxy_Module__startupDone__S              
00004a29  ti_sysbios_knl_Task_SupportProxy_checkStack__E                       
00003f91  ti_sysbios_knl_Task_SupportProxy_start__E                            
000047c1  ti_sysbios_knl_Task_SupportProxy_swap__E                             
00006710  ti_sysbios_knl_Task_allBlockedFunc__C                                
000037b1  ti_sysbios_knl_Task_allBlockedFunction__I                            
000024b1  ti_sysbios_knl_Task_checkStacks__E                                   
00004971  ti_sysbios_knl_Task_disable__E                                       
000045d1  ti_sysbios_knl_Task_enter__I                                         
00002ee9  ti_sysbios_knl_Task_exit__E                                          
00006714  ti_sysbios_knl_Task_numConstructedTasks__C                           
00002939  ti_sysbios_knl_Task_postInit__I                                      
00003d11  ti_sysbios_knl_Task_processVitalTaskFlag__I                          
00004369  ti_sysbios_knl_Task_restoreHwi__E                                    
00004169  ti_sysbios_knl_Task_restore__E                                       
00003239  ti_sysbios_knl_Task_schedule__I                                      
000033b9  ti_sysbios_knl_Task_startCore__E                                     
00004b01  ti_sysbios_knl_Task_startup__E                                       
000047cd  ti_sysbios_knl_Task_swapReturn                                       
00004081  ti_sysbios_knl_Task_unblockI__E                                      
20000e7a  ui8PinData                                                           
00006718  xdc_runtime_Assert_E_assertFailed__C                                 
00003579  xdc_runtime_Assert_raise__I                                          
0000671c  xdc_runtime_Core_A_initializedParams__C                              
00006720  xdc_runtime_Core_Module__diagsEnabled__C                             
00006724  xdc_runtime_Core_Module__diagsIncluded__C                            
00006728  xdc_runtime_Core_Module__diagsMask__C                                
000067cc  xdc_runtime_Core_Module__id__C                                       
00003e8d  xdc_runtime_Core_assignLabel__I                                      
00003969  xdc_runtime_Core_assignParams__I                                     
000020dd  xdc_runtime_Core_constructObject__I                                  
00001c09  xdc_runtime_Core_createObject__I                                     
00003101  xdc_runtime_Core_deleteObject__I                                     
0000672c  xdc_runtime_Error_E_memory__C                                        
00006730  xdc_runtime_Error_Module__diagsEnabled__C                            
00006734  xdc_runtime_Error_Module__diagsIncluded__C                           
00006738  xdc_runtime_Error_Module__diagsMask__C                               
000067ce  xdc_runtime_Error_Module__loggerDefined__C                           
0000673c  xdc_runtime_Error_Module__loggerFxn8__C                              
00006740  xdc_runtime_Error_Module__loggerObj__C                               
20000b48  xdc_runtime_Error_Module__state__V                                   
000047f1  xdc_runtime_Error_check__E                                           
000023f5  xdc_runtime_Error_getSite__E                                         
00004a51  xdc_runtime_Error_init__E                                            
000067d0  xdc_runtime_Error_maxDepth__C                                        
000019e5  xdc_runtime_Error_policyDefault__E                                   
[...]
000048ed  ti_catalog_arm_cortexm4_tiva_ce_Boot_init__I                         
000048fd  delay                                                                
00004911  ti_sysbios_BIOS_setThreadType__E                                     
00004921  ti_sysbios_family_arm_m3_TaskSupport_glue                            
00004931  ti_sysbios_gates_GateMutex_Instance_finalize__E                      
00004941  ti_sysbios_knl_Semaphore_Instance_finalize__E                        
00004951  ti_sysbios_knl_Swi_disable__E                                        
00004961  ti_sysbios_knl_Task_Object__get__S                                   
00004971  ti_sysbios_knl_Task_disable__E                                       
00004981  xdc_runtime_Gate_leaveSystem__E                                      
00004991  xdc_runtime_Memory_free__E                                           
000049a1  xdc_runtime_SysMin_ready__E                                          
000049a1  xdc_runtime_System_SupportProxy_ready__E                             
000049b1  xdc_runtime_System_vsnprintf__E                                      
000049c1  xdc_runtime_Text_visitRope__I                                        
000049d1  __TI_decompress_none                                                 
000049e1  ti_sysbios_knl_Idle_loop__E                                          
000049f1  ti_sysbios_knl_Queue_empty__E                                        
000049ff  xdc_runtime_HeapStd_getStats__E                                      
00004a0d  __TI_zero_init                                                       
00004a19  ti_sysbios_family_arm_lm4_Timer_getMaxTicks__E                       
00004a29  ti_sysbios_family_arm_m3_TaskSupport_checkStack__E                   
00004a29  ti_sysbios_knl_Task_SupportProxy_checkStack__E                       
00004a39  ti_sysbios_gates_GateHwi_enter__E                                    
00004a45  ti_sysbios_knl_Queue_Object__get__S                                  
00004a51  xdc_runtime_Error_init__E                                            
00004a5d  xdc_runtime_Gate_enterSystem__E                                      
00004a69  xdc_runtime_Memory_calloc__E                                         
00004a75  xdc_runtime_Memory_getMaxDefaultTypeAlign__E                         
00004a81  xdc_runtime_Memory_HeapProxy_alloc__E                                
00004a8b  xdc_runtime_Memory_HeapProxy_free__E                                 
00004a95  ti_sysbios_family_arm_lm4_Timer_masterDisable__I                     
00004aa1  ti_sysbios_family_arm_m3_Hwi_doSwiRestore__I                         
00004aa9  ti_sysbios_family_arm_m3_Hwi_startup__E                              
00004aa9  ti_sysbios_hal_Hwi_HwiProxy_startup__E                               
00004ab1  GPIOPinWrite                                                         
00004ab7  SysCtlDelay                                                          
00004abd  __xdc__init                                                          
00004ac3  __TI_decompress_rle24                                                
00004ac9  ti_sysbios_family_arm_m3_Hwi_doTaskRestore__I                        
00004ad1  ti_sysbios_gates_GateHwi_leave__E                                    
00004ad9  ti_sysbios_knl_Queue_Instance_init__E                                
00004ae1  ti_sysbios_knl_Swi_startup__E                                        
00004ae7  xdc_runtime_System_Module_startup__E                                 
00004af1  ti_sysbios_gates_GateHwi_query__E                                    
00004af1  xdc_runtime_Main_Module_GateProxy_query__E                           
00004af1  xdc_runtime_System_Module_GateProxy_query__E                         
00004af9  ti_sysbios_BIOS_RtsGateProxy_query__E                                
00004af9  ti_sysbios_gates_GateMutex_query__E                                  
00004b01  ti_sysbios_knl_Task_startup__E                                       
00004b09  ti_sysbios_gates_GateHwi_Instance_init__E                            
00004b11  ti_sysbios_knl_Clock_logTick__E                                      
00004b14  xdc_runtime_Text_charTab__A                                          
0000621c  xdc_runtime_Text_nodeTab__A                                          
00006454  xdc_runtime_HeapStd_Module__FXNS__C                                  
0000647c  ti_sysbios_gates_GateHwi_Module__FXNS__C                             
000064a0  ti_sysbios_gates_GateMutex_Module__FXNS__C                           
000064c4  ti_sysbios_knl_Semaphore_Object__PARAMS__C                           
000064e8  ti_sysbios_gates_GateHwi_Object__DESC__C                             
00006508  ti_sysbios_gates_GateMutex_Object__DESC__C                           
00006528  ti_sysbios_knl_Queue_Object__DESC__C                                 
00006548  ti_sysbios_knl_Semaphore_Object__DESC__C                             
00006568  xdc_runtime_HeapStd_Object__DESC__C                                  
00006588  xdc_runtime_Startup_sfxnTab__A                                       
000065a8  xdc_runtime_HeapStd_Object__PARAMS__C                                
000065c4  ti_sysbios_gates_GateHwi_Object__PARAMS__C                           
000065dc  ti_sysbios_gates_GateMutex_Object__PARAMS__C                         
000065f4  ti_sysbios_knl_Queue_Object__PARAMS__C                               
0000660c  xdc_runtime_Startup_firstFxns__A                                     
0000661c  xdc_runtime_Startup_sfxnRts__A                                       
0000663c  ti_sysbios_family_arm_m3_Hwi_excHookFuncs__A                         
00006644  ti_sysbios_knl_Idle_funcList__A                                      
0000664c  ti_sysbios_knl_Idle_funcList__C                                      
00006654  xdc_runtime_Startup_firstFxns__C                                     
0000665c  xdc_runtime_Startup_lastFxns__C                                      
00006664  ti_catalog_arm_cortexm4_tiva_ce_Boot_A_mustNotUseEnhancedClockMode__C
00006668  ti_catalog_arm_cortexm4_tiva_ce_Boot_Module__diagsEnabled__C         
0000666c  ti_catalog_arm_cortexm4_tiva_ce_Boot_Module__diagsIncluded__C        
00006670  ti_catalog_arm_cortexm4_tiva_ce_Boot_Module__diagsMask__C            
00006674  ti_sysbios_family_arm_lm4_Timer_enableFunc__C                        
00006678  ti_sysbios_family_arm_lm4_Timer_numTimerDevices__C                   
0000667c  ti_sysbios_family_arm_lm4_Timer_startupNeeded__C                     
00006680  ti_sysbios_family_arm_m3_Hwi_E_NMI__C                                
00006684  ti_sysbios_family_arm_m3_Hwi_E_busFault__C                           
00006688  ti_sysbios_family_arm_m3_Hwi_E_debugMon__C                           
0000668c  ti_sysbios_family_arm_m3_Hwi_E_hardFault__C                          
00006690  ti_sysbios_family_arm_m3_Hwi_E_memFault__C                           
00006694  ti_sysbios_family_arm_m3_Hwi_E_noIsr__C                              
00006698  ti_sysbios_family_arm_m3_Hwi_E_reserved__C                           
0000669c  ti_sysbios_family_arm_m3_Hwi_E_svCall__C                             
000066a0  ti_sysbios_family_arm_m3_Hwi_E_usageFault__C                         
000066a4  ti_sysbios_family_arm_m3_Hwi_NUM_INTERRUPTS__C                       
000066a8  ti_sysbios_family_arm_m3_Hwi_Object__count__C                        
000066ac  ti_sysbios_family_arm_m3_Hwi_ccr__C                                  
000066b0  ti_sysbios_family_arm_m3_Hwi_excHandlerFunc__C                       
000066b4  ti_sysbios_family_arm_m3_Hwi_excHookFuncs__C                         
000066b8  ti_sysbios_family_arm_m3_Hwi_nullIsrFunc__C                          
000066bc  ti_sysbios_family_arm_m3_Hwi_priGroup__C                             
000066c0  ti_sysbios_gates_GateMutex_A_badContext__C                           
000066c4  ti_sysbios_gates_GateMutex_Instance_State_sem__O                     
000066c8  ti_sysbios_gates_GateMutex_Module__diagsEnabled__C                   
000066cc  ti_sysbios_gates_GateMutex_Module__diagsIncluded__C                  
000066d0  ti_sysbios_gates_GateMutex_Module__diagsMask__C                      
000066d4  ti_sysbios_hal_Hwi_E_stackOverflow__C                                
000066d8  ti_sysbios_knl_Clock_Module_State_clockQ__O                          
000066dc  ti_sysbios_knl_Semaphore_A_badContext__C                             
000066e0  ti_sysbios_knl_Semaphore_A_noEvents__C                               
000066e4  ti_sysbios_knl_Semaphore_A_overflow__C                               
000066e8  ti_sysbios_knl_Semaphore_A_pendTaskDisabled__C                       
000066ec  ti_sysbios_knl_Semaphore_Instance_State_pendQ__O                     
000066f0  ti_sysbios_knl_Semaphore_Module__diagsEnabled__C                     
000066f4  ti_sysbios_knl_Semaphore_Module__diagsIncluded__C                    
000066f8  ti_sysbios_knl_Semaphore_Module__diagsMask__C                        
000066fc  ti_sysbios_knl_Swi_Object__count__C                                  
00006700  ti_sysbios_knl_Task_E_spOutOfBounds__C                               
00006704  ti_sysbios_knl_Task_E_stackOverflow__C                               
00006708  ti_sysbios_knl_Task_Module_State_inactiveQ__O                        
0000670c  ti_sysbios_knl_Task_Object__count__C                                 
00006710  ti_sysbios_knl_Task_allBlockedFunc__C                                
00006714  ti_sysbios_knl_Task_numConstructedTasks__C                           
00006718  xdc_runtime_Assert_E_assertFailed__C                                 
0000671c  xdc_runtime_Core_A_initializedParams__C                              
00006720  xdc_runtime_Core_Module__diagsEnabled__C                             
00006724  xdc_runtime_Core_Module__diagsIncluded__C                            
00006728  xdc_runtime_Core_Module__diagsMask__C                                
0000672c  xdc_runtime_Error_E_memory__C                                        
00006730  xdc_runtime_Error_Module__diagsEnabled__C                            
00006734  xdc_runtime_Error_Module__diagsIncluded__C                           
00006738  xdc_runtime_Error_Module__diagsMask__C                               
0000673c  xdc_runtime_Error_Module__loggerFxn8__C                              
00006740  xdc_runtime_Error_Module__loggerObj__C                               
00006744  xdc_runtime_Error_policyFxn__C                                       
00006748  xdc_runtime_Error_raiseHook__C                                       
0000674c  xdc_runtime_HeapStd_A_align__C                                       
00006750  xdc_runtime_HeapStd_A_invalidTotalFreeSize__C                        
00006754  xdc_runtime_HeapStd_A_zeroSize__C                                    
00006758  xdc_runtime_HeapStd_E_noRTSMemory__C                                 
0000675c  xdc_runtime_HeapStd_Module__diagsEnabled__C                          
00006760  xdc_runtime_HeapStd_Module__diagsIncluded__C                         
00006764  xdc_runtime_HeapStd_Module__diagsMask__C                             
00006768  xdc_runtime_IGateProvider_Interface__BASE__C                         
0000676c  xdc_runtime_IHeap_Interface__BASE__C                                 
00006770  xdc_runtime_IModule_Interface__BASE__C                               
00006774  xdc_runtime_Log_L_error__C                                           
00006778  xdc_runtime_Memory_defaultHeapInstance__C                            
0000677c  xdc_runtime_Startup_execImpl__C                                      
00006780  xdc_runtime_Startup_maxPasses__C                                     
00006784  xdc_runtime_Startup_sfxnRts__C                                       
00006788  xdc_runtime_Startup_sfxnTab__C                                       
0000678c  xdc_runtime_SysMin_bufSize__C                                        
00006790  xdc_runtime_SysMin_outputFunc__C                                     
00006794  xdc_runtime_System_Module__gateObj__C                                
00006798  xdc_runtime_System_abortFxn__C                                       
0000679c  xdc_runtime_System_exitFxn__C                                        
000067a0  xdc_runtime_System_extendFxn__C                                      
000067a4  xdc_runtime_System_maxAtexitHandlers__C                              
000067a8  xdc_runtime_Text_charTab__C                                          
000067ac  xdc_runtime_Text_nameEmpty__C                                        
000067b0  xdc_runtime_Text_nameStatic__C                                       
000067b4  xdc_runtime_Text_nameUnknown__C                                      
000067b8  xdc_runtime_Text_nodeTab__C                                          
000067bc  xdc_runtime_Text_visitRopeFxn__C                                     
000067c0  ti_catalog_arm_cortexm4_tiva_ce_Boot_Module__id__C                   
000067c2  ti_sysbios_family_arm_m3_Hwi_Module__id__C                           
000067c4  ti_sysbios_gates_GateMutex_Module__id__C                             
000067c6  ti_sysbios_hal_Hwi_Module__id__C                                     
000067c8  ti_sysbios_knl_Semaphore_Module__id__C                               
000067ca  ti_sysbios_knl_Task_Module__id__C                                    
000067cc  xdc_runtime_Core_Module__id__C                                       
000067ce  xdc_runtime_Error_Module__loggerDefined__C                           
000067d0  xdc_runtime_Error_maxDepth__C                                        
000067d2  xdc_runtime_HeapStd_Module__id__C                                    
000067d4  xdc_runtime_Memory_Module__id__C                                     
000067d6  xdc_runtime_SysMin_flushAtExit__C                                    
000067d8  xdc_runtime_Text_charCnt__C                                          
000067da  xdc_runtime_Text_isLoaded__C                                         
000067dc  xdc_runtime_Text_registryModsLastId__C                               
000067de  xdc_runtime_Text_unnamedModsLastId__C                                
000067e0  xdc_runtime_Error_policy__C                                          
000067e8  __TI_static_base__                                                   
00006aec  __TI_Handler_Table_Base                                              
00006af8  __TI_Handler_Table_Limit                                             
00006b08  __TI_CINIT_Base                                                      
00006b20  __TI_CINIT_Limit                                                     
20000000  ti_sysbios_family_arm_m3_Hwi_ramVectors                              
20000360  ti_sysbios_family_arm_m3_Hwi_dispatchTable                           
200006c0  ti_sysbios_knl_Task_Instance_State_0_stack__A                        
200008c0  __CIOBUF_                                                            
200009e0  xdc_runtime_SysMin_Module_State_0_outbuf__A                          
20000a68  ti_sysbios_family_arm_lm4_Timer_Module__root__V                      
20000a70  ti_sysbios_family_arm_lm4_Timer_Module_State_0_handles__A            
20000a90  ti_sysbios_family_arm_lm4_Timer_Module__state__V                     
20000a9c  ti_sysbios_family_arm_m3_Hwi_Module__root__V                         
20000aa4  ti_sysbios_family_arm_m3_Hwi_Object__table__V                        
20000abc  ti_sysbios_family_arm_m3_Hwi_Module_State_0_excActive__A             
20000ac0  ti_sysbios_family_arm_m3_Hwi_Module_State_0_excContext__A            
20000ac4  ti_sysbios_family_arm_m3_Hwi_Module_State_0_excStack__A              
20000ac8  ti_sysbios_gates_GateHwi_Module__root__V                             
20000ad0  ti_sysbios_gates_GateHwi_Object__table__V                            
20000ad4  ti_sysbios_gates_GateMutex_Module__root__V                           
20000adc  ti_sysbios_gates_GateMutex_Object__table__V                          
20000af8  ti_sysbios_hal_Hwi_Module__root__V                                   
20000b00  ti_sysbios_knl_Clock_Module__root__V                                 
20000b08  ti_sysbios_knl_Queue_Module__root__V                                 
20000b10  ti_sysbios_knl_Semaphore_Module__root__V                             
20000b18  ti_sysbios_knl_Swi_Module__root__V                                   
20000b20  ti_sysbios_knl_Swi_Module__state__V                                  
20000b3c  ti_sysbios_knl_Task_Module__root__V                                  
20000b44  ti_sysbios_knl_Task_Module_State_0_idleTask__A                       
20000b48  xdc_runtime_Error_Module__state__V                                   
20000b4c  xdc_runtime_HeapStd_Module__root__V                                  
20000b54  xdc_runtime_HeapStd_Object__table__V                                 
20000b60  xdc_runtime_HeapStd_Module__state__V                                 
20000b64  xdc_runtime_Memory_Module__state__V                                  
20000b68  xdc_runtime_Registry_Module__state__V                                
20000b70  xdc_runtime_Startup_Module__state__V                                 
20000b78  xdc_runtime_SysMin_Module__state__V                                  
20000b84  xdc_runtime_System_Module_State_0_atexitHandlers__A                  
20000b8c  xdc_runtime_System_Module__state__V                                  
20000b94  xdc_runtime_Text_Module__state__V                                    
20000b9c  __xdc__init__addr                                                    
20000ba0  ti_sysbios_knl_Swi_Module_State_0_readyQ__A                          
20000c20  ti_sysbios_knl_Task_Module_State_0_readyQ__A                         
20000ca0  ti_sysbios_knl_Task_Object__table__V                                 
20000cec  ti_sysbios_knl_Task_Module__state__V                                 
20000d30  ti_sysbios_family_arm_lm4_Timer_Module_State_0_device__A             
20000d70  ti_sysbios_family_arm_lm4_Timer_Object__table__V                     
20000db0  ti_sysbios_family_arm_m3_Hwi_Module__state__V                        
20000de4  ti_sysbios_knl_Swi_Object__table__V                                  
20000e14  ti_sysbios_knl_Clock_Module__state__V                                
20000e40  ti_sysbios_BIOS_Module__state__V                                     
20000e64  _lock                                                                
20000e68  _unlock                                                              
20000e6c  __TI_cleanup_ptr                                                     
20000e70  __TI_dtors_ptr                                                       
20000e74  main_func_sp                                                         
20000e78  i16ToggleCount                                                       
20000e7a  ui8PinData                                                           
20000e7c  __stack                                                              
2000127c  __STACK_END                                                          
e000e000  ti_sysbios_family_arm_m3_Hwi_nvic                                    
ffffffff  __binit__                                                            
ffffffff  __c_args__                                                           
ffffffff  binit                                                                
UNDEFED   SHT$$INIT_ARRAY$$Base                                                
UNDEFED   SHT$$INIT_ARRAY$$Limit                                               

[495 symbols]
