******************************************************************************
                  TI ARM Linker PC v5.2.5                      
******************************************************************************
>> Linked Sat Apr 23 18:06:30 2016

OUTPUT FILE NAME:   <blink_TM4C_SWI.out>
ENTRY POINT SYMBOL: "_c_int00"  address: 000046f9


MEMORY CONFIGURATION

         name            origin    length      used     unused   attr    fill
----------------------  --------  ---------  --------  --------  ----  --------
  FLASH                 00000000   00040000  00008922  000376de  R  X
  SRAM                  20000000   00008000  00002a0a  000055f6  RW X


SEGMENT ALLOCATION MAP

run origin  load origin   length   init length attrs members
----------  ----------- ---------- ----------- ----- -------
00000000    00000000    00008928   00008928    r-x
  00000000    00000000    0000003c   0000003c    r-- .resetVecs
  00000040    00000040    00005dc2   00005dc2    r-x .text
  00005e04    00005e04    000026b4   000026b4    r-- .const
  000084b8    000084b8    00000470   00000470    r-- .cinit
20000000    20000000    00000360   00000000    rw-
  20000000    20000000    00000360   00000000    rw- .vecs
20000380    20000380    000026ac   00000000    rw-
  20000380    20000380    00001c30   00000000    rw- .bss
  20001fb0    20001fb0    0000067a   00000000    rw- .data
  2000262c    2000262c    00000400   00000000    rw- .stack


SECTION ALLOCATION MAP

 output                                  attributes/
section   page    origin      length       input sections
--------  ----  ----------  ----------   ----------------
.resetVecs 
*          0    00000000    0000003c     
                  00000000    0000003c     empty_pem4f.oem4f (.resetVecs)

.text      0    00000040    00005dc2     
                  00000040    00000430     sysbios.aem4f : BIOS.obj (.text:ti_sysbios_family_arm_m3_Hwi_excDumpRegs__I)
                  00000470    0000034c     ti.targets.arm.rtsarm.aem4f : System.oem4f (.text:xdc_runtime_System_doPrint__I)
                  000007bc    00000004     driverlib.lib : timer.obj (.text:TimerIntClear)
                  000007c0    00000314     sysbios.aem4f : BIOS.obj (.text:ti_sysbios_knl_Semaphore_pend__E)
                  00000ad4    000002d4     rtsv7M4_T_le_v4SPD16_eabi.lib : trgdrv.obj (.text)
                  00000da8    000001fc     sysbios.aem4f : BIOS.obj (.text:ti_sysbios_family_arm_m3_Hwi_excHandlerMax__I)
                  00000fa4    00000004     empty_pem4f.oem4f (.text:malloc)
                  00000fa8    0000017c     sysbios.aem4f : BIOS.obj (.text:ti_sysbios_family_arm_lm4_TimestampProvider_get64__E)
                  00001124    00000004     empty_pem4f.oem4f (.text:ti_sysbios_BIOS_RtsGateProxy_enter__E)
                  00001128    00000174     sysbios.aem4f : BIOS.obj (.text:ti_sysbios_family_arm_m3_Hwi_excBusFault__I)
                  0000129c    00000004     empty_pem4f.oem4f (.text:ti_sysbios_BIOS_RtsGateProxy_leave__E)
                  000012a0    00000168     sysbios.aem4f : BIOS.obj (.text:ti_sysbios_family_arm_lm4_Timer_start__E)
                  00001408    00000164                   : BIOS.obj (.text:ti_sysbios_family_arm_m3_Hwi_excUsageFault__I)
                  0000156c    00000004                   : BIOS.obj (.text:ti_sysbios_family_arm_lm4_Timer_masterEnable__I)
                  00001570    00000148                   : BIOS.obj (.text:ti_sysbios_family_arm_m3_Hwi_excMemFault__I)
                  000016b8    00000144     ti.targets.arm.rtsarm.aem4f : HeapStd.oem4f (.text:xdc_runtime_HeapStd_alloc__E)
                  000017fc    00000004     empty_pem4f.oem4f (.text:ti_sysbios_family_arm_m3_TaskSupport_Module__startupDone__S)
                  00001800    00000140     sysbios.aem4f : BIOS.obj (.text:ti_sysbios_knl_Semaphore_post__E)
                  00001940    00000138                   : BIOS.obj (.text:ti_sysbios_family_arm_m3_Hwi_dispatchC__I)
                  00001a78    00000138     empty_pem4f.oem4f (.text:ti_uia_loggers_LoggerStopMode_writeMemoryRange__E)
                  00001bb0    00000134     sysbios.aem4f : BIOS.obj (.text:ti_sysbios_knl_Clock_workFunc__E)
                  00001ce4    00000130     driverlib.lib : gpio.obj (.text:GPIOPadConfigSet)
                  00001e14    00000004     empty_pem4f.oem4f (.text:ti_sysbios_knl_Clock_TimerProxy_getMaxTicks__E)
                  00001e18    0000011c     sysbios.aem4f : BIOS.obj (.text:ti_sysbios_knl_Swi_run__I)
                  00001f34    00000118     ti.targets.arm.rtsarm.aem4f : Error.oem4f (.text:xdc_runtime_Error_policyDefault__E)
                  0000204c    0000010c     driverlib.lib : sysctl.obj (.text:SysCtlClockGet)
                  00002158    0000010c     empty_pem4f.oem4f (.text:ti_uia_loggers_LoggerStopMode_write8__E)
                  00002264    00000100     Boot.aem4f : Boot_sysctl.oem4f (.text:ti_catalog_arm_cortexm4_tiva_ce_Boot_sysCtlClockSetI__I)
                  00002364    00000100     ti.targets.arm.rtsarm.aem4f : Core-mem.oem4f (.text:xdc_runtime_Core_createObject__I)
                  00002464    000000f8                                 : Startup.oem4f (.text:xdc_runtime_Startup_startMods__I)
                  0000255c    000000f8     empty_pem4f.oem4f (.text:xdc_runtime_System_printfExtend__I)
                  00002654    000000f4     sysbios.aem4f : m3_Hwi_asm.obj (.text:ti_sysbios_family_arm_m3_Hwi_dispatch__I)
                  00002748    000000f4     empty_pem4f.oem4f (.text:ti_uia_loggers_LoggerStopMode_write4__E)
                  0000283c    000000f0     driverlib.lib : sysctl.obj (.text:SysCtlClockSet)
                  0000292c    000000e8     empty_pem4f.oem4f (.text:ti_uia_loggers_LoggerStopMode_write2__E)
                  00002a14    000000e4     empty_pem4f.oem4f (.text:ti_uia_loggers_LoggerStopMode_write1__E)
                  00002af8    000000d8     sysbios.aem4f : BIOS.obj (.text:ti_sysbios_family_arm_lm4_TimestampProvider_get32__E)
                  00002bd0    000000d8     empty_pem4f.oem4f (.text:ti_uia_loggers_LoggerStopMode_write0__E)
                  00002ca8    000000cc     sysbios.aem4f : BIOS.obj (.text:ti_sysbios_knl_Task_schedule__I)
                  00002d74    000000cc     ti.targets.arm.rtsarm.aem4f : Core-smem.oem4f (.text:xdc_runtime_Core_constructObject__I)
                  00002e40    000000cc                                 : HeapStd.oem4f (.text:xdc_runtime_HeapStd_Instance_init__E)
                  00002f0c    00000004     empty_pem4f.oem4f (.text:ti_sysbios_knl_Clock_TimerProxy_getPeriod__E)
                  00002f10    000000bc     sysbios.aem4f : BIOS.obj (.text:ti_sysbios_family_arm_m3_Hwi_excDebugMon__I)
                  00002fcc    00000004     empty_pem4f.oem4f (.text:ti_sysbios_knl_Queue_destruct)
                  00002fd0    000000bc     sysbios.aem4f : BIOS.obj (.text:ti_sysbios_family_arm_m3_Hwi_excHardFault__I)
                  0000308c    00000004     empty_pem4f.oem4f (.text:ti_sysbios_knl_Semaphore_destruct)
                  00003090    000000bc     sysbios.aem4f : BIOS.obj (.text:ti_sysbios_knl_Task_startCore__E)
                  0000314c    00000004     ti.uia.loggers.aem4f : LoggerStopMode.oem4f (.text:ti_uia_loggers_LoggerStopMode_getContents__E)
                  00003150    000000bc     sysbios.aem4f : BIOS.obj (.text:ti_sysbios_utils_Load_updateLoads__E)
                  0000320c    00000004     empty_pem4f.oem4f (.text:ti_uia_loggers_LoggerStopMode_getFilterLevel__E)
                  00003210    000000b4     sysbios.aem4f : BIOS.obj (.text:ti_sysbios_gates_GateMutex_enter__E)
                  000032c4    00000004     ti.uia.loggers.aem4f : LoggerStopMode.oem4f (.text:ti_uia_loggers_LoggerStopMode_getInstanceId__E)
                  000032c8    000000b4     sysbios.aem4f : BIOS.obj (.text:ti_sysbios_knl_Task_checkStacks__E)
                  0000337c    00000004     ti.uia.loggers.aem4f : LoggerStopMode.oem4f (.text:ti_uia_loggers_LoggerStopMode_getMaxLength__E)
                  00003380    000000b0     sysbios.aem4f : BIOS.obj (.text:ti_sysbios_utils_Load_idleFxn__E)
                  00003430    000000ac                   : BIOS.obj (.text:ti_sysbios_family_arm_lm4_Timer_enableTiva__I)
                  000034dc    00000004     ti.uia.loggers.aem4f : LoggerStopMode.oem4f (.text:ti_uia_loggers_LoggerStopMode_getPriority__E)
                  000034e0    000000ac     sysbios.aem4f : BIOS.obj (.text:ti_sysbios_knl_Swi_post__E)
                  0000358c    00000004     ti.uia.loggers.aem4f : LoggerStopMode.oem4f (.text:ti_uia_loggers_LoggerStopMode_getTransferType__E)
                  00003590    000000a8     sysbios.aem4f : BIOS.obj (.text:ti_sysbios_family_arm_lm4_Timer_enableTimers__I)
                  00003638    000000a8                   : BIOS.obj (.text:ti_sysbios_knl_Task_blockI__E)
                  000036e0    000000a8                   : BIOS.obj (.text:ti_sysbios_knl_Task_postInit__I)
                  00003788    000000a8     ti.targets.arm.rtsarm.aem4f : HeapStd.oem4f (.text:xdc_runtime_HeapStd_free__E)
                  00003830    000000a0     auto_init.aem4f : auto_init.oem4f (.text)
                  000038d0    000000a0     ti.targets.arm.rtsarm.aem4f : Text.oem4f (.text:xdc_runtime_Text_putMod__E)
                  00003970    0000009c     rtsv7M4_T_le_v4SPD16_eabi.lib : memcpy_t2.obj (.text)
                  00003a0c    00000004     ti.targets.arm.rtsarm.aem4f : Error.oem4f (.text:xdc_runtime_Error_getSite__E)
                  00003a10    0000009c     sysbios.aem4f : BIOS.obj (.text:ti_sysbios_knl_Semaphore_Instance_init__E)
                  00003aac    0000009a     ti.targets.arm.rtsarm.aem4f : Text.oem4f (.text:xdc_runtime_Text_putSite__E)
                  00003b46    00000002     empty_pem4f.oem4f (.text:free)
                  00003b48    00000098     Boot.aem4f : Boot.oem4f (.text:ti_catalog_arm_cortexm4_tiva_ce_Boot_sysCtlClockSet__E)
                  00003be0    00000094     sysbios.aem4f : BIOS.obj (.text:ti_sysbios_family_arm_m3_Hwi_initNVIC__E)
                  00003c74    00000004     ti.targets.arm.rtsarm.aem4f : HeapStd.oem4f (.text:xdc_runtime_HeapStd_isBlocking__E)
                  00003c78    00000094     sysbios.aem4f : BIOS.obj (.text:ti_sysbios_knl_Task_exit__E)
                  00003d0c    00000004     empty_pem4f.oem4f (.text:xdc_runtime_System_Module_GateProxy_enter__E)
                  00003d10    00000090     sysbios.aem4f : BIOS.obj (.text:ti_sysbios_knl_Task_unblockI__E)
                  00003da0    00000090     ti.uia.loggers.aem4f : LoggerStopMode.oem4f (.text:ti_uia_loggers_LoggerStopMode_initQueueDescriptor__E)
                  00003e30    0000008c     sysbios.aem4f : m3_TaskSupport_asm.obj (.text:ti_sysbios_family_arm_m3_TaskSupport_buildTaskStack)
                  00003ebc    00000004     empty_pem4f.oem4f (.text:xdc_runtime_System_Module_GateProxy_leave__E)
                  00003ec0    00000084     sysbios.aem4f : BIOS.obj (.text:ti_sysbios_family_arm_m3_Hwi_postInit__I)
                  00003f44    0000007a     rtsv7M4_T_le_v4SPD16_eabi.lib : memset_t2.obj (.text)
                  00003fbe    00000002                                   : i_div0.obj (.text)
                  00003fc0    00000074     ti.uia.runtime.aem4f : QueueDescriptor.oem4f (.text:ti_uia_runtime_QueueDescriptor_addToList__E)
                  00004034    0000006d     ti.targets.arm.rtsarm.aem4f : System.oem4f (.text:xdc_runtime_System_formatNum__I)
                  000040a1    00000001     --HOLE-- [fill = 0]
                  000040a2    00000006     driverlib.lib : gpio.obj (.text:GPIOPinRead)
                  000040a8    0000006c     sysbios.aem4f : BIOS.obj (.text:ti_sysbios_knl_Swi_restoreHwi__E)
                  00004114    0000006c     ti.targets.arm.rtsarm.aem4f : Error.oem4f (.text:xdc_runtime_Error_print__E)
                  00004180    0000006c                                 : Memory.oem4f (.text:xdc_runtime_Memory_alloc__E)
                  000041ec    0000006a     rtsv7M4_T_le_v4SPD16_eabi.lib : copy_decompress_rle.obj (.text)
                  00004256    00000002     empty_pem4f.oem4f (.text:ti_sysbios_BIOS_nullFunc__I)
                  00004258    00000068     main.obj (.text:hardware_init)
                  000042c0    00000068     rtsv7M4_T_le_v4SPD16_eabi.lib : trgmsg.obj (.text)
                  00004328    00000066     ti.uia.loggers.aem4f : LoggerStopMode.oem4f (.text:ti_uia_loggers_LoggerStopMode_flush__E)
                  0000438e    00000066     ti.targets.arm.rtsarm.aem4f : Core-mem.oem4f (.text:xdc_runtime_Core_deleteObject__I)
                  000043f4    00000004                                 : System.oem4f (.text:xdc_runtime_System_aprintf_va__F)
                  000043f8    00000064     sysbios.aem4f : BIOS.obj (.text:ti_sysbios_family_arm_lm4_Timer_Module_startup__E)
                  0000445c    00000060     driverlib.lib : timer.obj (.text:TimerConfigure)
                  000044bc    00000004     ti.targets.arm.rtsarm.aem4f : System.oem4f (.text:xdc_runtime_System_printf_va__F)
                  000044c0    00000060     sysbios.aem4f : BIOS.obj (.text:ti_sysbios_family_arm_lm4_Timer_isrStub__E)
                  00004520    00000060                   : BIOS.obj (.text:ti_sysbios_knl_Clock_logTick__E)
                  00004580    00000060                   : BIOS.obj (.text:ti_sysbios_utils_Load_logCPULoad__I)
                  000045e0    0000005c                   : BIOS.obj (.text:ti_sysbios_knl_Swi_schedule__I)
                  0000463c    00000002     empty_pem4f.oem4f (.text:ti_uia_loggers_LoggerStopMode_setFilterLevel__E)
                  0000463e    00000002     ti.uia.loggers.aem4f : LoggerStopMode.oem4f (.text:ti_uia_loggers_LoggerStopMode_setPriority__E)
                  00004640    0000005c     sysbios.aem4f : BIOS.obj (.text:ti_sysbios_knl_Task_Module_startup__E)
                  0000469c    0000005b     ti.targets.arm.rtsarm.aem4f : Text.oem4f (.text:xdc_runtime_Text_putLab__E)
                  000046f7    00000001     --HOLE-- [fill = 0]
                  000046f8    00000058     boot.aem4f : boot.oem4f (.text)
                  00004750    00000058     sysbios.aem4f : m3_Hwi_asm_switch.obj (.text:ti_sysbios_family_arm_m3_Hwi_initStacks__E)
                  000047a8    00000058     empty_pem4f.oem4f (.text:xdc_runtime_HeapStd_Object__create__S)
                  00004800    00000054     ti.targets.arm.rtsarm.aem4f : Assert.oem4f (.text:xdc_runtime_Assert_raise__I)
                  00004854    00000002     empty_pem4f.oem4f (.text:xdc_runtime_Startup_reset__I)
                  00004856    00000002     --HOLE-- [fill = 0]
                  00004858    00000050     sysbios.aem4f : BIOS.obj (.text:ti_sysbios_family_arm_m3_Hwi_Module_startup__E)
                  000048a8    00000050     ti.targets.arm.rtsarm.aem4f : Startup.oem4f (.text:xdc_runtime_Startup_exec__E)
                  000048f8    00000050                                 : Text.oem4f (.text:xdc_runtime_Text_visitRope2__I)
                  00004948    0000004c     rtsv7M4_T_le_v4SPD16_eabi.lib : cpy_tbl.obj (.text)
                  00004994    00000004     --HOLE-- [fill = 0]
                  00004998    0000004c     sysbios.aem4f : BIOS.obj (.text:ti_sysbios_knl_Swi_runLoop__I)
                  000049e4    00000004     --HOLE-- [fill = 0]
                  000049e8    0000004c                   : BIOS.obj (.text:ti_sysbios_knl_Task_allBlockedFunction__I)
                  00004a34    0000004c     ti.uia.loggers.aem4f : LoggerStopMode.oem4f (.text:ti_uia_loggers_LoggerStopMode_Module_startup__E)
                  00004a80    00000048     sysbios.aem4f : BIOS.obj (.text:ti_sysbios_family_arm_m3_Hwi_disableInterrupt__E)
                  00004ac8    00000048                   : BIOS.obj (.text:ti_sysbios_family_arm_m3_Hwi_enableInterrupt__E)
                  00004b10    00000048                   : BIOS.obj (.text:ti_sysbios_family_arm_m3_Hwi_excReserved__I)
                  00004b58    00000046     ti.targets.arm.rtsarm.aem4f : Core-params.oem4f (.text:xdc_runtime_Core_assignParams__I)
                  00004b9e    00000002     --HOLE-- [fill = 0]
                  00004ba0    00000044     main.obj (.text:ledToggle)
                  00004be4    00000044     rtsv7M4_T_le_v4SPD16_eabi.lib : exit.obj (.text)
                  00004c28    00000044     sysbios.aem4f : BIOS.obj (.text:ti_sysbios_family_arm_lm4_Timer_stop__E)
                  00004c6c    00000004     --HOLE-- [fill = 0]
                  00004c70    00000044                   : BIOS.obj (.text:ti_sysbios_family_arm_m3_Hwi_getStackInfo__E)
                  00004cb4    00000044     ti.uia.loggers.aem4f : LoggerStopMode.oem4f (.text:ti_uia_loggers_LoggerStopMode_initBuffer__I)
                  00004cf8    00000044     ti.targets.arm.rtsarm.aem4f : Error.oem4f (.text:xdc_runtime_Error_setX__E)
                  00004d3c    00000044                                 : SysMin.oem4f (.text:xdc_runtime_SysMin_flush__E)
                  00004d80    00000044                                 : Text.oem4f (.text:xdc_runtime_Text_xprintf__I)
                  00004dc4    00000040     rtsv7M4_T_le_v4SPD16_eabi.lib : u_divt2.obj (.text)
                  00004e04    00000004     --HOLE-- [fill = 0]
                  00004e08    00000040     sysbios.aem4f : BIOS.obj (.text:ti_sysbios_family_arm_lm4_Timer_startup__E)
                  00004e48    0000003c                   : BIOS.obj (.text:ti_sysbios_family_arm_m3_Hwi_excSvCall__I)
                  00004e84    00000004     --HOLE-- [fill = 0]
                  00004e88    0000003c                   : BIOS.obj (.text:ti_sysbios_heaps_HeapMem_init__I)
                  00004ec4    00000004     --HOLE-- [fill = 0]
                  00004ec8    0000003c                   : BIOS.obj (.text:ti_sysbios_knl_Swi_startup__E)
                  00004f04    00000004     --HOLE-- [fill = 0]
                  00004f08    00000038                   : BIOS.obj (.text:ti_sysbios_family_arm_m3_Hwi_excNoIsr__I)
                  00004f40    00000038                   : BIOS.obj (.text:ti_sysbios_knl_Task_processVitalTaskFlag__I)
                  00004f78    00000038     ti.targets.arm.rtsarm.aem4f : SysMin.oem4f (.text:xdc_runtime_SysMin_putch__E)
                  00004fb0    00000038                                 : System.oem4f (.text:xdc_runtime_System_atexit__E)
                  00004fe8    00000034     driverlib.lib : sysctl.obj (.text:SysCtlPeripheralEnable)
                  0000501c    00000004     --HOLE-- [fill = 0]
                  00005020    00000034     sysbios.aem4f : BIOS.obj (.text:ti_sysbios_family_arm_m3_Hwi_excNmi__I)
                  00005054    00000004     --HOLE-- [fill = 0]
                  00005058    00000034                   : BIOS.obj (.text:ti_sysbios_hal_Hwi_checkStack)
                  0000508c    00000034     ti.uia.loggers.aem4f : LoggerStopMode.oem4f (.text:ti_uia_loggers_LoggerStopMode_reset__E)
                  000050c0    00000034     ti.targets.arm.rtsarm.aem4f : Core-label.oem4f (.text:xdc_runtime_Core_assignLabel__I)
                  000050f4    00000033                                 : Text.oem4f (.text:xdc_runtime_Text_printVisFxn__I)
                  00005127    00000001     --HOLE-- [fill = 0]
                  00005128    00000032     sysbios.aem4f : BIOS.obj (.text:ti_sysbios_hal_Hwi_initStack)
                  0000515a    00000006     driverlib.lib : gpio.obj (.text:GPIOPinWrite)
                  00005160    00000032     sysbios.aem4f : BIOS.obj (.text:ti_sysbios_knl_Semaphore_pendTimeout__I)
                  00005192    00000002     --HOLE-- [fill = 0]
                  00005194    00000030     empty_pem4f.oem4f (.text:ti_sysbios_BIOS_atExitFunc__I)
                  000051c4    00000004     --HOLE-- [fill = 0]
                  000051c8    00000030     sysbios.aem4f : BIOS.obj (.text:ti_sysbios_family_arm_m3_TaskSupport_start__E)
                  000051f8    00000030     empty_pem4f.oem4f (.text:ti_sysbios_gates_GateHwi_Object__create__S)
                  00005228    00000030     empty_pem4f.oem4f (.text:ti_sysbios_gates_GateMutex_Object__create__S)
                  00005258    00000030     empty_pem4f.oem4f (.text:ti_sysbios_knl_Semaphore_construct)
                  00005288    00000030     sysbios.aem4f : BIOS.obj (.text:ti_sysbios_utils_Load_updateCurrentThreadTime__E)
                  000052b8    00000030     empty_pem4f.oem4f (.text:ti_uia_loggers_LoggerStopMode_Object__create__S)
                  000052e8    00000030     ti.targets.arm.rtsarm.aem4f : SysMin.oem4f (.text:xdc_runtime_SysMin_abort__E)
                  00005318    00000030                                 : System.oem4f (.text:xdc_runtime_System_processAtExit__E)
                  00005348    0000002c     empty_pem4f.oem4f (.text:ti_sysbios_knl_Clock_doTick__I)
                  00005374    0000002c     empty_pem4f.oem4f (.text:ti_sysbios_knl_Queue_construct)
                  000053a0    0000002c     sysbios.aem4f : BIOS.obj (.text:ti_sysbios_knl_Task_restore__E)
                  000053cc    0000002c     ti.targets.arm.rtsarm.aem4f : Text.oem4f (.text:xdc_runtime_Text_cordText__E)
                  000053f8    0000002a     driverlib.lib : gpio.obj (.text:GPIODirModeSet)
                  00005422    0000002a     ti.targets.arm.rtsarm.aem4f : System.oem4f (.text:xdc_runtime_System_putchar__I)
                  0000544c    00000004     --HOLE-- [fill = 0]
                  00005450    00000028     sysbios.aem4f : BIOS.obj (.text:ti_sysbios_knl_Swi_Module_startup__E)
                  00005478    00000026                   : m3_Hwi_asm.obj (.text:ti_sysbios_family_arm_m3_Hwi_pendSV__I)
                  0000549e    00000026     ti.targets.arm.rtsarm.aem4f : System.oem4f (.text:xdc_runtime_System_avprintf__E)
                  000054c4    00000024     empty_pem4f.oem4f (.text:ti_sysbios_BIOS_registerRTSLock__I)
                  000054e8    00000024     empty_pem4f.oem4f (.text:ti_sysbios_BIOS_removeRTSLock__I)
                  0000550c    00000024     empty_pem4f.oem4f (.text:ti_sysbios_BIOS_startFunc__I)
                  00005530    00000024     sysbios.aem4f : BIOS.obj (.text:ti_sysbios_family_arm_m3_Hwi_doTaskRestore__I)
                  00005554    00000024     empty_pem4f.oem4f (.text:ti_sysbios_gates_GateMutex_Object__delete__S)
                  00005578    00000024     sysbios.aem4f : BIOS.obj (.text:ti_sysbios_knl_Clock_Module_startup__E)
                  0000559c    00000024     ti.targets.arm.rtsarm.aem4f : System.oem4f (.text:xdc_runtime_System_vprintf__E)
                  000055c0    00000022     sysbios.aem4f : BIOS.obj (.text:ti_sysbios_family_arm_lm4_Timer_write__I)
                  000055e2    00000022     empty_pem4f.oem4f (.text:xdc_runtime_SysMin_output__I)
                  00005604    00000020     empty_pem4f.oem4f (.text:ti_sysbios_BIOS_rtsLock__I)
                  00005624    00000020     sysbios.aem4f : m3_Hwi_asm.obj (.text:ti_sysbios_family_arm_m3_Hwi_excHandlerAsm__I)
                  00005644    00000004     --HOLE-- [fill = 0]
                  00005648    00000020                   : BIOS.obj (.text:ti_sysbios_family_arm_m3_Hwi_excHandler__I)
                  00005668    00000020     empty_pem4f.oem4f (.text:ti_sysbios_gates_GateHwi_Object__delete__S)
                  00005688    00000020     sysbios.aem4f : BIOS.obj (.text:ti_sysbios_knl_Idle_run__E)
                  000056a8    00000020     empty_pem4f.oem4f (.text:ti_sysbios_knl_Semaphore_Object__destruct__S)
                  000056c8    00000020     empty_pem4f.oem4f (.text:ti_uia_loggers_LoggerStopMode_Object__delete__S)
                  000056e8    00000020     ti.targets.arm.rtsarm.aem4f : Registry.oem4f (.text:xdc_runtime_Registry_findById__E)
                  00005708    00000020                                 : SysMin.oem4f (.text:xdc_runtime_SysMin_Module_startup__E)
                  00005728    0000001e     empty_pem4f.oem4f (.text:ti_sysbios_BIOS_errorRaiseHook__I)
                  00005746    0000001e     sysbios.aem4f : m3_Hwi_asm_switch.obj (.text:ti_sysbios_family_xxx_Hwi_switchAndRunFunc)
                  00005764    0000001c     main.obj (.text:Timer_ISR)
                  00005780    0000001c     sysbios.aem4f : BIOS.obj (.text:ti_sysbios_gates_GateMutex_Instance_init__E)
                  0000579c    0000001c     empty_pem4f.oem4f (.text:ti_sysbios_knl_Queue_Object__destruct__S)
                  000057b8    0000001c     sysbios.aem4f : BIOS.obj (.text:ti_sysbios_knl_Task_enter__I)
                  000057d4    0000001c     ti.uia.loggers.aem4f : LoggerStopMode.oem4f (.text:ti_uia_loggers_LoggerStopMode_Instance_init__E)
                  000057f0    0000001c     ti.targets.arm.rtsarm.aem4f : Error.oem4f (.text:xdc_runtime_Error_raiseX__E)
                  0000580c    0000001c     empty_pem4f.oem4f (.text:xdc_runtime_HeapStd_Object__delete__S)
                  00005828    0000001c     ti.targets.arm.rtsarm.aem4f : Memory.oem4f (.text:xdc_runtime_Memory_valloc__E)
                  00005844    0000001c                                 : SysMin.oem4f (.text:xdc_runtime_SysMin_exit__E)
                  00005860    0000001c                                 : System.oem4f (.text:xdc_runtime_System_abort__E)
                  0000587c    0000001a     empty_pem4f.oem4f (.text:ti_sysbios_family_arm_m3_Hwi_Handle__label__S)
                  00005896    0000001a     empty_pem4f.oem4f (.text:ti_sysbios_gates_GateHwi_Handle__label__S)
                  000058b0    0000001a     empty_pem4f.oem4f (.text:ti_sysbios_gates_GateMutex_Handle__label__S)
                  000058ca    0000001a     empty_pem4f.oem4f (.text:ti_sysbios_knl_Swi_Handle__label__S)
                  000058e4    0000001a     empty_pem4f.oem4f (.text:ti_sysbios_knl_Task_Handle__label__S)
                  000058fe    0000001a     empty_pem4f.oem4f (.text:ti_uia_loggers_LoggerStopMode_Handle__label__S)
                  00005918    0000001a     empty_pem4f.oem4f (.text:xdc_runtime_HeapStd_Handle__label__S)
                  00005932    0000001a     empty_pem4f.oem4f (.text:xdc_runtime_System_aprintf__E)
                  0000594c    0000001a     empty_pem4f.oem4f (.text:xdc_runtime_System_printf__E)
                  00005966    00000018     driverlib.lib : gpio.obj (.text:GPIOPinTypeGPIOOutput)
                  0000597e    00000002     --HOLE-- [fill = 0]
                  00005980    00000018     rtsv7M4_T_le_v4SPD16_eabi.lib : args_main.obj (.text)
                  00005998    00000018     empty_pem4f.oem4f (.text:ti_sysbios_BIOS_rtsUnlock__I)
                  000059b0    00000018     empty_pem4f.oem4f (.text:ti_sysbios_family_arm_lm4_Timer_Module__startupDone__F)
                  000059c8    00000018     empty_pem4f.oem4f (.text:ti_sysbios_family_arm_m3_Hwi_Module__startupDone__F)
                  000059e0    00000018     sysbios.aem4f : m3_TaskSupport_asm.obj (.text:ti_sysbios_family_arm_m3_TaskSupport_swap__E)
                  000059f8    00000018                   : BIOS.obj (.text:ti_sysbios_gates_GateMutex_leave__E)
                  00005a10    00000018     ti.targets.arm.rtsarm.aem4f : Error.oem4f (.text:xdc_runtime_Error_check__E)
                  00005a28    00000018                                 : System.oem4f (.text:xdc_runtime_System_exit__E)
                  00005a40    00000018                                 : Text.oem4f (.text:xdc_runtime_Text_ropeText__E)
                  00005a58    00000016     empty_pem4f.oem4f (.text:ti_sysbios_BIOS_exitFunc__I)
                  00005a6e    00000016     ti.uia.loggers.aem4f : LoggerStopMode.oem4f (.text:ti_uia_loggers_LoggerStopMode_disable__E)
                  00005a84    00000016                          : LoggerStopMode.oem4f (.text:ti_uia_loggers_LoggerStopMode_enable__E)
                  00005a9a    00000002     --HOLE-- [fill = 0]
                  00005a9c    00000014     rtsv7M4_T_le_v4SPD16_eabi.lib : _lock.obj (.text)
                  00005ab0    00000014                                   : strcpy.obj (.text)
                  00005ac4    00000014                                   : strlen.obj (.text)
                  00005ad8    00000014     empty_pem4f.oem4f (.text:ti_sysbios_family_arm_m3_Hwi_Object__get__S)
                  00005aec    00000004     --HOLE-- [fill = 0]
                  00005af0    00000014     sysbios.aem4f : BIOS.obj (.text:ti_sysbios_family_arm_m3_Hwi_switchFromBootStack__E)
                  00005b04    00000014     empty_pem4f.oem4f (.text:ti_sysbios_knl_Swi_Object__get__S)
                  00005b18    00000012     driverlib.lib : timer.obj (.text:TimerLoadSet)
                  00005b2a    00000006                   : sysctl.obj (.text:SysCtlDelay)
                  00005b30    00000012     sysbios.aem4f : BIOS.obj (.text:ti_sysbios_hal_Hwi_Module_startup__E)
                  00005b42    00000012     empty_pem4f.oem4f (.text:xdc_runtime_Startup_exec__I)
                  00005b54    00000004     --HOLE-- [fill = 0]
                  00005b58    00000010     sysbios.aem4f : BIOS.obj (.text:ti_sysbios_BIOS_getCpuFreq__E)
                  00005b68    00000010                   : BIOS.obj (.text:ti_sysbios_BIOS_setThreadType__E)
                  00005b78    00000010                   : BIOS.obj (.text:ti_sysbios_BIOS_start__E)
                  00005b88    00000010                   : BIOS.obj (.text:ti_sysbios_family_arm_lm4_TimestampProvider_rolloverFunc__E)
                  00005b98    00000010                   : m3_TaskSupport_asm.obj (.text:ti_sysbios_family_arm_m3_TaskSupport_glue)
                  00005ba8    00000010                   : BIOS.obj (.text:ti_sysbios_gates_GateMutex_Instance_finalize__E)
                  00005bb8    00000010     empty_pem4f.oem4f (.text:ti_sysbios_heaps_HeapMem_Object__get__S)
                  00005bc8    00000010     sysbios.aem4f : BIOS.obj (.text:ti_sysbios_knl_Semaphore_Instance_finalize__E)
                  00005bd8    00000010                   : BIOS.obj (.text:ti_sysbios_knl_Swi_disable__E)
                  00005be8    00000010     empty_pem4f.oem4f (.text:ti_sysbios_knl_Task_Object__get__S)
                  00005bf8    00000010     sysbios.aem4f : BIOS.obj (.text:ti_sysbios_knl_Task_disable__E)
                  00005c08    00000010     empty_pem4f.oem4f (.text:ti_uia_loggers_LoggerStopMode_Object__get__S)
                  00005c18    00000010     ti.uia.loggers.aem4f : LoggerStopMode.oem4f (.text:ti_uia_loggers_LoggerStopMode_isEmpty__E)
                  00005c28    00000010     ti.targets.arm.rtsarm.aem4f : Gate.oem4f (.text:xdc_runtime_Gate_leaveSystem__E)
                  00005c38    00000010                                 : Memory.oem4f (.text:xdc_runtime_Memory_free__E)
                  00005c48    00000010                                 : SysMin.oem4f (.text:xdc_runtime_SysMin_ready__E)
                  00005c58    00000010                                 : System.oem4f (.text:xdc_runtime_System_vsnprintf__E)
                  00005c68    00000010     empty_pem4f.oem4f (.text:xdc_runtime_Text_visitRope__I)
                  00005c78    0000000e     driverlib.lib : timer.obj (.text:TimerEnable)
                  00005c86    0000000e     rtsv7M4_T_le_v4SPD16_eabi.lib : copy_decompress_none.obj (.text:decompress:none)
                  00005c94    00000004     --HOLE-- [fill = 0]
                  00005c98    0000000e     sysbios.aem4f : BIOS.obj (.text:ti_sysbios_knl_Idle_loop__E)
                  00005ca6    00000002     --HOLE-- [fill = 0]
                  00005ca8    0000000e                   : BIOS.obj (.text:ti_sysbios_knl_Queue_empty__E)
                  00005cb6    0000000e     ti.targets.arm.rtsarm.aem4f : HeapStd.oem4f (.text:xdc_runtime_HeapStd_getStats__E)
                  00005cc4    0000000c     empty_pem4f.oem4f (.text:.bootCodeSection:ti_catalog_arm_cortexm4_tiva_ce_Boot_init__I)
                  00005cd0    0000000c     rtsv7M4_T_le_v4SPD16_eabi.lib : copy_zero_init.obj (.text:decompress:ZI)
                  00005cdc    0000000c     main.obj (.text:main)
                  00005ce8    0000000c     sysbios.aem4f : BIOS.obj (.text:ti_sysbios_family_arm_lm4_Timer_getMaxTicks__E)
                  00005cf4    00000004     --HOLE-- [fill = 0]
                  00005cf8    0000000c                   : BIOS.obj (.text:ti_sysbios_family_arm_lm4_TimestampProvider_startTimer__E)
                  00005d04    00000004     --HOLE-- [fill = 0]
                  00005d08    0000000c                   : BIOS.obj (.text:ti_sysbios_family_arm_m3_Hwi_disableFxn__E)
                  00005d14    00000004     --HOLE-- [fill = 0]
                  00005d18    0000000c                   : BIOS.obj (.text:ti_sysbios_family_arm_m3_TaskSupport_checkStack__E)
                  00005d24    00000004     --HOLE-- [fill = 0]
                  00005d28    0000000c                   : BIOS.obj (.text:ti_sysbios_gates_GateHwi_enter__E)
                  00005d34    0000000c     empty_pem4f.oem4f (.text:ti_sysbios_knl_Queue_Object__get__S)
                  00005d40    0000000c     ti.targets.arm.rtsarm.aem4f : Error.oem4f (.text:xdc_runtime_Error_init__E)
                  00005d4c    0000000c                                 : Gate.oem4f (.text:xdc_runtime_Gate_enterSystem__E)
                  00005d58    0000000c                                 : Memory.oem4f (.text:xdc_runtime_Memory_calloc__E)
                  00005d64    0000000c                                 : Memory.oem4f (.text:xdc_runtime_Memory_getMaxDefaultTypeAlign__E)
                  00005d70    0000000a     empty_pem4f.oem4f (.text:xdc_runtime_IHeap_alloc)
                  00005d7a    0000000a     empty_pem4f.oem4f (.text:xdc_runtime_IHeap_free)
                  00005d84    00000008     driverlib.lib : timer.obj (.text:TimerIntEnable)
                  00005d8c    00000008     sysbios.aem4f : BIOS.obj (.text:ti_sysbios_family_arm_lm4_Timer_masterDisable__I)
                  00005d94    00000004     --HOLE-- [fill = 0]
                  00005d98    00000008                   : BIOS.obj (.text:ti_sysbios_family_arm_m3_Hwi_doSwiRestore__I)
                  00005da0    00000008                   : BIOS.obj (.text:ti_sysbios_family_arm_m3_Hwi_startup__E)
                  00005da8    00000006     ti.targets.arm.rtsarm.aem4f : xdc_noinit.oem4f (.text:__xdc__init)
                  00005dae    00000006     rtsv7M4_T_le_v4SPD16_eabi.lib : copy_decompress_rle.obj (.text:decompress:rle24)
                  00005db4    00000006     Boot.aem4f : Boot_sysctl.oem4f (.text:ti_catalog_arm_cortexm4_tiva_ce_Boot_sysCtlDelayI__I)
                  00005dba    00000006     ti.targets.arm.rtsarm.aem4f : System.oem4f (.text:xdc_runtime_System_Module_startup__E)
                  00005dc0    00000006     sysbios.aem4f : BIOS.obj (.text:ti_sysbios_family_arm_lm4_TimestampProvider_Module_startup__E)
                  00005dc6    00000002     --HOLE-- [fill = 0]
                  00005dc8    00000006                   : BIOS.obj (.text:ti_sysbios_family_arm_m3_Hwi_restoreFxn__E)
                  00005dce    00000002     --HOLE-- [fill = 0]
                  00005dd0    00000006                   : BIOS.obj (.text:ti_sysbios_gates_GateHwi_leave__E)
                  00005dd6    00000002     --HOLE-- [fill = 0]
                  00005dd8    00000006                   : BIOS.obj (.text:ti_sysbios_knl_Queue_Instance_init__E)
                  00005dde    00000002     --HOLE-- [fill = 0]
                  00005de0    00000004                   : BIOS.obj (.text:ti_sysbios_family_arm_lm4_Timer_getPeriod__E)
                  00005de4    00000004     --HOLE-- [fill = 0]
                  00005de8    00000004                   : BIOS.obj (.text:ti_sysbios_gates_GateHwi_query__E)
                  00005dec    00000004     --HOLE-- [fill = 0]
                  00005df0    00000004                   : BIOS.obj (.text:ti_sysbios_gates_GateMutex_query__E)
                  00005df4    00000004     --HOLE-- [fill = 0]
                  00005df8    00000004                   : BIOS.obj (.text:ti_sysbios_knl_Task_startup__E)
                  00005dfc    00000004     --HOLE-- [fill = 0]
                  00005e00    00000002                   : BIOS.obj (.text:ti_sysbios_gates_GateHwi_Instance_init__E)

.const     0    00005e04    000026b4     
                  00005e04    00001fb5     empty_pem4f.oem4f (.const:xdc_runtime_Text_charTab__A)
                  00007db9    00000001     empty_pem4f.oem4f (.const:xdc_runtime_Error_policy__C)
                  00007dba    00000108     empty_pem4f.oem4f (.const:xdc_runtime_Text_nodeTab__A)
                  00007ec2    00000002     empty_pem4f.oem4f (.const:ti_catalog_arm_cortexm4_tiva_ce_Boot_Module__id__C)
                  00007ec4    0000006c     driverlib.lib : sysctl.obj (.const:g_pui32Xtals)
                  00007f30    00000060     empty_pem4f.oem4f (.const:ti_uia_loggers_LoggerStopMode_Module__FXNS__C)
                  00007f90    00000048     empty_pem4f.oem4f (.const:.string)
                  00007fd8    00000028     empty_pem4f.oem4f (.const:ti_uia_loggers_LoggerStopMode_Object__PARAMS__C)
                  00008000    00000028     empty_pem4f.oem4f (.const:xdc_runtime_HeapStd_Module__FXNS__C)
                  00008028    00000028     empty_pem4f.oem4f (.const:xdc_runtime_Startup_sfxnTab__A)
                  00008050    00000024     empty_pem4f.oem4f (.const:ti_sysbios_gates_GateHwi_Module__FXNS__C)
                  00008074    00000024     empty_pem4f.oem4f (.const:ti_sysbios_gates_GateMutex_Module__FXNS__C)
                  00008098    00000024     empty_pem4f.oem4f (.const:ti_sysbios_knl_Semaphore_Object__PARAMS__C)
                  000080bc    00000020     empty_pem4f.oem4f (.const:ti_sysbios_gates_GateHwi_Object__DESC__C)
                  000080dc    00000020     empty_pem4f.oem4f (.const:ti_sysbios_gates_GateMutex_Object__DESC__C)
                  000080fc    00000020     empty_pem4f.oem4f (.const:ti_sysbios_knl_Queue_Object__DESC__C)
                  0000811c    00000020     empty_pem4f.oem4f (.const:ti_sysbios_knl_Semaphore_Object__DESC__C)
                  0000813c    00000020     empty_pem4f.oem4f (.const:ti_uia_loggers_LoggerStopMode_Object__DESC__C)
                  0000815c    00000020     empty_pem4f.oem4f (.const:xdc_runtime_HeapStd_Object__DESC__C)
                  0000817c    0000001c     empty_pem4f.oem4f (.const:xdc_runtime_HeapStd_Object__PARAMS__C)
                  00008198    00000018     empty_pem4f.oem4f (.const:ti_sysbios_gates_GateHwi_Object__PARAMS__C)
                  000081b0    00000018     empty_pem4f.oem4f (.const:ti_sysbios_gates_GateMutex_Object__PARAMS__C)
                  000081c8    00000018     empty_pem4f.oem4f (.const:ti_sysbios_knl_Queue_Object__PARAMS__C)
                  000081e0    00000014     empty_pem4f.oem4f (.const:xdc_runtime_Startup_firstFxns__A)
                  000081f4    00000014     empty_pem4f.oem4f (.const:xdc_runtime_Startup_sfxnRts__A)
                  00008208    00000008     empty_pem4f.oem4f (.const)
                  00008210    00000008     empty_pem4f.oem4f (.const:ti_sysbios_family_arm_m3_Hwi_excHookFuncs__A)
                  00008218    00000008     empty_pem4f.oem4f (.const:ti_sysbios_knl_Idle_funcList__A)
                  00008220    00000008     empty_pem4f.oem4f (.const:ti_sysbios_knl_Idle_funcList__C)
                  00008228    00000008     empty_pem4f.oem4f (.const:xdc_runtime_Startup_firstFxns__C)
                  00008230    00000008     empty_pem4f.oem4f (.const:xdc_runtime_Startup_lastFxns__C)
                  00008238    00000004     empty_pem4f.oem4f (.const:ti_catalog_arm_cortexm4_tiva_ce_Boot_A_mustUseEnhancedClockMode__C)
                  0000823c    00000004     empty_pem4f.oem4f (.const:ti_catalog_arm_cortexm4_tiva_ce_Boot_Module__diagsEnabled__C)
                  00008240    00000004     empty_pem4f.oem4f (.const:ti_catalog_arm_cortexm4_tiva_ce_Boot_Module__diagsIncluded__C)
                  00008244    00000004     empty_pem4f.oem4f (.const:ti_catalog_arm_cortexm4_tiva_ce_Boot_Module__diagsMask__C)
                  00008248    00000004     empty_pem4f.oem4f (.const:ti_sysbios_family_arm_lm4_Timer_enableFunc__C)
                  0000824c    00000004     empty_pem4f.oem4f (.const:ti_sysbios_family_arm_lm4_Timer_numTimerDevices__C)
                  00008250    00000004     empty_pem4f.oem4f (.const:ti_sysbios_family_arm_lm4_Timer_startupNeeded__C)
                  00008254    00000004     empty_pem4f.oem4f (.const:ti_sysbios_family_arm_m3_Hwi_E_NMI__C)
                  00008258    00000004     empty_pem4f.oem4f (.const:ti_sysbios_family_arm_m3_Hwi_E_busFault__C)
                  0000825c    00000004     empty_pem4f.oem4f (.const:ti_sysbios_family_arm_m3_Hwi_E_debugMon__C)
                  00008260    00000004     empty_pem4f.oem4f (.const:ti_sysbios_family_arm_m3_Hwi_E_hardFault__C)
                  00008264    00000004     empty_pem4f.oem4f (.const:ti_sysbios_family_arm_m3_Hwi_E_memFault__C)
                  00008268    00000004     empty_pem4f.oem4f (.const:ti_sysbios_family_arm_m3_Hwi_E_noIsr__C)
                  0000826c    00000004     empty_pem4f.oem4f (.const:ti_sysbios_family_arm_m3_Hwi_E_reserved__C)
                  00008270    00000004     empty_pem4f.oem4f (.const:ti_sysbios_family_arm_m3_Hwi_E_svCall__C)
                  00008274    00000004     empty_pem4f.oem4f (.const:ti_sysbios_family_arm_m3_Hwi_E_usageFault__C)
                  00008278    00000004     empty_pem4f.oem4f (.const:ti_sysbios_family_arm_m3_Hwi_LD_end__C)
                  0000827c    00000004     empty_pem4f.oem4f (.const:ti_sysbios_family_arm_m3_Hwi_LM_begin__C)
                  00008280    00000004     empty_pem4f.oem4f (.const:ti_sysbios_family_arm_m3_Hwi_Module__diagsEnabled__C)
                  00008284    00000004     empty_pem4f.oem4f (.const:ti_sysbios_family_arm_m3_Hwi_Module__diagsIncluded__C)
                  00008288    00000004     empty_pem4f.oem4f (.const:ti_sysbios_family_arm_m3_Hwi_Module__diagsMask__C)
                  0000828c    00000004     empty_pem4f.oem4f (.const:ti_sysbios_family_arm_m3_Hwi_Module__loggerFxn1__C)
                  00008290    00000004     empty_pem4f.oem4f (.const:ti_sysbios_family_arm_m3_Hwi_Module__loggerFxn8__C)
                  00008294    00000004     empty_pem4f.oem4f (.const:ti_sysbios_family_arm_m3_Hwi_Module__loggerObj__C)
                  00008298    00000004     empty_pem4f.oem4f (.const:ti_sysbios_family_arm_m3_Hwi_NUM_INTERRUPTS__C)
                  0000829c    00000004     empty_pem4f.oem4f (.const:ti_sysbios_family_arm_m3_Hwi_Object__count__C)
                  000082a0    00000004     empty_pem4f.oem4f (.const:ti_sysbios_family_arm_m3_Hwi_ccr__C)
                  000082a4    00000004     empty_pem4f.oem4f (.const:ti_sysbios_family_arm_m3_Hwi_excHandlerFunc__C)
                  000082a8    00000004     empty_pem4f.oem4f (.const:ti_sysbios_family_arm_m3_Hwi_excHookFuncs__C)
                  000082ac    00000004     empty_pem4f.oem4f (.const:ti_sysbios_family_arm_m3_Hwi_nullIsrFunc__C)
                  000082b0    00000004     empty_pem4f.oem4f (.const:ti_sysbios_family_arm_m3_Hwi_priGroup__C)
                  000082b4    00000004     empty_pem4f.oem4f (.const:ti_sysbios_gates_GateMutex_A_badContext__C)
                  000082b8    00000004     empty_pem4f.oem4f (.const:ti_sysbios_gates_GateMutex_Instance_State_sem__O)
                  000082bc    00000004     empty_pem4f.oem4f (.const:ti_sysbios_gates_GateMutex_Module__diagsEnabled__C)
                  000082c0    00000004     empty_pem4f.oem4f (.const:ti_sysbios_gates_GateMutex_Module__diagsIncluded__C)
                  000082c4    00000004     empty_pem4f.oem4f (.const:ti_sysbios_gates_GateMutex_Module__diagsMask__C)
                  000082c8    00000004     empty_pem4f.oem4f (.const:ti_sysbios_hal_Hwi_E_stackOverflow__C)
                  000082cc    00000004     empty_pem4f.oem4f (.const:ti_sysbios_heaps_HeapMem_Object__count__C)
                  000082d0    00000004     empty_pem4f.oem4f (.const:ti_sysbios_knl_Clock_LM_begin__C)
                  000082d4    00000004     empty_pem4f.oem4f (.const:ti_sysbios_knl_Clock_LM_tick__C)
                  000082d8    00000004     empty_pem4f.oem4f (.const:ti_sysbios_knl_Clock_LW_delayed__C)
                  000082dc    00000004     empty_pem4f.oem4f (.const:ti_sysbios_knl_Clock_Module_State_clockQ__O)
                  000082e0    00000004     empty_pem4f.oem4f (.const:ti_sysbios_knl_Clock_Module__diagsEnabled__C)
                  000082e4    00000004     empty_pem4f.oem4f (.const:ti_sysbios_knl_Clock_Module__diagsIncluded__C)
                  000082e8    00000004     empty_pem4f.oem4f (.const:ti_sysbios_knl_Clock_Module__diagsMask__C)
                  000082ec    00000004     empty_pem4f.oem4f (.const:ti_sysbios_knl_Clock_Module__loggerFxn1__C)
                  000082f0    00000004     empty_pem4f.oem4f (.const:ti_sysbios_knl_Clock_Module__loggerFxn2__C)
                  000082f4    00000004     empty_pem4f.oem4f (.const:ti_sysbios_knl_Clock_Module__loggerObj__C)
                  000082f8    00000004     empty_pem4f.oem4f (.const:ti_sysbios_knl_Semaphore_A_badContext__C)
                  000082fc    00000004     empty_pem4f.oem4f (.const:ti_sysbios_knl_Semaphore_A_noEvents__C)
                  00008300    00000004     empty_pem4f.oem4f (.const:ti_sysbios_knl_Semaphore_A_overflow__C)
                  00008304    00000004     empty_pem4f.oem4f (.const:ti_sysbios_knl_Semaphore_A_pendTaskDisabled__C)
                  00008308    00000004     empty_pem4f.oem4f (.const:ti_sysbios_knl_Semaphore_Instance_State_pendQ__O)
                  0000830c    00000004     empty_pem4f.oem4f (.const:ti_sysbios_knl_Semaphore_LM_pend__C)
                  00008310    00000004     empty_pem4f.oem4f (.const:ti_sysbios_knl_Semaphore_LM_post__C)
                  00008314    00000004     empty_pem4f.oem4f (.const:ti_sysbios_knl_Semaphore_Module__diagsEnabled__C)
                  00008318    00000004     empty_pem4f.oem4f (.const:ti_sysbios_knl_Semaphore_Module__diagsIncluded__C)
                  0000831c    00000004     empty_pem4f.oem4f (.const:ti_sysbios_knl_Semaphore_Module__diagsMask__C)
                  00008320    00000004     empty_pem4f.oem4f (.const:ti_sysbios_knl_Semaphore_Module__loggerFxn2__C)
                  00008324    00000004     empty_pem4f.oem4f (.const:ti_sysbios_knl_Semaphore_Module__loggerFxn4__C)
                  00008328    00000004     empty_pem4f.oem4f (.const:ti_sysbios_knl_Semaphore_Module__loggerObj__C)
                  0000832c    00000004     empty_pem4f.oem4f (.const:ti_sysbios_knl_Swi_LD_end__C)
                  00008330    00000004     empty_pem4f.oem4f (.const:ti_sysbios_knl_Swi_LM_begin__C)
                  00008334    00000004     empty_pem4f.oem4f (.const:ti_sysbios_knl_Swi_LM_post__C)
                  00008338    00000004     empty_pem4f.oem4f (.const:ti_sysbios_knl_Swi_Module__diagsEnabled__C)
                  0000833c    00000004     empty_pem4f.oem4f (.const:ti_sysbios_knl_Swi_Module__diagsIncluded__C)
                  00008340    00000004     empty_pem4f.oem4f (.const:ti_sysbios_knl_Swi_Module__diagsMask__C)
                  00008344    00000004     empty_pem4f.oem4f (.const:ti_sysbios_knl_Swi_Module__loggerFxn1__C)
                  00008348    00000004     empty_pem4f.oem4f (.const:ti_sysbios_knl_Swi_Module__loggerFxn4__C)
                  0000834c    00000004     empty_pem4f.oem4f (.const:ti_sysbios_knl_Swi_Module__loggerObj__C)
                  00008350    00000004     empty_pem4f.oem4f (.const:ti_sysbios_knl_Swi_Object__count__C)
                  00008354    00000004     empty_pem4f.oem4f (.const:ti_sysbios_knl_Task_E_spOutOfBounds__C)
                  00008358    00000004     empty_pem4f.oem4f (.const:ti_sysbios_knl_Task_E_stackOverflow__C)
                  0000835c    00000004     empty_pem4f.oem4f (.const:ti_sysbios_knl_Task_LD_block__C)
                  00008360    00000004     empty_pem4f.oem4f (.const:ti_sysbios_knl_Task_LD_exit__C)
                  00008364    00000004     empty_pem4f.oem4f (.const:ti_sysbios_knl_Task_LD_ready__C)
                  00008368    00000004     empty_pem4f.oem4f (.const:ti_sysbios_knl_Task_LM_switch__C)
                  0000836c    00000004     empty_pem4f.oem4f (.const:ti_sysbios_knl_Task_Module_State_inactiveQ__O)
                  00008370    00000004     empty_pem4f.oem4f (.const:ti_sysbios_knl_Task_Module__diagsEnabled__C)
                  00008374    00000004     empty_pem4f.oem4f (.const:ti_sysbios_knl_Task_Module__diagsIncluded__C)
                  00008378    00000004     empty_pem4f.oem4f (.const:ti_sysbios_knl_Task_Module__diagsMask__C)
                  0000837c    00000004     empty_pem4f.oem4f (.const:ti_sysbios_knl_Task_Module__loggerFxn2__C)
                  00008380    00000004     empty_pem4f.oem4f (.const:ti_sysbios_knl_Task_Module__loggerFxn4__C)
                  00008384    00000004     empty_pem4f.oem4f (.const:ti_sysbios_knl_Task_Module__loggerObj__C)
                  00008388    00000004     empty_pem4f.oem4f (.const:ti_sysbios_knl_Task_Object__count__C)
                  0000838c    00000004     empty_pem4f.oem4f (.const:ti_sysbios_knl_Task_allBlockedFunc__C)
                  00008390    00000004     empty_pem4f.oem4f (.const:ti_sysbios_knl_Task_numConstructedTasks__C)
                  00008394    00000004     empty_pem4f.oem4f (.const:ti_sysbios_utils_Load_LS_cpuLoad__C)
                  00008398    00000004     empty_pem4f.oem4f (.const:ti_sysbios_utils_Load_Module__diagsEnabled__C)
                  0000839c    00000004     empty_pem4f.oem4f (.const:ti_sysbios_utils_Load_Module__diagsIncluded__C)
                  000083a0    00000004     empty_pem4f.oem4f (.const:ti_sysbios_utils_Load_Module__diagsMask__C)
                  000083a4    00000004     empty_pem4f.oem4f (.const:ti_sysbios_utils_Load_Module__loggerFxn1__C)
                  000083a8    00000004     empty_pem4f.oem4f (.const:ti_sysbios_utils_Load_Module__loggerObj__C)
                  000083ac    00000004     empty_pem4f.oem4f (.const:ti_sysbios_utils_Load_postUpdate__C)
                  000083b0    00000004     empty_pem4f.oem4f (.const:ti_sysbios_utils_Load_windowInMs__C)
                  000083b4    00000004     empty_pem4f.oem4f (.const:ti_uia_loggers_LoggerStopMode_Module__diagsEnabled__C)
                  000083b8    00000004     empty_pem4f.oem4f (.const:ti_uia_loggers_LoggerStopMode_Module__diagsIncluded__C)
                  000083bc    00000004     empty_pem4f.oem4f (.const:ti_uia_loggers_LoggerStopMode_Module__diagsMask__C)
                  000083c0    00000004     empty_pem4f.oem4f (.const:ti_uia_loggers_LoggerStopMode_Object__count__C)
                  000083c4    00000004     empty_pem4f.oem4f (.const:ti_uia_runtime_ILoggerSnapshot_Interface__BASE__C)
                  000083c8    00000004     empty_pem4f.oem4f (.const:ti_uia_runtime_IUIATransfer_Interface__BASE__C)
                  000083cc    00000004     empty_pem4f.oem4f (.const:xdc_runtime_Assert_E_assertFailed__C)
                  000083d0    00000004     empty_pem4f.oem4f (.const:xdc_runtime_Core_A_initializedParams__C)
                  000083d4    00000004     empty_pem4f.oem4f (.const:xdc_runtime_Core_Module__diagsEnabled__C)
                  000083d8    00000004     empty_pem4f.oem4f (.const:xdc_runtime_Core_Module__diagsIncluded__C)
                  000083dc    00000004     empty_pem4f.oem4f (.const:xdc_runtime_Core_Module__diagsMask__C)
                  000083e0    00000004     empty_pem4f.oem4f (.const:xdc_runtime_Error_E_memory__C)
                  000083e4    00000004     empty_pem4f.oem4f (.const:xdc_runtime_Error_Module__diagsEnabled__C)
                  000083e8    00000004     empty_pem4f.oem4f (.const:xdc_runtime_Error_Module__diagsIncluded__C)
                  000083ec    00000004     empty_pem4f.oem4f (.const:xdc_runtime_Error_Module__diagsMask__C)
                  000083f0    00000004     empty_pem4f.oem4f (.const:xdc_runtime_Error_Module__loggerFxn8__C)
                  000083f4    00000004     empty_pem4f.oem4f (.const:xdc_runtime_Error_Module__loggerObj__C)
                  000083f8    00000004     empty_pem4f.oem4f (.const:xdc_runtime_Error_policyFxn__C)
                  000083fc    00000004     empty_pem4f.oem4f (.const:xdc_runtime_Error_raiseHook__C)
                  00008400    00000004     empty_pem4f.oem4f (.const:xdc_runtime_HeapStd_A_align__C)
                  00008404    00000004     empty_pem4f.oem4f (.const:xdc_runtime_HeapStd_A_invalidTotalFreeSize__C)
                  00008408    00000004     empty_pem4f.oem4f (.const:xdc_runtime_HeapStd_A_zeroSize__C)
                  0000840c    00000004     empty_pem4f.oem4f (.const:xdc_runtime_HeapStd_E_noRTSMemory__C)
                  00008410    00000004     empty_pem4f.oem4f (.const:xdc_runtime_HeapStd_Module__diagsEnabled__C)
                  00008414    00000004     empty_pem4f.oem4f (.const:xdc_runtime_HeapStd_Module__diagsIncluded__C)
                  00008418    00000004     empty_pem4f.oem4f (.const:xdc_runtime_HeapStd_Module__diagsMask__C)
                  0000841c    00000004     empty_pem4f.oem4f (.const:xdc_runtime_IFilterLogger_Interface__BASE__C)
                  00008420    00000004     empty_pem4f.oem4f (.const:xdc_runtime_IGateProvider_Interface__BASE__C)
                  00008424    00000004     empty_pem4f.oem4f (.const:xdc_runtime_IHeap_Interface__BASE__C)
                  00008428    00000004     empty_pem4f.oem4f (.const:xdc_runtime_ILogger_Interface__BASE__C)
                  0000842c    00000004     empty_pem4f.oem4f (.const:xdc_runtime_IModule_Interface__BASE__C)
                  00008430    00000004     empty_pem4f.oem4f (.const:xdc_runtime_Log_L_error__C)
                  00008434    00000004     empty_pem4f.oem4f (.const:xdc_runtime_Memory_defaultHeapInstance__C)
                  00008438    00000004     empty_pem4f.oem4f (.const:xdc_runtime_Startup_execImpl__C)
                  0000843c    00000004     empty_pem4f.oem4f (.const:xdc_runtime_Startup_lastFxns__A)
                  00008440    00000004     empty_pem4f.oem4f (.const:xdc_runtime_Startup_maxPasses__C)
                  00008444    00000004     empty_pem4f.oem4f (.const:xdc_runtime_Startup_sfxnRts__C)
                  00008448    00000004     empty_pem4f.oem4f (.const:xdc_runtime_Startup_sfxnTab__C)
                  0000844c    00000004     empty_pem4f.oem4f (.const:xdc_runtime_SysMin_bufSize__C)
                  00008450    00000004     empty_pem4f.oem4f (.const:xdc_runtime_SysMin_outputFunc__C)
                  00008454    00000004     empty_pem4f.oem4f (.const:xdc_runtime_System_Module__gateObj__C)
                  00008458    00000004     empty_pem4f.oem4f (.const:xdc_runtime_System_abortFxn__C)
                  0000845c    00000004     empty_pem4f.oem4f (.const:xdc_runtime_System_exitFxn__C)
                  00008460    00000004     empty_pem4f.oem4f (.const:xdc_runtime_System_extendFxn__C)
                  00008464    00000004     empty_pem4f.oem4f (.const:xdc_runtime_System_maxAtexitHandlers__C)
                  00008468    00000004     empty_pem4f.oem4f (.const:xdc_runtime_Text_charTab__C)
                  0000846c    00000004     empty_pem4f.oem4f (.const:xdc_runtime_Text_nameEmpty__C)
                  00008470    00000004     empty_pem4f.oem4f (.const:xdc_runtime_Text_nameStatic__C)
                  00008474    00000004     empty_pem4f.oem4f (.const:xdc_runtime_Text_nameUnknown__C)
                  00008478    00000004     empty_pem4f.oem4f (.const:xdc_runtime_Text_nodeTab__C)
                  0000847c    00000004     empty_pem4f.oem4f (.const:xdc_runtime_Text_visitRopeFxn__C)
                  00008480    00000002     empty_pem4f.oem4f (.const:ti_sysbios_family_arm_lm4_TimestampProvider_useClockTimer__C)
                  00008482    00000002     empty_pem4f.oem4f (.const:ti_sysbios_family_arm_m3_Hwi_Module__id__C)
                  00008484    00000002     empty_pem4f.oem4f (.const:ti_sysbios_family_arm_m3_Hwi_Module__loggerDefined__C)
                  00008486    00000002     empty_pem4f.oem4f (.const:ti_sysbios_gates_GateMutex_Module__id__C)
                  00008488    00000002     empty_pem4f.oem4f (.const:ti_sysbios_hal_Hwi_Module__id__C)
                  0000848a    00000002     empty_pem4f.oem4f (.const:ti_sysbios_knl_Clock_Module__id__C)
                  0000848c    00000002     empty_pem4f.oem4f (.const:ti_sysbios_knl_Clock_Module__loggerDefined__C)
                  0000848e    00000002     empty_pem4f.oem4f (.const:ti_sysbios_knl_Semaphore_Module__id__C)
                  00008490    00000002     empty_pem4f.oem4f (.const:ti_sysbios_knl_Semaphore_Module__loggerDefined__C)
                  00008492    00000002     empty_pem4f.oem4f (.const:ti_sysbios_knl_Swi_Module__id__C)
                  00008494    00000002     empty_pem4f.oem4f (.const:ti_sysbios_knl_Swi_Module__loggerDefined__C)
                  00008496    00000002     empty_pem4f.oem4f (.const:ti_sysbios_knl_Task_Module__id__C)
                  00008498    00000002     empty_pem4f.oem4f (.const:ti_sysbios_knl_Task_Module__loggerDefined__C)
                  0000849a    00000002     empty_pem4f.oem4f (.const:ti_sysbios_utils_Load_Module__id__C)
                  0000849c    00000002     empty_pem4f.oem4f (.const:ti_sysbios_utils_Load_Module__loggerDefined__C)
                  0000849e    00000002     empty_pem4f.oem4f (.const:ti_sysbios_utils_Load_updateInIdle__C)
                  000084a0    00000002     empty_pem4f.oem4f (.const:ti_uia_loggers_LoggerStopMode_Module__id__C)
                  000084a2    00000002     empty_pem4f.oem4f (.const:ti_uia_loggers_LoggerStopMode_isTimestampEnabled__C)
                  000084a4    00000002     empty_pem4f.oem4f (.const:xdc_runtime_Core_Module__id__C)
                  000084a6    00000002     empty_pem4f.oem4f (.const:xdc_runtime_Error_Module__loggerDefined__C)
                  000084a8    00000002     empty_pem4f.oem4f (.const:xdc_runtime_Error_maxDepth__C)
                  000084aa    00000002     empty_pem4f.oem4f (.const:xdc_runtime_HeapStd_Module__id__C)
                  000084ac    00000002     empty_pem4f.oem4f (.const:xdc_runtime_Memory_Module__id__C)
                  000084ae    00000002     empty_pem4f.oem4f (.const:xdc_runtime_SysMin_flushAtExit__C)
                  000084b0    00000002     empty_pem4f.oem4f (.const:xdc_runtime_Text_charCnt__C)
                  000084b2    00000002     empty_pem4f.oem4f (.const:xdc_runtime_Text_isLoaded__C)
                  000084b4    00000002     empty_pem4f.oem4f (.const:xdc_runtime_Text_registryModsLastId__C)
                  000084b6    00000002     empty_pem4f.oem4f (.const:xdc_runtime_Text_unnamedModsLastId__C)

.cinit     0    000084b8    00000470     
                  000084b8    00000439     (.cinit..data.load) [load image, compression = rle]
                  000088f1    00000003     --HOLE-- [fill = 0]
                  000088f4    0000000c     (__TI_handler_table)
                  00008900    00000008     (.cinit..bss.load) [load image, compression = zero_init]
                  00008908    00000008     (.cinit..vecs.load) [load image, compression = zero_init]
                  00008910    00000018     (__TI_cinit_table)

.init_array 
*          0    00000000    00000000     UNINITIALIZED

.vecs      0    20000000    00000360     UNINITIALIZED
                  20000000    00000360     empty_pem4f.oem4f (.vecs)

.bss       0    20000380    00001c30     UNINITIALIZED
                  20000380    00000800     empty_pem4f.oem4f (.bss:taskStackSection)
                  20000b80    00000400     empty_pem4f.oem4f (.bss:ti_uia_loggers_LoggerStopMode_Instance_State_1_packetArray__A)
                  20000f80    00000400     empty_pem4f.oem4f (.bss:ti_uia_loggers_LoggerStopMode_Instance_State_2_packetArray__A)
                  20001380    00000400     empty_pem4f.oem4f (.bss:xdc_runtime_SysMin_Module_State_0_outbuf__A)
                  20001780    00000360     empty_pem4f.oem4f (.bss:ti_sysbios_family_arm_m3_Hwi_dispatchTable)
                  20001ae0    00000008     (.common:parmbuf)
                  20001ae8    00000018     --HOLE--
                  20001b00    00000200     empty_pem4f.oem4f (.bss:ti_uia_loggers_LoggerStopMode_Instance_State_0_packetArray__A)
                  20001d00    00000120     rtsv7M4_T_le_v4SPD16_eabi.lib : trgmsg.obj (.bss:__CIOBUF_)
                  20001e20    00000060     --HOLE--
                  20001e80    00000030     empty_pem4f.oem4f (.bss:ti_uia_loggers_LoggerStopMode_Instance_State_0_hdr__A)
                  20001eb0    00000050     --HOLE--
                  20001f00    00000030     empty_pem4f.oem4f (.bss:ti_uia_loggers_LoggerStopMode_Instance_State_1_hdr__A)
                  20001f30    00000050     --HOLE--
                  20001f80    00000030     empty_pem4f.oem4f (.bss:ti_uia_loggers_LoggerStopMode_Instance_State_2_hdr__A)

.data      0    20001fb0    0000067a     UNINITIALIZED
                  20001fb0    00000184     empty_pem4f.oem4f (.data)
                  20002134    0000009c     empty_pem4f.oem4f (.data:ti_uia_loggers_LoggerStopMode_Object__table__V)
                  200021d0    00000098     empty_pem4f.oem4f (.data:ti_sysbios_utils_Load_Module__state__V)
                  20002268    00000080     empty_pem4f.oem4f (.data:ti_sysbios_family_arm_lm4_Timer_Object__table__V)
                  200022e8    00000080     empty_pem4f.oem4f (.data:ti_sysbios_knl_Swi_Module_State_0_readyQ__A)
                  20002368    00000080     empty_pem4f.oem4f (.data:ti_sysbios_knl_Task_Module_State_0_readyQ__A)
                  200023e8    00000060     empty_pem4f.oem4f (.data:ti_sysbios_knl_Swi_Object__table__V)
                  20002448    0000004c     empty_pem4f.oem4f (.data:ti_sysbios_knl_Task_Object__table__V)
                  20002494    00000048     empty_pem4f.oem4f (.data:ti_sysbios_family_arm_m3_Hwi_Object__table__V)
                  200024dc    00000044     empty_pem4f.oem4f (.data:ti_sysbios_knl_Task_Module__state__V)
                  20002520    00000038     empty_pem4f.oem4f (.data:ti_sysbios_gates_GateMutex_Object__table__V)
                  20002558    00000034     empty_pem4f.oem4f (.data:ti_sysbios_family_arm_m3_Hwi_Module__state__V)
                  2000258c    00000030     empty_pem4f.oem4f (.data:ti_sysbios_family_arm_lm4_Timer_Module_State_0_device__A)
                  200025bc    0000002c     empty_pem4f.oem4f (.data:ti_sysbios_knl_Clock_Module__state__V)
                  200025e8    00000024     empty_pem4f.oem4f (.data:ti_sysbios_BIOS_Module__state__V)
                  2000260c    00000008     rtsv7M4_T_le_v4SPD16_eabi.lib : _lock.obj (.data)
                  20002614    00000008                                   : exit.obj (.data)
                  2000261c    00000008     ti.uia.runtime.aem4f : QueueDescriptor.oem4f (.data)
                  20002624    00000004     rtsv7M4_T_le_v4SPD16_eabi.lib : stkdepth_vars.obj (.data)
                  20002628    00000002     main.obj (.data)

.stack     0    2000262c    00000400     UNINITIALIZED
                  2000262c    00000400     --HOLE--

.bootVecs 
*          0    00000000    00000008     DSECT
                  00000000    00000008     boot.aem4f : boot.oem4f (.bootVecs)

xdc.meta   0    00000000    000000e3     COPY SECTION
                  00000000    000000e3     empty_pem4f.oem4f (xdc.meta)

.TI.noinit 
*          0    20000380    00000000     UNINITIALIZED

.TI.persistent 
*          0    20001fb0    00000000     UNINITIALIZED


LINKER GENERATED COPY TABLES

__TI_cinit_table @ 00008910 records: 3, size/record: 8, table size: 24
	.data: load addr=000084b8, load size=00000439 bytes, run addr=20001fb0, run size=0000067a bytes, compression=rle
	.bss: load addr=00008900, load size=00000008 bytes, run addr=20000380, run size=00001c30 bytes, compression=zero_init
	.vecs: load addr=00008908, load size=00000008 bytes, run addr=20000000, run size=00000360 bytes, compression=zero_init


LINKER GENERATED HANDLER TABLE

__TI_handler_table @ 000088f4 records: 3, size/record: 4, table size: 12
	index: 0, handler: __TI_decompress_rle24
	index: 1, handler: __TI_decompress_none
	index: 2, handler: __TI_zero_init


GLOBAL SYMBOLS: SORTED ALPHABETICALLY BY Name 

address   name                                                              
-------   ----                                                              
00004be5  C$$EXIT                                                           
000042ef  C$$IO$$                                                           
000053f9  GPIODirModeSet                                                    
00001ce5  GPIOPadConfigSet                                                  
000040a3  GPIOPinRead                                                       
00005967  GPIOPinTypeGPIOOutput                                             
0000515b  GPIOPinWrite                                                      
00000d61  HOSTclock                                                         
00000d29  HOSTclose                                                         
00000ceb  HOSTgetenv                                                        
00000c8f  HOSTlseek                                                         
00000c3d  HOSTopen                                                          
00000bf1  HOSTread                                                          
00000b93  HOSTrename                                                        
00000b59  HOSTtime                                                          
00000b21  HOSTunlink                                                        
00000ad5  HOSTwrite                                                         
0000820c  LEDSwi                                                            
UNDEFED   SHT$$INIT_ARRAY$$Base                                             
UNDEFED   SHT$$INIT_ARRAY$$Limit                                            
0000204d  SysCtlClockGet                                                    
0000283d  SysCtlClockSet                                                    
00005b2b  SysCtlDelay                                                       
00004fe9  SysCtlPeripheralEnable                                            
0000445d  TimerConfigure                                                    
00005c79  TimerEnable                                                       
000007bd  TimerIntClear                                                     
00005d85  TimerIntEnable                                                    
00005b19  TimerLoadSet                                                      
00005765  Timer_ISR                                                         
00000000  __ASM__                                                           
20001d00  __CIOBUF_                                                         
00000061  __ISA__                                                           
00000074  __PLAT__                                                          
20002a2c  __STACK_END                                                       
00000400  __STACK_SIZE                                                      
2000282c  __STACK_TOP                                                       
00000095  __TARG__                                                          
00008910  __TI_CINIT_Base                                                   
00008928  __TI_CINIT_Limit                                                  
000088f4  __TI_Handler_Table_Base                                           
00008900  __TI_Handler_Table_Limit                                          
00003831  __TI_auto_init                                                    
20002614  __TI_cleanup_ptr                                                  
00005c87  __TI_decompress_none                                              
00005daf  __TI_decompress_rle24                                             
20002618  __TI_dtors_ptr                                                    
000042f3  __TI_readmsg                                                      
000084b8  __TI_static_base__                                                
000042c1  __TI_writemsg                                                     
00005cd1  __TI_zero_init                                                    
000000bb  __TRDR__                                                          
00003fbf  __aeabi_idiv0                                                     
00003f45  __aeabi_memclr                                                    
00003f45  __aeabi_memclr4                                                   
00003f45  __aeabi_memclr8                                                   
00003971  __aeabi_memcpy                                                    
00003971  __aeabi_memcpy4                                                   
00003971  __aeabi_memcpy8                                                   
00003f47  __aeabi_memset                                                    
00003f47  __aeabi_memset4                                                   
00003f47  __aeabi_memset8                                                   
00004dc5  __aeabi_uidiv                                                     
00004dc5  __aeabi_uidivmod                                                  
ffffffff  __binit__                                                         
ffffffff  __c_args__                                                        
2000262c  __stack                                                           
00005da9  __xdc__init                                                       
20002130  __xdc__init__addr                                                 
00005981  _args_main                                                        
000046f9  _c_int00                                                          
2000260c  _lock                                                             
00005aab  _nop                                                              
00005aa3  _register_lock                                                    
00005a9d  _register_unlock                                                  
20002610  _unlock                                                           
00004be9  abort                                                             
ffffffff  binit                                                             
00004949  copy_in                                                           
00004bf1  exit                                                              
00003b47  free                                                              
00004259  hardware_init                                                     
00008208  hw                                                                
20002628  i16ToggleCount                                                    
00004ba1  ledToggle                                                         
00005cdd  main                                                              
20002624  main_func_sp                                                      
00000fa5  malloc                                                            
00003971  memcpy                                                            
00003f4d  memset                                                            
00005ab1  strcpy                                                            
00005ac5  strlen                                                            
00008238  ti_catalog_arm_cortexm4_tiva_ce_Boot_A_mustUseEnhancedClockMode__C
0000823c  ti_catalog_arm_cortexm4_tiva_ce_Boot_Module__diagsEnabled__C      
00008240  ti_catalog_arm_cortexm4_tiva_ce_Boot_Module__diagsIncluded__C     
00008244  ti_catalog_arm_cortexm4_tiva_ce_Boot_Module__diagsMask__C         
00007ec2  ti_catalog_arm_cortexm4_tiva_ce_Boot_Module__id__C                
00005cc5  ti_catalog_arm_cortexm4_tiva_ce_Boot_init__I                      
00002265  ti_catalog_arm_cortexm4_tiva_ce_Boot_sysCtlClockSetI__I           
00003b49  ti_catalog_arm_cortexm4_tiva_ce_Boot_sysCtlClockSet__E            
00005db5  ti_catalog_arm_cortexm4_tiva_ce_Boot_sysCtlDelayI__I              
200025e8  ti_sysbios_BIOS_Module__state__V                                  
000058b1  ti_sysbios_BIOS_RtsGateProxy_Handle__label__S                     
00005555  ti_sysbios_BIOS_RtsGateProxy_Object__delete__S                    
00001125  ti_sysbios_BIOS_RtsGateProxy_enter__E                             
0000129d  ti_sysbios_BIOS_RtsGateProxy_leave__E                             
00005df1  ti_sysbios_BIOS_RtsGateProxy_query__E                             
00005195  ti_sysbios_BIOS_atExitFunc__I                                     
00005729  ti_sysbios_BIOS_errorRaiseHook__I                                 
00005a59  ti_sysbios_BIOS_exitFunc__I                                       
00005b59  ti_sysbios_BIOS_getCpuFreq__E                                     
00004257  ti_sysbios_BIOS_nullFunc__I                                       
000054c5  ti_sysbios_BIOS_registerRTSLock__I                                
000054e9  ti_sysbios_BIOS_removeRTSLock__I                                  
00005605  ti_sysbios_BIOS_rtsLock__I                                        
00005999  ti_sysbios_BIOS_rtsUnlock__I                                      
00005b69  ti_sysbios_BIOS_setThreadType__E                                  
0000550d  ti_sysbios_BIOS_startFunc__I                                      
00005b79  ti_sysbios_BIOS_start__E                                          
2000258c  ti_sysbios_family_arm_lm4_Timer_Module_State_0_device__A          
20001fd8  ti_sysbios_family_arm_lm4_Timer_Module_State_0_handles__A         
20001fd0  ti_sysbios_family_arm_lm4_Timer_Module__root__V                   
000059b1  ti_sysbios_family_arm_lm4_Timer_Module__startupDone__F            
000059b1  ti_sysbios_family_arm_lm4_Timer_Module__startupDone__S            
20001ff0  ti_sysbios_family_arm_lm4_Timer_Module__state__V                  
000043f9  ti_sysbios_family_arm_lm4_Timer_Module_startup__E                 
20002268  ti_sysbios_family_arm_lm4_Timer_Object__table__V                  
00008248  ti_sysbios_family_arm_lm4_Timer_enableFunc__C                     
00003591  ti_sysbios_family_arm_lm4_Timer_enableTimers__I                   
00003431  ti_sysbios_family_arm_lm4_Timer_enableTiva__I                     
00005ce9  ti_sysbios_family_arm_lm4_Timer_getMaxTicks__E                    
00005de1  ti_sysbios_family_arm_lm4_Timer_getPeriod__E                      
000044c1  ti_sysbios_family_arm_lm4_Timer_isrStub__E                        
00005d8d  ti_sysbios_family_arm_lm4_Timer_masterDisable__I                  
0000156d  ti_sysbios_family_arm_lm4_Timer_masterEnable__I                   
0000824c  ti_sysbios_family_arm_lm4_Timer_numTimerDevices__C                
000012a1  ti_sysbios_family_arm_lm4_Timer_start__E                          
00008250  ti_sysbios_family_arm_lm4_Timer_startupNeeded__C                  
00004e09  ti_sysbios_family_arm_lm4_Timer_startup__E                        
00004c29  ti_sysbios_family_arm_lm4_Timer_stop__E                           
000055c1  ti_sysbios_family_arm_lm4_Timer_write__I                          
20001ffc  ti_sysbios_family_arm_lm4_TimestampProvider_Module__state__V      
00005dc1  ti_sysbios_family_arm_lm4_TimestampProvider_Module_startup__E     
00002af9  ti_sysbios_family_arm_lm4_TimestampProvider_get32__E              
00000fa9  ti_sysbios_family_arm_lm4_TimestampProvider_get64__E              
00005b59  ti_sysbios_family_arm_lm4_TimestampProvider_getFreq__E            
00005b89  ti_sysbios_family_arm_lm4_TimestampProvider_rolloverFunc__E       
00005cf9  ti_sysbios_family_arm_lm4_TimestampProvider_startTimer__E         
00008480  ti_sysbios_family_arm_lm4_TimestampProvider_useClockTimer__C      
00008254  ti_sysbios_family_arm_m3_Hwi_E_NMI__C                             
00008258  ti_sysbios_family_arm_m3_Hwi_E_busFault__C                        
0000825c  ti_sysbios_family_arm_m3_Hwi_E_debugMon__C                        
00008260  ti_sysbios_family_arm_m3_Hwi_E_hardFault__C                       
00008264  ti_sysbios_family_arm_m3_Hwi_E_memFault__C                        
00008268  ti_sysbios_family_arm_m3_Hwi_E_noIsr__C                           
0000826c  ti_sysbios_family_arm_m3_Hwi_E_reserved__C                        
00008270  ti_sysbios_family_arm_m3_Hwi_E_svCall__C                          
00008274  ti_sysbios_family_arm_m3_Hwi_E_usageFault__C                      
0000587d  ti_sysbios_family_arm_m3_Hwi_Handle__label__S                     
00008278  ti_sysbios_family_arm_m3_Hwi_LD_end__C                            
0000827c  ti_sysbios_family_arm_m3_Hwi_LM_begin__C                          
2000200c  ti_sysbios_family_arm_m3_Hwi_Module_State_0_excActive__A          
20002010  ti_sysbios_family_arm_m3_Hwi_Module_State_0_excContext__A         
20002014  ti_sysbios_family_arm_m3_Hwi_Module_State_0_excStack__A           
00008280  ti_sysbios_family_arm_m3_Hwi_Module__diagsEnabled__C              
00008284  ti_sysbios_family_arm_m3_Hwi_Module__diagsIncluded__C             
00008288  ti_sysbios_family_arm_m3_Hwi_Module__diagsMask__C                 
00008482  ti_sysbios_family_arm_m3_Hwi_Module__id__C                        
00008484  ti_sysbios_family_arm_m3_Hwi_Module__loggerDefined__C             
0000828c  ti_sysbios_family_arm_m3_Hwi_Module__loggerFxn1__C                
00008290  ti_sysbios_family_arm_m3_Hwi_Module__loggerFxn8__C                
00008294  ti_sysbios_family_arm_m3_Hwi_Module__loggerObj__C                 
20002004  ti_sysbios_family_arm_m3_Hwi_Module__root__V                      
000059c9  ti_sysbios_family_arm_m3_Hwi_Module__startupDone__F               
000059c9  ti_sysbios_family_arm_m3_Hwi_Module__startupDone__S               
20002558  ti_sysbios_family_arm_m3_Hwi_Module__state__V                     
00004859  ti_sysbios_family_arm_m3_Hwi_Module_startup__E                    
00008298  ti_sysbios_family_arm_m3_Hwi_NUM_INTERRUPTS__C                    
0000829c  ti_sysbios_family_arm_m3_Hwi_Object__count__C                     
00005ad9  ti_sysbios_family_arm_m3_Hwi_Object__get__S                       
20002494  ti_sysbios_family_arm_m3_Hwi_Object__table__V                     
000082a0  ti_sysbios_family_arm_m3_Hwi_ccr__C                               
00005d09  ti_sysbios_family_arm_m3_Hwi_disableFxn__E                        
00004a81  ti_sysbios_family_arm_m3_Hwi_disableInterrupt__E                  
00001941  ti_sysbios_family_arm_m3_Hwi_dispatchC__I                         
[...]
00008250  ti_sysbios_family_arm_lm4_Timer_startupNeeded__C                  
00008254  ti_sysbios_family_arm_m3_Hwi_E_NMI__C                             
00008258  ti_sysbios_family_arm_m3_Hwi_E_busFault__C                        
0000825c  ti_sysbios_family_arm_m3_Hwi_E_debugMon__C                        
00008260  ti_sysbios_family_arm_m3_Hwi_E_hardFault__C                       
00008264  ti_sysbios_family_arm_m3_Hwi_E_memFault__C                        
00008268  ti_sysbios_family_arm_m3_Hwi_E_noIsr__C                           
0000826c  ti_sysbios_family_arm_m3_Hwi_E_reserved__C                        
00008270  ti_sysbios_family_arm_m3_Hwi_E_svCall__C                          
00008274  ti_sysbios_family_arm_m3_Hwi_E_usageFault__C                      
00008278  ti_sysbios_family_arm_m3_Hwi_LD_end__C                            
0000827c  ti_sysbios_family_arm_m3_Hwi_LM_begin__C                          
00008280  ti_sysbios_family_arm_m3_Hwi_Module__diagsEnabled__C              
00008284  ti_sysbios_family_arm_m3_Hwi_Module__diagsIncluded__C             
00008288  ti_sysbios_family_arm_m3_Hwi_Module__diagsMask__C                 
0000828c  ti_sysbios_family_arm_m3_Hwi_Module__loggerFxn1__C                
00008290  ti_sysbios_family_arm_m3_Hwi_Module__loggerFxn8__C                
00008294  ti_sysbios_family_arm_m3_Hwi_Module__loggerObj__C                 
00008298  ti_sysbios_family_arm_m3_Hwi_NUM_INTERRUPTS__C                    
0000829c  ti_sysbios_family_arm_m3_Hwi_Object__count__C                     
000082a0  ti_sysbios_family_arm_m3_Hwi_ccr__C                               
000082a4  ti_sysbios_family_arm_m3_Hwi_excHandlerFunc__C                    
000082a8  ti_sysbios_family_arm_m3_Hwi_excHookFuncs__C                      
000082ac  ti_sysbios_family_arm_m3_Hwi_nullIsrFunc__C                       
000082b0  ti_sysbios_family_arm_m3_Hwi_priGroup__C                          
000082b4  ti_sysbios_gates_GateMutex_A_badContext__C                        
000082b8  ti_sysbios_gates_GateMutex_Instance_State_sem__O                  
000082bc  ti_sysbios_gates_GateMutex_Module__diagsEnabled__C                
000082c0  ti_sysbios_gates_GateMutex_Module__diagsIncluded__C               
000082c4  ti_sysbios_gates_GateMutex_Module__diagsMask__C                   
000082c8  ti_sysbios_hal_Hwi_E_stackOverflow__C                             
000082cc  ti_sysbios_heaps_HeapMem_Object__count__C                         
000082d0  ti_sysbios_knl_Clock_LM_begin__C                                  
000082d4  ti_sysbios_knl_Clock_LM_tick__C                                   
000082d8  ti_sysbios_knl_Clock_LW_delayed__C                                
000082dc  ti_sysbios_knl_Clock_Module_State_clockQ__O                       
000082e0  ti_sysbios_knl_Clock_Module__diagsEnabled__C                      
000082e4  ti_sysbios_knl_Clock_Module__diagsIncluded__C                     
000082e8  ti_sysbios_knl_Clock_Module__diagsMask__C                         
000082ec  ti_sysbios_knl_Clock_Module__loggerFxn1__C                        
000082f0  ti_sysbios_knl_Clock_Module__loggerFxn2__C                        
000082f4  ti_sysbios_knl_Clock_Module__loggerObj__C                         
000082f8  ti_sysbios_knl_Semaphore_A_badContext__C                          
000082fc  ti_sysbios_knl_Semaphore_A_noEvents__C                            
00008300  ti_sysbios_knl_Semaphore_A_overflow__C                            
00008304  ti_sysbios_knl_Semaphore_A_pendTaskDisabled__C                    
00008308  ti_sysbios_knl_Semaphore_Instance_State_pendQ__O                  
0000830c  ti_sysbios_knl_Semaphore_LM_pend__C                               
00008310  ti_sysbios_knl_Semaphore_LM_post__C                               
00008314  ti_sysbios_knl_Semaphore_Module__diagsEnabled__C                  
00008318  ti_sysbios_knl_Semaphore_Module__diagsIncluded__C                 
0000831c  ti_sysbios_knl_Semaphore_Module__diagsMask__C                     
00008320  ti_sysbios_knl_Semaphore_Module__loggerFxn2__C                    
00008324  ti_sysbios_knl_Semaphore_Module__loggerFxn4__C                    
00008328  ti_sysbios_knl_Semaphore_Module__loggerObj__C                     
0000832c  ti_sysbios_knl_Swi_LD_end__C                                      
00008330  ti_sysbios_knl_Swi_LM_begin__C                                    
00008334  ti_sysbios_knl_Swi_LM_post__C                                     
00008338  ti_sysbios_knl_Swi_Module__diagsEnabled__C                        
0000833c  ti_sysbios_knl_Swi_Module__diagsIncluded__C                       
00008340  ti_sysbios_knl_Swi_Module__diagsMask__C                           
00008344  ti_sysbios_knl_Swi_Module__loggerFxn1__C                          
00008348  ti_sysbios_knl_Swi_Module__loggerFxn4__C                          
0000834c  ti_sysbios_knl_Swi_Module__loggerObj__C                           
00008350  ti_sysbios_knl_Swi_Object__count__C                               
00008354  ti_sysbios_knl_Task_E_spOutOfBounds__C                            
00008358  ti_sysbios_knl_Task_E_stackOverflow__C                            
0000835c  ti_sysbios_knl_Task_LD_block__C                                   
00008360  ti_sysbios_knl_Task_LD_exit__C                                    
00008364  ti_sysbios_knl_Task_LD_ready__C                                   
00008368  ti_sysbios_knl_Task_LM_switch__C                                  
0000836c  ti_sysbios_knl_Task_Module_State_inactiveQ__O                     
00008370  ti_sysbios_knl_Task_Module__diagsEnabled__C                       
00008374  ti_sysbios_knl_Task_Module__diagsIncluded__C                      
00008378  ti_sysbios_knl_Task_Module__diagsMask__C                          
0000837c  ti_sysbios_knl_Task_Module__loggerFxn2__C                         
00008380  ti_sysbios_knl_Task_Module__loggerFxn4__C                         
00008384  ti_sysbios_knl_Task_Module__loggerObj__C                          
00008388  ti_sysbios_knl_Task_Object__count__C                              
0000838c  ti_sysbios_knl_Task_allBlockedFunc__C                             
00008390  ti_sysbios_knl_Task_numConstructedTasks__C                        
00008394  ti_sysbios_utils_Load_LS_cpuLoad__C                               
00008398  ti_sysbios_utils_Load_Module__diagsEnabled__C                     
0000839c  ti_sysbios_utils_Load_Module__diagsIncluded__C                    
000083a0  ti_sysbios_utils_Load_Module__diagsMask__C                        
000083a4  ti_sysbios_utils_Load_Module__loggerFxn1__C                       
000083a8  ti_sysbios_utils_Load_Module__loggerObj__C                        
000083ac  ti_sysbios_utils_Load_postUpdate__C                               
000083b0  ti_sysbios_utils_Load_windowInMs__C                               
000083b4  ti_uia_loggers_LoggerStopMode_Module__diagsEnabled__C             
000083b8  ti_uia_loggers_LoggerStopMode_Module__diagsIncluded__C            
000083bc  ti_uia_loggers_LoggerStopMode_Module__diagsMask__C                
000083c0  ti_uia_loggers_LoggerStopMode_Object__count__C                    
000083c4  ti_uia_runtime_ILoggerSnapshot_Interface__BASE__C                 
000083c8  ti_uia_runtime_IUIATransfer_Interface__BASE__C                    
000083cc  xdc_runtime_Assert_E_assertFailed__C                              
000083d0  xdc_runtime_Core_A_initializedParams__C                           
000083d4  xdc_runtime_Core_Module__diagsEnabled__C                          
000083d8  xdc_runtime_Core_Module__diagsIncluded__C                         
000083dc  xdc_runtime_Core_Module__diagsMask__C                             
000083e0  xdc_runtime_Error_E_memory__C                                     
000083e4  xdc_runtime_Error_Module__diagsEnabled__C                         
000083e8  xdc_runtime_Error_Module__diagsIncluded__C                        
000083ec  xdc_runtime_Error_Module__diagsMask__C                            
000083f0  xdc_runtime_Error_Module__loggerFxn8__C                           
000083f4  xdc_runtime_Error_Module__loggerObj__C                            
000083f8  xdc_runtime_Error_policyFxn__C                                    
000083fc  xdc_runtime_Error_raiseHook__C                                    
00008400  xdc_runtime_HeapStd_A_align__C                                    
00008404  xdc_runtime_HeapStd_A_invalidTotalFreeSize__C                     
00008408  xdc_runtime_HeapStd_A_zeroSize__C                                 
0000840c  xdc_runtime_HeapStd_E_noRTSMemory__C                              
00008410  xdc_runtime_HeapStd_Module__diagsEnabled__C                       
00008414  xdc_runtime_HeapStd_Module__diagsIncluded__C                      
00008418  xdc_runtime_HeapStd_Module__diagsMask__C                          
0000841c  xdc_runtime_IFilterLogger_Interface__BASE__C                      
00008420  xdc_runtime_IGateProvider_Interface__BASE__C                      
00008424  xdc_runtime_IHeap_Interface__BASE__C                              
00008428  xdc_runtime_ILogger_Interface__BASE__C                            
0000842c  xdc_runtime_IModule_Interface__BASE__C                            
00008430  xdc_runtime_Log_L_error__C                                        
00008434  xdc_runtime_Memory_defaultHeapInstance__C                         
00008438  xdc_runtime_Startup_execImpl__C                                   
0000843c  xdc_runtime_Startup_lastFxns__A                                   
00008440  xdc_runtime_Startup_maxPasses__C                                  
00008444  xdc_runtime_Startup_sfxnRts__C                                    
00008448  xdc_runtime_Startup_sfxnTab__C                                    
0000844c  xdc_runtime_SysMin_bufSize__C                                     
00008450  xdc_runtime_SysMin_outputFunc__C                                  
00008454  xdc_runtime_System_Module__gateObj__C                             
00008458  xdc_runtime_System_abortFxn__C                                    
0000845c  xdc_runtime_System_exitFxn__C                                     
00008460  xdc_runtime_System_extendFxn__C                                   
00008464  xdc_runtime_System_maxAtexitHandlers__C                           
00008468  xdc_runtime_Text_charTab__C                                       
0000846c  xdc_runtime_Text_nameEmpty__C                                     
00008470  xdc_runtime_Text_nameStatic__C                                    
00008474  xdc_runtime_Text_nameUnknown__C                                   
00008478  xdc_runtime_Text_nodeTab__C                                       
0000847c  xdc_runtime_Text_visitRopeFxn__C                                  
00008480  ti_sysbios_family_arm_lm4_TimestampProvider_useClockTimer__C      
00008482  ti_sysbios_family_arm_m3_Hwi_Module__id__C                        
00008484  ti_sysbios_family_arm_m3_Hwi_Module__loggerDefined__C             
00008486  ti_sysbios_gates_GateMutex_Module__id__C                          
00008488  ti_sysbios_hal_Hwi_Module__id__C                                  
0000848a  ti_sysbios_knl_Clock_Module__id__C                                
0000848c  ti_sysbios_knl_Clock_Module__loggerDefined__C                     
0000848e  ti_sysbios_knl_Semaphore_Module__id__C                            
00008490  ti_sysbios_knl_Semaphore_Module__loggerDefined__C                 
00008492  ti_sysbios_knl_Swi_Module__id__C                                  
00008494  ti_sysbios_knl_Swi_Module__loggerDefined__C                       
00008496  ti_sysbios_knl_Task_Module__id__C                                 
00008498  ti_sysbios_knl_Task_Module__loggerDefined__C                      
0000849a  ti_sysbios_utils_Load_Module__id__C                               
0000849c  ti_sysbios_utils_Load_Module__loggerDefined__C                    
0000849e  ti_sysbios_utils_Load_updateInIdle__C                             
000084a0  ti_uia_loggers_LoggerStopMode_Module__id__C                       
000084a2  ti_uia_loggers_LoggerStopMode_isTimestampEnabled__C               
000084a4  xdc_runtime_Core_Module__id__C                                    
000084a6  xdc_runtime_Error_Module__loggerDefined__C                        
000084a8  xdc_runtime_Error_maxDepth__C                                     
000084aa  xdc_runtime_HeapStd_Module__id__C                                 
000084ac  xdc_runtime_Memory_Module__id__C                                  
000084ae  xdc_runtime_SysMin_flushAtExit__C                                 
000084b0  xdc_runtime_Text_charCnt__C                                       
000084b2  xdc_runtime_Text_isLoaded__C                                      
000084b4  xdc_runtime_Text_registryModsLastId__C                            
000084b6  xdc_runtime_Text_unnamedModsLastId__C                             
000084b8  __TI_static_base__                                                
000088f4  __TI_Handler_Table_Base                                           
00008900  __TI_Handler_Table_Limit                                          
00008910  __TI_CINIT_Base                                                   
00008928  __TI_CINIT_Limit                                                  
20000000  ti_sysbios_family_arm_m3_Hwi_ramVectors                           
20000380  ti_sysbios_knl_Task_Instance_State_0_stack__A                     
20000b80  ti_uia_loggers_LoggerStopMode_Instance_State_1_packetArray__A     
20000f80  ti_uia_loggers_LoggerStopMode_Instance_State_2_packetArray__A     
20001380  xdc_runtime_SysMin_Module_State_0_outbuf__A                       
20001780  ti_sysbios_family_arm_m3_Hwi_dispatchTable                        
20001b00  ti_uia_loggers_LoggerStopMode_Instance_State_0_packetArray__A     
20001d00  __CIOBUF_                                                         
20001e80  ti_uia_loggers_LoggerStopMode_Instance_State_0_hdr__A             
20001f00  ti_uia_loggers_LoggerStopMode_Instance_State_1_hdr__A             
20001f80  ti_uia_loggers_LoggerStopMode_Instance_State_2_hdr__A             
20001fb0  xdc_runtime_Diags_dictElems                                       
20001fd0  ti_sysbios_family_arm_lm4_Timer_Module__root__V                   
20001fd8  ti_sysbios_family_arm_lm4_Timer_Module_State_0_handles__A         
20001ff0  ti_sysbios_family_arm_lm4_Timer_Module__state__V                  
20001ffc  ti_sysbios_family_arm_lm4_TimestampProvider_Module__state__V      
20002004  ti_sysbios_family_arm_m3_Hwi_Module__root__V                      
2000200c  ti_sysbios_family_arm_m3_Hwi_Module_State_0_excActive__A          
20002010  ti_sysbios_family_arm_m3_Hwi_Module_State_0_excContext__A         
20002014  ti_sysbios_family_arm_m3_Hwi_Module_State_0_excStack__A           
20002018  ti_sysbios_gates_GateHwi_Module__root__V                          
20002020  ti_sysbios_gates_GateHwi_Object__table__V                         
20002024  ti_sysbios_gates_GateMutex_Module__root__V                        
2000202c  ti_sysbios_hal_Hwi_Module__root__V                                
20002034  ti_sysbios_hal_Hwi_Object__table__V                               
2000203c  ti_sysbios_heaps_HeapMem_Module__root__V                          
20002044  ti_sysbios_knl_Clock_Module__root__V                              
2000204c  ti_sysbios_knl_Event_Module__root__V                              
20002058  ti_sysbios_knl_Queue_Module__root__V                              
20002060  ti_sysbios_knl_Semaphore_Module__root__V                          
20002068  ti_sysbios_knl_Swi_Module__root__V                                
20002070  ti_sysbios_knl_Swi_Module__state__V                               
2000208c  ti_sysbios_knl_Task_Module__root__V                               
20002098  ti_sysbios_knl_Task_Module_State_0_idleTask__A                    
2000209c  ti_sysbios_utils_Load_Module_State_0_taskStartTime__A             
200020a0  ti_sysbios_utils_Load_Module_State_0_runningTask__A               
200020a4  ti_uia_loggers_LoggerStopMode_Module__root__V                     
200020ac  ti_uia_loggers_LoggerStopMode_Module__state__V                    
200020b4  ti_uia_runtime_QueueDescriptor_Module__state__V                   
200020c0  xdc_runtime_Error_Module__state__V                                
200020c4  xdc_runtime_HeapStd_Module__root__V                               
200020cc  xdc_runtime_HeapStd_Object__table__V                              
200020d8  xdc_runtime_HeapStd_Module__state__V                              
200020dc  xdc_runtime_Main_Module__root__V                                  
200020e0  xdc_runtime_Memory_Module__state__V                               
200020e4  xdc_runtime_Registry_Module__state__V                             
200020ec  xdc_runtime_Startup_Module__state__V                              
200020f4  xdc_runtime_SysMin_Module__state__V                               
20002100  xdc_runtime_System_Module_State_0_atexitHandlers__A               
20002120  xdc_runtime_System_Module__state__V                               
20002128  xdc_runtime_Text_Module__state__V                                 
20002130  __xdc__init__addr                                                 
20002134  ti_uia_loggers_LoggerStopMode_Object__table__V                    
200021d0  ti_sysbios_utils_Load_Module__state__V                            
20002268  ti_sysbios_family_arm_lm4_Timer_Object__table__V                  
200022e8  ti_sysbios_knl_Swi_Module_State_0_readyQ__A                       
20002368  ti_sysbios_knl_Task_Module_State_0_readyQ__A                      
200023e8  ti_sysbios_knl_Swi_Object__table__V                               
20002448  ti_sysbios_knl_Task_Object__table__V                              
20002494  ti_sysbios_family_arm_m3_Hwi_Object__table__V                     
200024dc  ti_sysbios_knl_Task_Module__state__V                              
20002520  ti_sysbios_gates_GateMutex_Object__table__V                       
20002558  ti_sysbios_family_arm_m3_Hwi_Module__state__V                     
2000258c  ti_sysbios_family_arm_lm4_Timer_Module_State_0_device__A          
200025bc  ti_sysbios_knl_Clock_Module__state__V                             
200025e8  ti_sysbios_BIOS_Module__state__V                                  
2000260c  _lock                                                             
20002610  _unlock                                                           
20002614  __TI_cleanup_ptr                                                  
20002618  __TI_dtors_ptr                                                    
2000261c  ti_uia_runtime_QueueDescriptor_gPtrToFirstDescriptor              
20002620  ti_uia_runtime_QueueDescriptor_gUpdateCount                       
20002624  main_func_sp                                                      
20002628  i16ToggleCount                                                    
2000262c  __stack                                                           
2000282c  __STACK_TOP                                                       
20002a2c  __STACK_END                                                       
e000e000  ti_sysbios_family_arm_m3_Hwi_nvic                                 
ffffffff  __binit__                                                         
ffffffff  __c_args__                                                        
ffffffff  binit                                                             
UNDEFED   SHT$$INIT_ARRAY$$Base                                             
UNDEFED   SHT$$INIT_ARRAY$$Limit                                            

[653 symbols]
