******************************************************************************
                  TI ARM Linker PC v5.2.5                      
******************************************************************************
>> Linked Sat Apr 23 19:06:51 2016

OUTPUT FILE NAME:   <lab7.out>
ENTRY POINT SYMBOL: "_c_int00"  address: 000046c9


MEMORY CONFIGURATION

         name            origin    length      used     unused   attr    fill
----------------------  --------  ---------  --------  --------  ----  --------
  FLASH                 00000000   00040000  00008835  000377cb  R  X
  SRAM                  20000000   00008000  000029da  00005626  RW X


SEGMENT ALLOCATION MAP

run origin  load origin   length   init length attrs members
----------  ----------- ---------- ----------- ----- -------
00000000    00000000    00008840   00008840    r-x
  00000000    00000000    0000003c   0000003c    r-- .resetVecs
  00000040    00000040    00005d42   00005d42    r-x .text
  00005d84    00005d84    0000265f   0000265f    r-- .const
  000083e8    000083e8    00000458   00000458    r-- .cinit
20000000    20000000    00000360   00000000    rw-
  20000000    20000000    00000360   00000000    rw- .vecs
20000380    20000380    0000267c   00000000    rw-
  20000380    20000380    00001c30   00000000    rw- .bss
  20001fb0    20001fb0    0000064a   00000000    rw- .data
  200025fc    200025fc    00000400   00000000    rw- .stack


SECTION ALLOCATION MAP

 output                                  attributes/
section   page    origin      length       input sections
--------  ----  ----------  ----------   ----------------
.resetVecs 
*          0    00000000    0000003c     
                  00000000    0000003c     empty_pem4f.oem4f (.resetVecs)

.text      0    00000040    00005d42     
                  00000040    00000430     sysbios.aem4f : BIOS.obj (.text:ti_sysbios_family_arm_m3_Hwi_excDumpRegs__I)
                  00000470    0000034c     ti.targets.arm.rtsarm.aem4f : System.oem4f (.text:xdc_runtime_System_doPrint__I)
                  000007bc    00000004     empty_pem4f.oem4f (.text:malloc)
                  000007c0    00000314     sysbios.aem4f : BIOS.obj (.text:ti_sysbios_knl_Semaphore_pend__E)
                  00000ad4    000002d4     rtsv7M4_T_le_v4SPD16_eabi.lib : trgdrv.obj (.text)
                  00000da8    000001fc     sysbios.aem4f : BIOS.obj (.text:ti_sysbios_family_arm_m3_Hwi_excHandlerMax__I)
                  00000fa4    000001a4     main.obj (.text:ledToggle)
                  00001148    0000017c     sysbios.aem4f : BIOS.obj (.text:ti_sysbios_family_arm_lm4_TimestampProvider_get64__E)
                  000012c4    00000004     empty_pem4f.oem4f (.text:ti_sysbios_BIOS_RtsGateProxy_enter__E)
                  000012c8    00000174     sysbios.aem4f : BIOS.obj (.text:ti_sysbios_family_arm_m3_Hwi_excBusFault__I)
                  0000143c    00000004     empty_pem4f.oem4f (.text:ti_sysbios_BIOS_RtsGateProxy_leave__E)
                  00001440    00000168     sysbios.aem4f : BIOS.obj (.text:ti_sysbios_family_arm_lm4_Timer_start__E)
                  000015a8    00000164                   : BIOS.obj (.text:ti_sysbios_family_arm_m3_Hwi_excUsageFault__I)
                  0000170c    00000004                   : BIOS.obj (.text:ti_sysbios_family_arm_lm4_Timer_masterEnable__I)
                  00001710    00000148                   : BIOS.obj (.text:ti_sysbios_family_arm_m3_Hwi_excMemFault__I)
                  00001858    00000144     ti.targets.arm.rtsarm.aem4f : HeapStd.oem4f (.text:xdc_runtime_HeapStd_alloc__E)
                  0000199c    00000004     empty_pem4f.oem4f (.text:ti_sysbios_family_arm_m3_TaskSupport_Module__startupDone__S)
                  000019a0    00000140     sysbios.aem4f : BIOS.obj (.text:ti_sysbios_knl_Semaphore_post__E)
                  00001ae0    00000138                   : BIOS.obj (.text:ti_sysbios_family_arm_m3_Hwi_dispatchC__I)
                  00001c18    00000138     empty_pem4f.oem4f (.text:ti_uia_loggers_LoggerStopMode_writeMemoryRange__E)
                  00001d50    00000134     sysbios.aem4f : BIOS.obj (.text:ti_sysbios_knl_Clock_workFunc__E)
                  00001e84    00000130     driverlib.lib : gpio.obj (.text:GPIOPadConfigSet)
                  00001fb4    00000004     empty_pem4f.oem4f (.text:ti_sysbios_knl_Clock_TimerProxy_getMaxTicks__E)
                  00001fb8    0000011c     sysbios.aem4f : BIOS.obj (.text:ti_sysbios_knl_Swi_run__I)
                  000020d4    00000118     ti.targets.arm.rtsarm.aem4f : Error.oem4f (.text:xdc_runtime_Error_policyDefault__E)
                  000021ec    0000010c     empty_pem4f.oem4f (.text:ti_uia_loggers_LoggerStopMode_write8__E)
                  000022f8    00000100     Boot.aem4f : Boot_sysctl.oem4f (.text:ti_catalog_arm_cortexm4_tiva_ce_Boot_sysCtlClockSetI__I)
                  000023f8    00000100     ti.targets.arm.rtsarm.aem4f : Core-mem.oem4f (.text:xdc_runtime_Core_createObject__I)
                  000024f8    000000f8                                 : Startup.oem4f (.text:xdc_runtime_Startup_startMods__I)
                  000025f0    000000f8     empty_pem4f.oem4f (.text:xdc_runtime_System_printfExtend__I)
                  000026e8    000000f4     sysbios.aem4f : m3_Hwi_asm.obj (.text:ti_sysbios_family_arm_m3_Hwi_dispatch__I)
                  000027dc    000000f4     empty_pem4f.oem4f (.text:ti_uia_loggers_LoggerStopMode_write4__E)
                  000028d0    000000f0     driverlib.lib : sysctl.obj (.text:SysCtlClockSet)
                  000029c0    000000e8     empty_pem4f.oem4f (.text:ti_uia_loggers_LoggerStopMode_write2__E)
                  00002aa8    000000e4     empty_pem4f.oem4f (.text:ti_uia_loggers_LoggerStopMode_write1__E)
                  00002b8c    00000004     empty_pem4f.oem4f (.text:ti_sysbios_knl_Clock_TimerProxy_getPeriod__E)
                  00002b90    000000d8     sysbios.aem4f : BIOS.obj (.text:ti_sysbios_family_arm_lm4_TimestampProvider_get32__E)
                  00002c68    000000d8     empty_pem4f.oem4f (.text:ti_uia_loggers_LoggerStopMode_write0__E)
                  00002d40    000000cc     sysbios.aem4f : BIOS.obj (.text:ti_sysbios_knl_Task_schedule__I)
                  00002e0c    000000cc     ti.targets.arm.rtsarm.aem4f : Core-smem.oem4f (.text:xdc_runtime_Core_constructObject__I)
                  00002ed8    000000cc                                 : HeapStd.oem4f (.text:xdc_runtime_HeapStd_Instance_init__E)
                  00002fa4    00000004     empty_pem4f.oem4f (.text:ti_sysbios_knl_Queue_destruct)
                  00002fa8    000000bc     sysbios.aem4f : BIOS.obj (.text:ti_sysbios_family_arm_m3_Hwi_excDebugMon__I)
                  00003064    00000004     empty_pem4f.oem4f (.text:ti_sysbios_knl_Semaphore_destruct)
                  00003068    000000bc     sysbios.aem4f : BIOS.obj (.text:ti_sysbios_family_arm_m3_Hwi_excHardFault__I)
                  00003124    00000004     ti.uia.loggers.aem4f : LoggerStopMode.oem4f (.text:ti_uia_loggers_LoggerStopMode_getContents__E)
                  00003128    000000bc     sysbios.aem4f : BIOS.obj (.text:ti_sysbios_knl_Task_startCore__E)
                  000031e4    00000004     empty_pem4f.oem4f (.text:ti_uia_loggers_LoggerStopMode_getFilterLevel__E)
                  000031e8    000000bc     sysbios.aem4f : BIOS.obj (.text:ti_sysbios_utils_Load_updateLoads__E)
                  000032a4    00000004     ti.uia.loggers.aem4f : LoggerStopMode.oem4f (.text:ti_uia_loggers_LoggerStopMode_getInstanceId__E)
                  000032a8    000000b4     sysbios.aem4f : BIOS.obj (.text:ti_sysbios_gates_GateMutex_enter__E)
                  0000335c    00000004     ti.uia.loggers.aem4f : LoggerStopMode.oem4f (.text:ti_uia_loggers_LoggerStopMode_getMaxLength__E)
                  00003360    000000b4     sysbios.aem4f : BIOS.obj (.text:ti_sysbios_knl_Task_checkStacks__E)
                  00003414    00000004     ti.uia.loggers.aem4f : LoggerStopMode.oem4f (.text:ti_uia_loggers_LoggerStopMode_getPriority__E)
                  00003418    000000b0     sysbios.aem4f : BIOS.obj (.text:ti_sysbios_utils_Load_idleFxn__E)
                  000034c8    000000ac                   : BIOS.obj (.text:ti_sysbios_family_arm_lm4_Timer_enableTiva__I)
                  00003574    00000004     ti.uia.loggers.aem4f : LoggerStopMode.oem4f (.text:ti_uia_loggers_LoggerStopMode_getTransferType__E)
                  00003578    000000ac     sysbios.aem4f : BIOS.obj (.text:ti_sysbios_knl_Swi_post__E)
                  00003624    00000004     ti.targets.arm.rtsarm.aem4f : Error.oem4f (.text:xdc_runtime_Error_getSite__E)
                  00003628    000000a8     sysbios.aem4f : BIOS.obj (.text:ti_sysbios_family_arm_lm4_Timer_enableTimers__I)
                  000036d0    000000a8                   : BIOS.obj (.text:ti_sysbios_knl_Task_blockI__E)
                  00003778    000000a8                   : BIOS.obj (.text:ti_sysbios_knl_Task_postInit__I)
                  00003820    000000a8     ti.targets.arm.rtsarm.aem4f : HeapStd.oem4f (.text:xdc_runtime_HeapStd_free__E)
                  000038c8    000000a0     auto_init.aem4f : auto_init.oem4f (.text)
                  00003968    000000a0     ti.targets.arm.rtsarm.aem4f : Text.oem4f (.text:xdc_runtime_Text_putMod__E)
                  00003a08    0000009c     rtsv7M4_T_le_v4SPD16_eabi.lib : memcpy_t2.obj (.text)
                  00003aa4    00000004     ti.targets.arm.rtsarm.aem4f : HeapStd.oem4f (.text:xdc_runtime_HeapStd_isBlocking__E)
                  00003aa8    0000009c     sysbios.aem4f : BIOS.obj (.text:ti_sysbios_knl_Semaphore_Instance_init__E)
                  00003b44    0000009a     ti.targets.arm.rtsarm.aem4f : Text.oem4f (.text:xdc_runtime_Text_putSite__E)
                  00003bde    00000002     empty_pem4f.oem4f (.text:free)
                  00003be0    00000098     Boot.aem4f : Boot.oem4f (.text:ti_catalog_arm_cortexm4_tiva_ce_Boot_sysCtlClockSet__E)
                  00003c78    00000094     sysbios.aem4f : BIOS.obj (.text:ti_sysbios_family_arm_m3_Hwi_initNVIC__E)
                  00003d0c    00000004     empty_pem4f.oem4f (.text:xdc_runtime_System_Module_GateProxy_enter__E)
                  00003d10    00000094     sysbios.aem4f : BIOS.obj (.text:ti_sysbios_knl_Task_exit__E)
                  00003da4    00000004     empty_pem4f.oem4f (.text:xdc_runtime_System_Module_GateProxy_leave__E)
                  00003da8    00000090     sysbios.aem4f : BIOS.obj (.text:ti_sysbios_knl_Task_unblockI__E)
                  00003e38    00000090     ti.uia.loggers.aem4f : LoggerStopMode.oem4f (.text:ti_uia_loggers_LoggerStopMode_initQueueDescriptor__E)
                  00003ec8    0000008c     sysbios.aem4f : m3_TaskSupport_asm.obj (.text:ti_sysbios_family_arm_m3_TaskSupport_buildTaskStack)
                  00003f54    00000004     ti.targets.arm.rtsarm.aem4f : System.oem4f (.text:xdc_runtime_System_aprintf_va__F)
                  00003f58    00000084     sysbios.aem4f : BIOS.obj (.text:ti_sysbios_family_arm_m3_Hwi_postInit__I)
                  00003fdc    0000007a     rtsv7M4_T_le_v4SPD16_eabi.lib : memset_t2.obj (.text)
                  00004056    00000002                                   : i_div0.obj (.text)
                  00004058    00000074     ti.uia.runtime.aem4f : QueueDescriptor.oem4f (.text:ti_uia_runtime_QueueDescriptor_addToList__E)
                  000040cc    0000006d     ti.targets.arm.rtsarm.aem4f : System.oem4f (.text:xdc_runtime_System_formatNum__I)
                  00004139    00000001     --HOLE-- [fill = 0]
                  0000413a    00000006     driverlib.lib : gpio.obj (.text:GPIOPinRead)
                  00004140    0000006c     sysbios.aem4f : BIOS.obj (.text:ti_sysbios_knl_Swi_restoreHwi__E)
                  000041ac    0000006c     ti.targets.arm.rtsarm.aem4f : Error.oem4f (.text:xdc_runtime_Error_print__E)
                  00004218    0000006c                                 : Memory.oem4f (.text:xdc_runtime_Memory_alloc__E)
                  00004284    0000006a     rtsv7M4_T_le_v4SPD16_eabi.lib : copy_decompress_rle.obj (.text)
                  000042ee    00000002     empty_pem4f.oem4f (.text:ti_sysbios_BIOS_nullFunc__I)
                  000042f0    00000068     rtsv7M4_T_le_v4SPD16_eabi.lib : trgmsg.obj (.text)
                  00004358    00000066     ti.uia.loggers.aem4f : LoggerStopMode.oem4f (.text:ti_uia_loggers_LoggerStopMode_flush__E)
                  000043be    00000066     ti.targets.arm.rtsarm.aem4f : Core-mem.oem4f (.text:xdc_runtime_Core_deleteObject__I)
                  00004424    00000004                                 : System.oem4f (.text:xdc_runtime_System_printf_va__F)
                  00004428    00000064     sysbios.aem4f : BIOS.obj (.text:ti_sysbios_family_arm_lm4_Timer_Module_startup__E)
                  0000448c    00000002     empty_pem4f.oem4f (.text:ti_uia_loggers_LoggerStopMode_setFilterLevel__E)
                  0000448e    00000002     ti.uia.loggers.aem4f : LoggerStopMode.oem4f (.text:ti_uia_loggers_LoggerStopMode_setPriority__E)
                  00004490    00000060     sysbios.aem4f : BIOS.obj (.text:ti_sysbios_family_arm_lm4_Timer_isrStub__E)
                  000044f0    00000060                   : BIOS.obj (.text:ti_sysbios_knl_Clock_logTick__E)
                  00004550    00000060                   : BIOS.obj (.text:ti_sysbios_utils_Load_logCPULoad__I)
                  000045b0    0000005c                   : BIOS.obj (.text:ti_sysbios_knl_Swi_schedule__I)
                  0000460c    00000002     empty_pem4f.oem4f (.text:xdc_runtime_Startup_reset__I)
                  0000460e    00000002     --HOLE-- [fill = 0]
                  00004610    0000005c     sysbios.aem4f : BIOS.obj (.text:ti_sysbios_knl_Task_Module_startup__E)
                  0000466c    0000005b     ti.targets.arm.rtsarm.aem4f : Text.oem4f (.text:xdc_runtime_Text_putLab__E)
                  000046c7    00000001     --HOLE-- [fill = 0]
                  000046c8    00000058     boot.aem4f : boot.oem4f (.text)
                  00004720    00000058     sysbios.aem4f : m3_Hwi_asm_switch.obj (.text:ti_sysbios_family_arm_m3_Hwi_initStacks__E)
                  00004778    00000058     empty_pem4f.oem4f (.text:xdc_runtime_HeapStd_Object__create__S)
                  000047d0    00000054     ti.targets.arm.rtsarm.aem4f : Assert.oem4f (.text:xdc_runtime_Assert_raise__I)
                  00004824    00000004     --HOLE-- [fill = 0]
                  00004828    00000050     sysbios.aem4f : BIOS.obj (.text:ti_sysbios_family_arm_m3_Hwi_Module_startup__E)
                  00004878    00000050     ti.targets.arm.rtsarm.aem4f : Startup.oem4f (.text:xdc_runtime_Startup_exec__E)
                  000048c8    00000050                                 : Text.oem4f (.text:xdc_runtime_Text_visitRope2__I)
                  00004918    0000004c     rtsv7M4_T_le_v4SPD16_eabi.lib : cpy_tbl.obj (.text)
                  00004964    00000004     --HOLE-- [fill = 0]
                  00004968    0000004c     sysbios.aem4f : BIOS.obj (.text:ti_sysbios_knl_Swi_runLoop__I)
                  000049b4    00000004     --HOLE-- [fill = 0]
                  000049b8    0000004c                   : BIOS.obj (.text:ti_sysbios_knl_Task_allBlockedFunction__I)
                  00004a04    0000004c     ti.uia.loggers.aem4f : LoggerStopMode.oem4f (.text:ti_uia_loggers_LoggerStopMode_Module_startup__E)
                  00004a50    00000048     sysbios.aem4f : BIOS.obj (.text:ti_sysbios_family_arm_m3_Hwi_disableInterrupt__E)
                  00004a98    00000048                   : BIOS.obj (.text:ti_sysbios_family_arm_m3_Hwi_enableInterrupt__E)
                  00004ae0    00000048                   : BIOS.obj (.text:ti_sysbios_family_arm_m3_Hwi_excReserved__I)
                  00004b28    00000046     ti.targets.arm.rtsarm.aem4f : Core-params.oem4f (.text:xdc_runtime_Core_assignParams__I)
                  00004b6e    00000002     --HOLE-- [fill = 0]
                  00004b70    00000044     rtsv7M4_T_le_v4SPD16_eabi.lib : exit.obj (.text)
                  00004bb4    00000004     --HOLE-- [fill = 0]
                  00004bb8    00000044     sysbios.aem4f : BIOS.obj (.text:ti_sysbios_family_arm_lm4_Timer_stop__E)
                  00004bfc    00000004     --HOLE-- [fill = 0]
                  00004c00    00000044                   : BIOS.obj (.text:ti_sysbios_family_arm_m3_Hwi_getStackInfo__E)
                  00004c44    00000044     ti.uia.loggers.aem4f : LoggerStopMode.oem4f (.text:ti_uia_loggers_LoggerStopMode_initBuffer__I)
                  00004c88    00000044     ti.targets.arm.rtsarm.aem4f : Error.oem4f (.text:xdc_runtime_Error_setX__E)
                  00004ccc    00000044                                 : SysMin.oem4f (.text:xdc_runtime_SysMin_flush__E)
                  00004d10    00000044                                 : Text.oem4f (.text:xdc_runtime_Text_xprintf__I)
                  00004d54    00000040     rtsv7M4_T_le_v4SPD16_eabi.lib : u_divt2.obj (.text)
                  00004d94    00000004     --HOLE-- [fill = 0]
                  00004d98    00000040     sysbios.aem4f : BIOS.obj (.text:ti_sysbios_family_arm_lm4_Timer_startup__E)
                  00004dd8    0000003c                   : BIOS.obj (.text:ti_sysbios_family_arm_m3_Hwi_excSvCall__I)
                  00004e14    00000004     --HOLE-- [fill = 0]
                  00004e18    0000003c                   : BIOS.obj (.text:ti_sysbios_heaps_HeapMem_init__I)
                  00004e54    00000004     --HOLE-- [fill = 0]
                  00004e58    0000003c                   : BIOS.obj (.text:ti_sysbios_knl_Swi_startup__E)
                  00004e94    00000004     --HOLE-- [fill = 0]
                  00004e98    00000038                   : BIOS.obj (.text:ti_sysbios_family_arm_m3_Hwi_excNoIsr__I)
                  00004ed0    00000038                   : BIOS.obj (.text:ti_sysbios_knl_Task_processVitalTaskFlag__I)
                  00004f08    00000038     ti.targets.arm.rtsarm.aem4f : SysMin.oem4f (.text:xdc_runtime_SysMin_putch__E)
                  00004f40    00000038                                 : System.oem4f (.text:xdc_runtime_System_atexit__E)
                  00004f78    00000034     driverlib.lib : sysctl.obj (.text:SysCtlPeripheralEnable)
                  00004fac    00000004     --HOLE-- [fill = 0]
                  00004fb0    00000034     sysbios.aem4f : BIOS.obj (.text:ti_sysbios_family_arm_m3_Hwi_excNmi__I)
                  00004fe4    00000004     --HOLE-- [fill = 0]
                  00004fe8    00000034                   : BIOS.obj (.text:ti_sysbios_hal_Hwi_checkStack)
                  0000501c    00000034     ti.uia.loggers.aem4f : LoggerStopMode.oem4f (.text:ti_uia_loggers_LoggerStopMode_reset__E)
                  00005050    00000034     ti.targets.arm.rtsarm.aem4f : Core-label.oem4f (.text:xdc_runtime_Core_assignLabel__I)
                  00005084    00000033                                 : Text.oem4f (.text:xdc_runtime_Text_printVisFxn__I)
                  000050b7    00000001     --HOLE-- [fill = 0]
                  000050b8    00000032     sysbios.aem4f : BIOS.obj (.text:ti_sysbios_hal_Hwi_initStack)
                  000050ea    00000006     driverlib.lib : gpio.obj (.text:GPIOPinWrite)
                  000050f0    00000032     sysbios.aem4f : BIOS.obj (.text:ti_sysbios_knl_Semaphore_pendTimeout__I)
                  00005122    00000002     --HOLE-- [fill = 0]
                  00005124    00000030     main.obj (.text:hardware_init)
                  00005154    00000030     empty_pem4f.oem4f (.text:ti_sysbios_BIOS_atExitFunc__I)
                  00005184    00000004     --HOLE-- [fill = 0]
                  00005188    00000030     sysbios.aem4f : BIOS.obj (.text:ti_sysbios_family_arm_m3_TaskSupport_start__E)
                  000051b8    00000030     empty_pem4f.oem4f (.text:ti_sysbios_gates_GateHwi_Object__create__S)
                  000051e8    00000030     empty_pem4f.oem4f (.text:ti_sysbios_gates_GateMutex_Object__create__S)
                  00005218    00000030     empty_pem4f.oem4f (.text:ti_sysbios_knl_Semaphore_construct)
                  00005248    00000030     sysbios.aem4f : BIOS.obj (.text:ti_sysbios_utils_Load_updateCurrentThreadTime__E)
                  00005278    00000030     empty_pem4f.oem4f (.text:ti_uia_loggers_LoggerStopMode_Object__create__S)
                  000052a8    00000030     ti.targets.arm.rtsarm.aem4f : SysMin.oem4f (.text:xdc_runtime_SysMin_abort__E)
                  000052d8    00000030                                 : System.oem4f (.text:xdc_runtime_System_processAtExit__E)
                  00005308    0000002c     empty_pem4f.oem4f (.text:ti_sysbios_knl_Clock_doTick__I)
                  00005334    0000002c     empty_pem4f.oem4f (.text:ti_sysbios_knl_Queue_construct)
                  00005360    0000002c     sysbios.aem4f : BIOS.obj (.text:ti_sysbios_knl_Task_restore__E)
                  0000538c    0000002c     ti.targets.arm.rtsarm.aem4f : Text.oem4f (.text:xdc_runtime_Text_cordText__E)
                  000053b8    0000002a     driverlib.lib : gpio.obj (.text:GPIODirModeSet)
                  000053e2    0000002a     ti.targets.arm.rtsarm.aem4f : System.oem4f (.text:xdc_runtime_System_putchar__I)
                  0000540c    00000004     --HOLE-- [fill = 0]
                  00005410    00000028     sysbios.aem4f : BIOS.obj (.text:ti_sysbios_knl_Swi_Module_startup__E)
                  00005438    00000026                   : m3_Hwi_asm.obj (.text:ti_sysbios_family_arm_m3_Hwi_pendSV__I)
                  0000545e    00000026     ti.targets.arm.rtsarm.aem4f : System.oem4f (.text:xdc_runtime_System_avprintf__E)
                  00005484    00000024     empty_pem4f.oem4f (.text:ti_sysbios_BIOS_registerRTSLock__I)
                  000054a8    00000024     empty_pem4f.oem4f (.text:ti_sysbios_BIOS_removeRTSLock__I)
                  000054cc    00000024     empty_pem4f.oem4f (.text:ti_sysbios_BIOS_startFunc__I)
                  000054f0    00000024     sysbios.aem4f : BIOS.obj (.text:ti_sysbios_family_arm_m3_Hwi_doTaskRestore__I)
                  00005514    00000024     empty_pem4f.oem4f (.text:ti_sysbios_gates_GateMutex_Object__delete__S)
                  00005538    00000024     sysbios.aem4f : BIOS.obj (.text:ti_sysbios_knl_Clock_Module_startup__E)
                  0000555c    00000024     ti.targets.arm.rtsarm.aem4f : System.oem4f (.text:xdc_runtime_System_vprintf__E)
                  00005580    00000022     sysbios.aem4f : BIOS.obj (.text:ti_sysbios_family_arm_lm4_Timer_write__I)
                  000055a2    00000022     empty_pem4f.oem4f (.text:xdc_runtime_SysMin_output__I)
                  000055c4    00000020     empty_pem4f.oem4f (.text:ti_sysbios_BIOS_rtsLock__I)
                  000055e4    00000020     sysbios.aem4f : m3_Hwi_asm.obj (.text:ti_sysbios_family_arm_m3_Hwi_excHandlerAsm__I)
                  00005604    00000004     --HOLE-- [fill = 0]
                  00005608    00000020                   : BIOS.obj (.text:ti_sysbios_family_arm_m3_Hwi_excHandler__I)
                  00005628    00000020     empty_pem4f.oem4f (.text:ti_sysbios_gates_GateHwi_Object__delete__S)
                  00005648    00000020     sysbios.aem4f : BIOS.obj (.text:ti_sysbios_knl_Idle_run__E)
                  00005668    00000020     empty_pem4f.oem4f (.text:ti_sysbios_knl_Semaphore_Object__destruct__S)
                  00005688    00000020     empty_pem4f.oem4f (.text:ti_uia_loggers_LoggerStopMode_Object__delete__S)
                  000056a8    00000020     ti.targets.arm.rtsarm.aem4f : Registry.oem4f (.text:xdc_runtime_Registry_findById__E)
                  000056c8    00000020                                 : SysMin.oem4f (.text:xdc_runtime_SysMin_Module_startup__E)
                  000056e8    0000001e     empty_pem4f.oem4f (.text:ti_sysbios_BIOS_errorRaiseHook__I)
                  00005706    0000001e     sysbios.aem4f : m3_Hwi_asm_switch.obj (.text:ti_sysbios_family_xxx_Hwi_switchAndRunFunc)
                  00005724    00000004     --HOLE-- [fill = 0]
                  00005728    0000001c                   : BIOS.obj (.text:ti_sysbios_gates_GateMutex_Instance_init__E)
                  00005744    0000001c     empty_pem4f.oem4f (.text:ti_sysbios_knl_Queue_Object__destruct__S)
                  00005760    0000001c     sysbios.aem4f : BIOS.obj (.text:ti_sysbios_knl_Task_enter__I)
                  0000577c    0000001c     ti.uia.loggers.aem4f : LoggerStopMode.oem4f (.text:ti_uia_loggers_LoggerStopMode_Instance_init__E)
                  00005798    0000001c     ti.targets.arm.rtsarm.aem4f : Error.oem4f (.text:xdc_runtime_Error_raiseX__E)
                  000057b4    0000001c     empty_pem4f.oem4f (.text:xdc_runtime_HeapStd_Object__delete__S)
                  000057d0    0000001c     ti.targets.arm.rtsarm.aem4f : Memory.oem4f (.text:xdc_runtime_Memory_valloc__E)
                  000057ec    0000001c                                 : SysMin.oem4f (.text:xdc_runtime_SysMin_exit__E)
                  00005808    0000001c                                 : System.oem4f (.text:xdc_runtime_System_abort__E)
                  00005824    0000001a     empty_pem4f.oem4f (.text:ti_sysbios_family_arm_m3_Hwi_Handle__label__S)
                  0000583e    0000001a     empty_pem4f.oem4f (.text:ti_sysbios_gates_GateHwi_Handle__label__S)
                  00005858    0000001a     empty_pem4f.oem4f (.text:ti_sysbios_gates_GateMutex_Handle__label__S)
                  00005872    0000001a     empty_pem4f.oem4f (.text:ti_sysbios_knl_Swi_Handle__label__S)
                  0000588c    0000001a     empty_pem4f.oem4f (.text:ti_sysbios_knl_Task_Handle__label__S)
                  000058a6    0000001a     empty_pem4f.oem4f (.text:ti_uia_loggers_LoggerStopMode_Handle__label__S)
                  000058c0    0000001a     empty_pem4f.oem4f (.text:xdc_runtime_HeapStd_Handle__label__S)
                  000058da    0000001a     empty_pem4f.oem4f (.text:xdc_runtime_System_aprintf__E)
                  000058f4    0000001a     empty_pem4f.oem4f (.text:xdc_runtime_System_printf__E)
                  0000590e    00000018     driverlib.lib : gpio.obj (.text:GPIOPinTypeGPIOOutput)
                  00005926    00000002     --HOLE-- [fill = 0]
                  00005928    00000018     rtsv7M4_T_le_v4SPD16_eabi.lib : args_main.obj (.text)
                  00005940    00000018     empty_pem4f.oem4f (.text:ti_sysbios_BIOS_rtsUnlock__I)
                  00005958    00000018     empty_pem4f.oem4f (.text:ti_sysbios_family_arm_lm4_Timer_Module__startupDone__F)
                  00005970    00000018     empty_pem4f.oem4f (.text:ti_sysbios_family_arm_m3_Hwi_Module__startupDone__F)
                  00005988    00000018     sysbios.aem4f : m3_TaskSupport_asm.obj (.text:ti_sysbios_family_arm_m3_TaskSupport_swap__E)
                  000059a0    00000018                   : BIOS.obj (.text:ti_sysbios_gates_GateMutex_leave__E)
                  000059b8    00000018     ti.targets.arm.rtsarm.aem4f : Error.oem4f (.text:xdc_runtime_Error_check__E)
                  000059d0    00000018                                 : System.oem4f (.text:xdc_runtime_System_exit__E)
                  000059e8    00000018                                 : Text.oem4f (.text:xdc_runtime_Text_ropeText__E)
                  00005a00    00000016     empty_pem4f.oem4f (.text:ti_sysbios_BIOS_exitFunc__I)
                  00005a16    00000016     ti.uia.loggers.aem4f : LoggerStopMode.oem4f (.text:ti_uia_loggers_LoggerStopMode_disable__E)
                  00005a2c    00000016                          : LoggerStopMode.oem4f (.text:ti_uia_loggers_LoggerStopMode_enable__E)
                  00005a42    00000002     --HOLE-- [fill = 0]
                  00005a44    00000014     rtsv7M4_T_le_v4SPD16_eabi.lib : _lock.obj (.text)
                  00005a58    00000014                                   : strcpy.obj (.text)
                  00005a6c    00000014                                   : strlen.obj (.text)
                  00005a80    00000014     empty_pem4f.oem4f (.text:ti_sysbios_family_arm_m3_Hwi_Object__get__S)
                  00005a94    00000004     --HOLE-- [fill = 0]
                  00005a98    00000014     sysbios.aem4f : BIOS.obj (.text:ti_sysbios_family_arm_m3_Hwi_switchFromBootStack__E)
                  00005aac    00000014     empty_pem4f.oem4f (.text:ti_sysbios_knl_Swi_Object__get__S)
                  00005ac0    00000012     sysbios.aem4f : BIOS.obj (.text:ti_sysbios_hal_Hwi_Module_startup__E)
                  00005ad2    00000012     empty_pem4f.oem4f (.text:xdc_runtime_Startup_exec__I)
                  00005ae4    00000004     --HOLE-- [fill = 0]
                  00005ae8    00000010     sysbios.aem4f : BIOS.obj (.text:ti_sysbios_BIOS_getCpuFreq__E)
                  00005af8    00000010                   : BIOS.obj (.text:ti_sysbios_BIOS_setThreadType__E)
                  00005b08    00000010                   : BIOS.obj (.text:ti_sysbios_BIOS_start__E)
                  00005b18    00000010                   : BIOS.obj (.text:ti_sysbios_family_arm_lm4_TimestampProvider_rolloverFunc__E)
                  00005b28    00000010                   : m3_TaskSupport_asm.obj (.text:ti_sysbios_family_arm_m3_TaskSupport_glue)
                  00005b38    00000010                   : BIOS.obj (.text:ti_sysbios_gates_GateMutex_Instance_finalize__E)
                  00005b48    00000010     empty_pem4f.oem4f (.text:ti_sysbios_heaps_HeapMem_Object__get__S)
                  00005b58    00000010     sysbios.aem4f : BIOS.obj (.text:ti_sysbios_knl_Semaphore_Instance_finalize__E)
                  00005b68    00000010                   : BIOS.obj (.text:ti_sysbios_knl_Swi_disable__E)
                  00005b78    00000010     empty_pem4f.oem4f (.text:ti_sysbios_knl_Task_Object__get__S)
                  00005b88    00000010     sysbios.aem4f : BIOS.obj (.text:ti_sysbios_knl_Task_disable__E)
                  00005b98    00000010     empty_pem4f.oem4f (.text:ti_uia_loggers_LoggerStopMode_Object__get__S)
                  00005ba8    00000010     ti.uia.loggers.aem4f : LoggerStopMode.oem4f (.text:ti_uia_loggers_LoggerStopMode_isEmpty__E)
                  00005bb8    00000010     ti.targets.arm.rtsarm.aem4f : Gate.oem4f (.text:xdc_runtime_Gate_leaveSystem__E)
                  00005bc8    00000010                                 : Memory.oem4f (.text:xdc_runtime_Memory_free__E)
                  00005bd8    00000010                                 : SysMin.oem4f (.text:xdc_runtime_SysMin_ready__E)
                  00005be8    00000010                                 : System.oem4f (.text:xdc_runtime_System_vsnprintf__E)
                  00005bf8    00000010     empty_pem4f.oem4f (.text:xdc_runtime_Text_visitRope__I)
                  00005c08    0000000e     rtsv7M4_T_le_v4SPD16_eabi.lib : copy_decompress_none.obj (.text:decompress:none)
                  00005c16    00000002     --HOLE-- [fill = 0]
                  00005c18    0000000e     sysbios.aem4f : BIOS.obj (.text:ti_sysbios_knl_Idle_loop__E)
                  00005c26    00000002     --HOLE-- [fill = 0]
                  00005c28    0000000e                   : BIOS.obj (.text:ti_sysbios_knl_Queue_empty__E)
                  00005c36    0000000e     ti.targets.arm.rtsarm.aem4f : HeapStd.oem4f (.text:xdc_runtime_HeapStd_getStats__E)
                  00005c44    0000000c     empty_pem4f.oem4f (.text:.bootCodeSection:ti_catalog_arm_cortexm4_tiva_ce_Boot_init__I)
                  00005c50    0000000c     rtsv7M4_T_le_v4SPD16_eabi.lib : copy_zero_init.obj (.text:decompress:ZI)
                  00005c5c    0000000c     main.obj (.text:main)
                  00005c68    0000000c     sysbios.aem4f : BIOS.obj (.text:ti_sysbios_family_arm_lm4_Timer_getMaxTicks__E)
                  00005c74    00000004     --HOLE-- [fill = 0]
                  00005c78    0000000c                   : BIOS.obj (.text:ti_sysbios_family_arm_lm4_TimestampProvider_startTimer__E)
                  00005c84    00000004     --HOLE-- [fill = 0]
                  00005c88    0000000c                   : BIOS.obj (.text:ti_sysbios_family_arm_m3_Hwi_disableFxn__E)
                  00005c94    00000004     --HOLE-- [fill = 0]
                  00005c98    0000000c                   : BIOS.obj (.text:ti_sysbios_family_arm_m3_TaskSupport_checkStack__E)
                  00005ca4    00000004     --HOLE-- [fill = 0]
                  00005ca8    0000000c                   : BIOS.obj (.text:ti_sysbios_gates_GateHwi_enter__E)
                  00005cb4    0000000c     empty_pem4f.oem4f (.text:ti_sysbios_knl_Queue_Object__get__S)
                  00005cc0    0000000c     ti.targets.arm.rtsarm.aem4f : Error.oem4f (.text:xdc_runtime_Error_init__E)
                  00005ccc    0000000c                                 : Gate.oem4f (.text:xdc_runtime_Gate_enterSystem__E)
                  00005cd8    0000000c                                 : Memory.oem4f (.text:xdc_runtime_Memory_calloc__E)
                  00005ce4    0000000c                                 : Memory.oem4f (.text:xdc_runtime_Memory_getMaxDefaultTypeAlign__E)
                  00005cf0    0000000a     empty_pem4f.oem4f (.text:xdc_runtime_IHeap_alloc)
                  00005cfa    0000000a     empty_pem4f.oem4f (.text:xdc_runtime_IHeap_free)
                  00005d04    00000008     sysbios.aem4f : BIOS.obj (.text:ti_sysbios_family_arm_lm4_Timer_masterDisable__I)
                  00005d0c    00000004     --HOLE-- [fill = 0]
                  00005d10    00000008                   : BIOS.obj (.text:ti_sysbios_family_arm_m3_Hwi_doSwiRestore__I)
                  00005d18    00000008                   : BIOS.obj (.text:ti_sysbios_family_arm_m3_Hwi_startup__E)
                  00005d20    00000006     driverlib.lib : sysctl.obj (.text:SysCtlDelay)
                  00005d26    00000006     ti.targets.arm.rtsarm.aem4f : xdc_noinit.oem4f (.text:__xdc__init)
                  00005d2c    00000006     rtsv7M4_T_le_v4SPD16_eabi.lib : copy_decompress_rle.obj (.text:decompress:rle24)
                  00005d32    00000006     Boot.aem4f : Boot_sysctl.oem4f (.text:ti_catalog_arm_cortexm4_tiva_ce_Boot_sysCtlDelayI__I)
                  00005d38    00000006     sysbios.aem4f : BIOS.obj (.text:ti_sysbios_family_arm_lm4_TimestampProvider_Module_startup__E)
                  00005d3e    00000002     --HOLE-- [fill = 0]
                  00005d40    00000006                   : BIOS.obj (.text:ti_sysbios_family_arm_m3_Hwi_restoreFxn__E)
                  00005d46    00000002     --HOLE-- [fill = 0]
                  00005d48    00000006                   : BIOS.obj (.text:ti_sysbios_gates_GateHwi_leave__E)
                  00005d4e    00000002     --HOLE-- [fill = 0]
                  00005d50    00000006                   : BIOS.obj (.text:ti_sysbios_knl_Queue_Instance_init__E)
                  00005d56    00000006     ti.targets.arm.rtsarm.aem4f : System.oem4f (.text:xdc_runtime_System_Module_startup__E)
                  00005d5c    00000004     --HOLE-- [fill = 0]
                  00005d60    00000004     sysbios.aem4f : BIOS.obj (.text:ti_sysbios_family_arm_lm4_Timer_getPeriod__E)
                  00005d64    00000004     --HOLE-- [fill = 0]
                  00005d68    00000004                   : BIOS.obj (.text:ti_sysbios_gates_GateHwi_query__E)
                  00005d6c    00000004     --HOLE-- [fill = 0]
                  00005d70    00000004                   : BIOS.obj (.text:ti_sysbios_gates_GateMutex_query__E)
                  00005d74    00000004     --HOLE-- [fill = 0]
                  00005d78    00000004                   : BIOS.obj (.text:ti_sysbios_knl_Task_startup__E)
                  00005d7c    00000004     --HOLE-- [fill = 0]
                  00005d80    00000002                   : BIOS.obj (.text:ti_sysbios_gates_GateHwi_Instance_init__E)

.const     0    00005d84    0000265f     
                  00005d84    00001fb8     empty_pem4f.oem4f (.const:xdc_runtime_Text_charTab__A)
                  00007d3c    00000108     empty_pem4f.oem4f (.const:xdc_runtime_Text_nodeTab__A)
                  00007e44    00000060     empty_pem4f.oem4f (.const:ti_uia_loggers_LoggerStopMode_Module__FXNS__C)
                  00007ea4    00000048     empty_pem4f.oem4f (.const:.string)
                  00007eec    00000028     empty_pem4f.oem4f (.const:ti_uia_loggers_LoggerStopMode_Object__PARAMS__C)
                  00007f14    00000028     empty_pem4f.oem4f (.const:xdc_runtime_HeapStd_Module__FXNS__C)
                  00007f3c    00000028     empty_pem4f.oem4f (.const:xdc_runtime_Startup_sfxnTab__A)
                  00007f64    00000024     empty_pem4f.oem4f (.const:ti_sysbios_gates_GateHwi_Module__FXNS__C)
                  00007f88    00000024     empty_pem4f.oem4f (.const:ti_sysbios_gates_GateMutex_Module__FXNS__C)
                  00007fac    00000024     empty_pem4f.oem4f (.const:ti_sysbios_knl_Semaphore_Object__PARAMS__C)
                  00007fd0    00000020     empty_pem4f.oem4f (.const:ti_sysbios_gates_GateHwi_Object__DESC__C)
                  00007ff0    00000020     empty_pem4f.oem4f (.const:ti_sysbios_gates_GateMutex_Object__DESC__C)
                  00008010    00000020     empty_pem4f.oem4f (.const:ti_sysbios_knl_Queue_Object__DESC__C)
                  00008030    00000020     empty_pem4f.oem4f (.const:ti_sysbios_knl_Semaphore_Object__DESC__C)
                  00008050    00000020     empty_pem4f.oem4f (.const:ti_uia_loggers_LoggerStopMode_Object__DESC__C)
                  00008070    00000020     empty_pem4f.oem4f (.const:xdc_runtime_HeapStd_Object__DESC__C)
                  00008090    0000001c     empty_pem4f.oem4f (.const:xdc_runtime_HeapStd_Object__PARAMS__C)
                  000080ac    00000018     empty_pem4f.oem4f (.const:ti_sysbios_gates_GateHwi_Object__PARAMS__C)
                  000080c4    00000018     empty_pem4f.oem4f (.const:ti_sysbios_gates_GateMutex_Object__PARAMS__C)
                  000080dc    00000018     empty_pem4f.oem4f (.const:ti_sysbios_knl_Queue_Object__PARAMS__C)
                  000080f4    00000014     empty_pem4f.oem4f (.const:xdc_runtime_Startup_firstFxns__A)
                  00008108    00000014     empty_pem4f.oem4f (.const:xdc_runtime_Startup_sfxnRts__A)
                  0000811c    00000008     empty_pem4f.oem4f (.const:ti_sysbios_family_arm_m3_Hwi_excHookFuncs__A)
                  00008124    00000008     empty_pem4f.oem4f (.const:ti_sysbios_knl_Idle_funcList__A)
                  0000812c    00000008     empty_pem4f.oem4f (.const:ti_sysbios_knl_Idle_funcList__C)
                  00008134    00000008     empty_pem4f.oem4f (.const:xdc_runtime_Startup_firstFxns__C)
                  0000813c    00000008     empty_pem4f.oem4f (.const:xdc_runtime_Startup_lastFxns__C)
                  00008144    00000004     empty_pem4f.oem4f (.const:ti_catalog_arm_cortexm4_tiva_ce_Boot_A_mustUseEnhancedClockMode__C)
                  00008148    00000004     empty_pem4f.oem4f (.const:ti_catalog_arm_cortexm4_tiva_ce_Boot_Module__diagsEnabled__C)
                  0000814c    00000004     empty_pem4f.oem4f (.const:ti_catalog_arm_cortexm4_tiva_ce_Boot_Module__diagsIncluded__C)
                  00008150    00000004     empty_pem4f.oem4f (.const:ti_catalog_arm_cortexm4_tiva_ce_Boot_Module__diagsMask__C)
                  00008154    00000004     empty_pem4f.oem4f (.const:ti_sysbios_family_arm_lm4_Timer_enableFunc__C)
                  00008158    00000004     empty_pem4f.oem4f (.const:ti_sysbios_family_arm_lm4_Timer_numTimerDevices__C)
                  0000815c    00000004     empty_pem4f.oem4f (.const:ti_sysbios_family_arm_lm4_Timer_startupNeeded__C)
                  00008160    00000004     empty_pem4f.oem4f (.const:ti_sysbios_family_arm_m3_Hwi_E_NMI__C)
                  00008164    00000004     empty_pem4f.oem4f (.const:ti_sysbios_family_arm_m3_Hwi_E_busFault__C)
                  00008168    00000004     empty_pem4f.oem4f (.const:ti_sysbios_family_arm_m3_Hwi_E_debugMon__C)
                  0000816c    00000004     empty_pem4f.oem4f (.const:ti_sysbios_family_arm_m3_Hwi_E_hardFault__C)
                  00008170    00000004     empty_pem4f.oem4f (.const:ti_sysbios_family_arm_m3_Hwi_E_memFault__C)
                  00008174    00000004     empty_pem4f.oem4f (.const:ti_sysbios_family_arm_m3_Hwi_E_noIsr__C)
                  00008178    00000004     empty_pem4f.oem4f (.const:ti_sysbios_family_arm_m3_Hwi_E_reserved__C)
                  0000817c    00000004     empty_pem4f.oem4f (.const:ti_sysbios_family_arm_m3_Hwi_E_svCall__C)
                  00008180    00000004     empty_pem4f.oem4f (.const:ti_sysbios_family_arm_m3_Hwi_E_usageFault__C)
                  00008184    00000004     empty_pem4f.oem4f (.const:ti_sysbios_family_arm_m3_Hwi_LD_end__C)
                  00008188    00000004     empty_pem4f.oem4f (.const:ti_sysbios_family_arm_m3_Hwi_LM_begin__C)
                  0000818c    00000004     empty_pem4f.oem4f (.const:ti_sysbios_family_arm_m3_Hwi_Module__diagsEnabled__C)
                  00008190    00000004     empty_pem4f.oem4f (.const:ti_sysbios_family_arm_m3_Hwi_Module__diagsIncluded__C)
                  00008194    00000004     empty_pem4f.oem4f (.const:ti_sysbios_family_arm_m3_Hwi_Module__diagsMask__C)
                  00008198    00000004     empty_pem4f.oem4f (.const:ti_sysbios_family_arm_m3_Hwi_Module__loggerFxn1__C)
                  0000819c    00000004     empty_pem4f.oem4f (.const:ti_sysbios_family_arm_m3_Hwi_Module__loggerFxn8__C)
                  000081a0    00000004     empty_pem4f.oem4f (.const:ti_sysbios_family_arm_m3_Hwi_Module__loggerObj__C)
                  000081a4    00000004     empty_pem4f.oem4f (.const:ti_sysbios_family_arm_m3_Hwi_NUM_INTERRUPTS__C)
                  000081a8    00000004     empty_pem4f.oem4f (.const:ti_sysbios_family_arm_m3_Hwi_Object__count__C)
                  000081ac    00000004     empty_pem4f.oem4f (.const:ti_sysbios_family_arm_m3_Hwi_ccr__C)
                  000081b0    00000004     empty_pem4f.oem4f (.const:ti_sysbios_family_arm_m3_Hwi_excHandlerFunc__C)
                  000081b4    00000004     empty_pem4f.oem4f (.const:ti_sysbios_family_arm_m3_Hwi_excHookFuncs__C)
                  000081b8    00000004     empty_pem4f.oem4f (.const:ti_sysbios_family_arm_m3_Hwi_nullIsrFunc__C)
                  000081bc    00000004     empty_pem4f.oem4f (.const:ti_sysbios_family_arm_m3_Hwi_priGroup__C)
                  000081c0    00000004     empty_pem4f.oem4f (.const:ti_sysbios_gates_GateMutex_A_badContext__C)
                  000081c4    00000004     empty_pem4f.oem4f (.const:ti_sysbios_gates_GateMutex_Instance_State_sem__O)
                  000081c8    00000004     empty_pem4f.oem4f (.const:ti_sysbios_gates_GateMutex_Module__diagsEnabled__C)
                  000081cc    00000004     empty_pem4f.oem4f (.const:ti_sysbios_gates_GateMutex_Module__diagsIncluded__C)
                  000081d0    00000004     empty_pem4f.oem4f (.const:ti_sysbios_gates_GateMutex_Module__diagsMask__C)
                  000081d4    00000004     empty_pem4f.oem4f (.const:ti_sysbios_hal_Hwi_E_stackOverflow__C)
                  000081d8    00000004     empty_pem4f.oem4f (.const:ti_sysbios_heaps_HeapMem_Object__count__C)
                  000081dc    00000004     empty_pem4f.oem4f (.const:ti_sysbios_knl_Clock_LM_begin__C)
                  000081e0    00000004     empty_pem4f.oem4f (.const:ti_sysbios_knl_Clock_LM_tick__C)
                  000081e4    00000004     empty_pem4f.oem4f (.const:ti_sysbios_knl_Clock_LW_delayed__C)
                  000081e8    00000004     empty_pem4f.oem4f (.const:ti_sysbios_knl_Clock_Module_State_clockQ__O)
                  000081ec    00000004     empty_pem4f.oem4f (.const:ti_sysbios_knl_Clock_Module__diagsEnabled__C)
                  000081f0    00000004     empty_pem4f.oem4f (.const:ti_sysbios_knl_Clock_Module__diagsIncluded__C)
                  000081f4    00000004     empty_pem4f.oem4f (.const:ti_sysbios_knl_Clock_Module__diagsMask__C)
                  000081f8    00000004     empty_pem4f.oem4f (.const:ti_sysbios_knl_Clock_Module__loggerFxn1__C)
                  000081fc    00000004     empty_pem4f.oem4f (.const:ti_sysbios_knl_Clock_Module__loggerFxn2__C)
                  00008200    00000004     empty_pem4f.oem4f (.const:ti_sysbios_knl_Clock_Module__loggerObj__C)
                  00008204    00000004     empty_pem4f.oem4f (.const:ti_sysbios_knl_Semaphore_A_badContext__C)
                  00008208    00000004     empty_pem4f.oem4f (.const:ti_sysbios_knl_Semaphore_A_noEvents__C)
                  0000820c    00000004     empty_pem4f.oem4f (.const:ti_sysbios_knl_Semaphore_A_overflow__C)
                  00008210    00000004     empty_pem4f.oem4f (.const:ti_sysbios_knl_Semaphore_A_pendTaskDisabled__C)
                  00008214    00000004     empty_pem4f.oem4f (.const:ti_sysbios_knl_Semaphore_Instance_State_pendQ__O)
                  00008218    00000004     empty_pem4f.oem4f (.const:ti_sysbios_knl_Semaphore_LM_pend__C)
                  0000821c    00000004     empty_pem4f.oem4f (.const:ti_sysbios_knl_Semaphore_LM_post__C)
                  00008220    00000004     empty_pem4f.oem4f (.const:ti_sysbios_knl_Semaphore_Module__diagsEnabled__C)
                  00008224    00000004     empty_pem4f.oem4f (.const:ti_sysbios_knl_Semaphore_Module__diagsIncluded__C)
                  00008228    00000004     empty_pem4f.oem4f (.const:ti_sysbios_knl_Semaphore_Module__diagsMask__C)
                  0000822c    00000004     empty_pem4f.oem4f (.const:ti_sysbios_knl_Semaphore_Module__loggerFxn2__C)
                  00008230    00000004     empty_pem4f.oem4f (.const:ti_sysbios_knl_Semaphore_Module__loggerFxn4__C)
                  00008234    00000004     empty_pem4f.oem4f (.const:ti_sysbios_knl_Semaphore_Module__loggerObj__C)
                  00008238    00000004     empty_pem4f.oem4f (.const:ti_sysbios_knl_Swi_LD_end__C)
                  0000823c    00000004     empty_pem4f.oem4f (.const:ti_sysbios_knl_Swi_LM_begin__C)
                  00008240    00000004     empty_pem4f.oem4f (.const:ti_sysbios_knl_Swi_LM_post__C)
                  00008244    00000004     empty_pem4f.oem4f (.const:ti_sysbios_knl_Swi_Module__diagsEnabled__C)
                  00008248    00000004     empty_pem4f.oem4f (.const:ti_sysbios_knl_Swi_Module__diagsIncluded__C)
                  0000824c    00000004     empty_pem4f.oem4f (.const:ti_sysbios_knl_Swi_Module__diagsMask__C)
                  00008250    00000004     empty_pem4f.oem4f (.const:ti_sysbios_knl_Swi_Module__loggerFxn1__C)
                  00008254    00000004     empty_pem4f.oem4f (.const:ti_sysbios_knl_Swi_Module__loggerFxn4__C)
                  00008258    00000004     empty_pem4f.oem4f (.const:ti_sysbios_knl_Swi_Module__loggerObj__C)
                  0000825c    00000004     empty_pem4f.oem4f (.const:ti_sysbios_knl_Swi_Object__count__C)
                  00008260    00000004     empty_pem4f.oem4f (.const:ti_sysbios_knl_Task_E_spOutOfBounds__C)
                  00008264    00000004     empty_pem4f.oem4f (.const:ti_sysbios_knl_Task_E_stackOverflow__C)
                  00008268    00000004     empty_pem4f.oem4f (.const:ti_sysbios_knl_Task_LD_block__C)
                  0000826c    00000004     empty_pem4f.oem4f (.const:ti_sysbios_knl_Task_LD_exit__C)
                  00008270    00000004     empty_pem4f.oem4f (.const:ti_sysbios_knl_Task_LD_ready__C)
                  00008274    00000004     empty_pem4f.oem4f (.const:ti_sysbios_knl_Task_LM_switch__C)
                  00008278    00000004     empty_pem4f.oem4f (.const:ti_sysbios_knl_Task_Module_State_inactiveQ__O)
                  0000827c    00000004     empty_pem4f.oem4f (.const:ti_sysbios_knl_Task_Module__diagsEnabled__C)
                  00008280    00000004     empty_pem4f.oem4f (.const:ti_sysbios_knl_Task_Module__diagsIncluded__C)
                  00008284    00000004     empty_pem4f.oem4f (.const:ti_sysbios_knl_Task_Module__diagsMask__C)
                  00008288    00000004     empty_pem4f.oem4f (.const:ti_sysbios_knl_Task_Module__loggerFxn2__C)
                  0000828c    00000004     empty_pem4f.oem4f (.const:ti_sysbios_knl_Task_Module__loggerFxn4__C)
                  00008290    00000004     empty_pem4f.oem4f (.const:ti_sysbios_knl_Task_Module__loggerObj__C)
                  00008294    00000004     empty_pem4f.oem4f (.const:ti_sysbios_knl_Task_Object__count__C)
                  00008298    00000004     empty_pem4f.oem4f (.const:ti_sysbios_knl_Task_allBlockedFunc__C)
                  0000829c    00000004     empty_pem4f.oem4f (.const:ti_sysbios_knl_Task_numConstructedTasks__C)
                  000082a0    00000004     empty_pem4f.oem4f (.const:ti_sysbios_utils_Load_LS_cpuLoad__C)
                  000082a4    00000004     empty_pem4f.oem4f (.const:ti_sysbios_utils_Load_Module__diagsEnabled__C)
                  000082a8    00000004     empty_pem4f.oem4f (.const:ti_sysbios_utils_Load_Module__diagsIncluded__C)
                  000082ac    00000004     empty_pem4f.oem4f (.const:ti_sysbios_utils_Load_Module__diagsMask__C)
                  000082b0    00000004     empty_pem4f.oem4f (.const:ti_sysbios_utils_Load_Module__loggerFxn1__C)
                  000082b4    00000004     empty_pem4f.oem4f (.const:ti_sysbios_utils_Load_Module__loggerObj__C)
                  000082b8    00000004     empty_pem4f.oem4f (.const:ti_sysbios_utils_Load_postUpdate__C)
                  000082bc    00000004     empty_pem4f.oem4f (.const:ti_sysbios_utils_Load_windowInMs__C)
                  000082c0    00000004     empty_pem4f.oem4f (.const:ti_uia_loggers_LoggerStopMode_Module__diagsEnabled__C)
                  000082c4    00000004     empty_pem4f.oem4f (.const:ti_uia_loggers_LoggerStopMode_Module__diagsIncluded__C)
                  000082c8    00000004     empty_pem4f.oem4f (.const:ti_uia_loggers_LoggerStopMode_Module__diagsMask__C)
                  000082cc    00000004     empty_pem4f.oem4f (.const:ti_uia_loggers_LoggerStopMode_Object__count__C)
                  000082d0    00000004     empty_pem4f.oem4f (.const:ti_uia_runtime_ILoggerSnapshot_Interface__BASE__C)
                  000082d4    00000004     empty_pem4f.oem4f (.const:ti_uia_runtime_IUIATransfer_Interface__BASE__C)
                  000082d8    00000004     empty_pem4f.oem4f (.const:xdc_runtime_Assert_E_assertFailed__C)
                  000082dc    00000004     empty_pem4f.oem4f (.const:xdc_runtime_Core_A_initializedParams__C)
                  000082e0    00000004     empty_pem4f.oem4f (.const:xdc_runtime_Core_Module__diagsEnabled__C)
                  000082e4    00000004     empty_pem4f.oem4f (.const:xdc_runtime_Core_Module__diagsIncluded__C)
                  000082e8    00000004     empty_pem4f.oem4f (.const:xdc_runtime_Core_Module__diagsMask__C)
                  000082ec    00000004     empty_pem4f.oem4f (.const:xdc_runtime_Error_E_memory__C)
                  000082f0    00000004     empty_pem4f.oem4f (.const:xdc_runtime_Error_Module__diagsEnabled__C)
                  000082f4    00000004     empty_pem4f.oem4f (.const:xdc_runtime_Error_Module__diagsIncluded__C)
                  000082f8    00000004     empty_pem4f.oem4f (.const:xdc_runtime_Error_Module__diagsMask__C)
                  000082fc    00000004     empty_pem4f.oem4f (.const:xdc_runtime_Error_Module__loggerFxn8__C)
                  00008300    00000004     empty_pem4f.oem4f (.const:xdc_runtime_Error_Module__loggerObj__C)
                  00008304    00000004     empty_pem4f.oem4f (.const:xdc_runtime_Error_policyFxn__C)
                  00008308    00000004     empty_pem4f.oem4f (.const:xdc_runtime_Error_raiseHook__C)
                  0000830c    00000004     empty_pem4f.oem4f (.const:xdc_runtime_HeapStd_A_align__C)
                  00008310    00000004     empty_pem4f.oem4f (.const:xdc_runtime_HeapStd_A_invalidTotalFreeSize__C)
                  00008314    00000004     empty_pem4f.oem4f (.const:xdc_runtime_HeapStd_A_zeroSize__C)
                  00008318    00000004     empty_pem4f.oem4f (.const:xdc_runtime_HeapStd_E_noRTSMemory__C)
                  0000831c    00000004     empty_pem4f.oem4f (.const:xdc_runtime_HeapStd_Module__diagsEnabled__C)
                  00008320    00000004     empty_pem4f.oem4f (.const:xdc_runtime_HeapStd_Module__diagsIncluded__C)
                  00008324    00000004     empty_pem4f.oem4f (.const:xdc_runtime_HeapStd_Module__diagsMask__C)
                  00008328    00000004     empty_pem4f.oem4f (.const:xdc_runtime_IFilterLogger_Interface__BASE__C)
                  0000832c    00000004     empty_pem4f.oem4f (.const:xdc_runtime_IGateProvider_Interface__BASE__C)
                  00008330    00000004     empty_pem4f.oem4f (.const:xdc_runtime_IHeap_Interface__BASE__C)
                  00008334    00000004     empty_pem4f.oem4f (.const:xdc_runtime_ILogger_Interface__BASE__C)
                  00008338    00000004     empty_pem4f.oem4f (.const:xdc_runtime_IModule_Interface__BASE__C)
                  0000833c    00000004     empty_pem4f.oem4f (.const:xdc_runtime_Log_L_error__C)
                  00008340    00000004     empty_pem4f.oem4f (.const:xdc_runtime_Log_L_info__C)
                  00008344    00000004     empty_pem4f.oem4f (.const:xdc_runtime_Main_Module__diagsEnabled__C)
                  00008348    00000004     empty_pem4f.oem4f (.const:xdc_runtime_Main_Module__diagsIncluded__C)
                  0000834c    00000004     empty_pem4f.oem4f (.const:xdc_runtime_Main_Module__diagsMask__C)
                  00008350    00000004     empty_pem4f.oem4f (.const:xdc_runtime_Main_Module__loggerFxn4__C)
                  00008354    00000004     empty_pem4f.oem4f (.const:xdc_runtime_Main_Module__loggerObj__C)
                  00008358    00000004     empty_pem4f.oem4f (.const:xdc_runtime_Memory_defaultHeapInstance__C)
                  0000835c    00000004     empty_pem4f.oem4f (.const:xdc_runtime_Startup_execImpl__C)
                  00008360    00000004     empty_pem4f.oem4f (.const:xdc_runtime_Startup_lastFxns__A)
                  00008364    00000004     empty_pem4f.oem4f (.const:xdc_runtime_Startup_maxPasses__C)
                  00008368    00000004     empty_pem4f.oem4f (.const:xdc_runtime_Startup_sfxnRts__C)
                  0000836c    00000004     empty_pem4f.oem4f (.const:xdc_runtime_Startup_sfxnTab__C)
                  00008370    00000004     empty_pem4f.oem4f (.const:xdc_runtime_SysMin_bufSize__C)
                  00008374    00000004     empty_pem4f.oem4f (.const:xdc_runtime_SysMin_outputFunc__C)
                  00008378    00000004     empty_pem4f.oem4f (.const:xdc_runtime_System_Module__gateObj__C)
                  0000837c    00000004     empty_pem4f.oem4f (.const:xdc_runtime_System_abortFxn__C)
                  00008380    00000004     empty_pem4f.oem4f (.const:xdc_runtime_System_exitFxn__C)
                  00008384    00000004     empty_pem4f.oem4f (.const:xdc_runtime_System_extendFxn__C)
                  00008388    00000004     empty_pem4f.oem4f (.const:xdc_runtime_System_maxAtexitHandlers__C)
                  0000838c    00000004     empty_pem4f.oem4f (.const:xdc_runtime_Text_charTab__C)
                  00008390    00000004     empty_pem4f.oem4f (.const:xdc_runtime_Text_nameEmpty__C)
                  00008394    00000004     empty_pem4f.oem4f (.const:xdc_runtime_Text_nameStatic__C)
                  00008398    00000004     empty_pem4f.oem4f (.const:xdc_runtime_Text_nameUnknown__C)
                  0000839c    00000004     empty_pem4f.oem4f (.const:xdc_runtime_Text_nodeTab__C)
                  000083a0    00000004     empty_pem4f.oem4f (.const:xdc_runtime_Text_visitRopeFxn__C)
                  000083a4    00000002     empty_pem4f.oem4f (.const:ti_catalog_arm_cortexm4_tiva_ce_Boot_Module__id__C)
                  000083a6    00000002     empty_pem4f.oem4f (.const:ti_sysbios_family_arm_lm4_TimestampProvider_useClockTimer__C)
                  000083a8    00000002     empty_pem4f.oem4f (.const:ti_sysbios_family_arm_m3_Hwi_Module__id__C)
                  000083aa    00000002     empty_pem4f.oem4f (.const:ti_sysbios_family_arm_m3_Hwi_Module__loggerDefined__C)
                  000083ac    00000002     empty_pem4f.oem4f (.const:ti_sysbios_gates_GateMutex_Module__id__C)
                  000083ae    00000002     empty_pem4f.oem4f (.const:ti_sysbios_hal_Hwi_Module__id__C)
                  000083b0    00000002     empty_pem4f.oem4f (.const:ti_sysbios_knl_Clock_Module__id__C)
                  000083b2    00000002     empty_pem4f.oem4f (.const:ti_sysbios_knl_Clock_Module__loggerDefined__C)
                  000083b4    00000002     empty_pem4f.oem4f (.const:ti_sysbios_knl_Semaphore_Module__id__C)
                  000083b6    00000002     empty_pem4f.oem4f (.const:ti_sysbios_knl_Semaphore_Module__loggerDefined__C)
                  000083b8    00000002     empty_pem4f.oem4f (.const:ti_sysbios_knl_Swi_Module__id__C)
                  000083ba    00000002     empty_pem4f.oem4f (.const:ti_sysbios_knl_Swi_Module__loggerDefined__C)
                  000083bc    00000002     empty_pem4f.oem4f (.const:ti_sysbios_knl_Task_Module__id__C)
                  000083be    00000002     empty_pem4f.oem4f (.const:ti_sysbios_knl_Task_Module__loggerDefined__C)
                  000083c0    00000002     empty_pem4f.oem4f (.const:ti_sysbios_utils_Load_Module__id__C)
                  000083c2    00000002     empty_pem4f.oem4f (.const:ti_sysbios_utils_Load_Module__loggerDefined__C)
                  000083c4    00000002     empty_pem4f.oem4f (.const:ti_sysbios_utils_Load_updateInIdle__C)
                  000083c6    00000002     empty_pem4f.oem4f (.const:ti_uia_loggers_LoggerStopMode_Module__id__C)
                  000083c8    00000002     empty_pem4f.oem4f (.const:ti_uia_loggers_LoggerStopMode_isTimestampEnabled__C)
                  000083ca    00000002     empty_pem4f.oem4f (.const:xdc_runtime_Core_Module__id__C)
                  000083cc    00000002     empty_pem4f.oem4f (.const:xdc_runtime_Error_Module__loggerDefined__C)
                  000083ce    00000002     empty_pem4f.oem4f (.const:xdc_runtime_Error_maxDepth__C)
                  000083d0    00000002     empty_pem4f.oem4f (.const:xdc_runtime_HeapStd_Module__id__C)
                  000083d2    00000002     empty_pem4f.oem4f (.const:xdc_runtime_Main_Module__id__C)
                  000083d4    00000002     empty_pem4f.oem4f (.const:xdc_runtime_Main_Module__loggerDefined__C)
                  000083d6    00000002     empty_pem4f.oem4f (.const:xdc_runtime_Memory_Module__id__C)
                  000083d8    00000002     empty_pem4f.oem4f (.const:xdc_runtime_SysMin_flushAtExit__C)
                  000083da    00000002     empty_pem4f.oem4f (.const:xdc_runtime_Text_charCnt__C)
                  000083dc    00000002     empty_pem4f.oem4f (.const:xdc_runtime_Text_isLoaded__C)
                  000083de    00000002     empty_pem4f.oem4f (.const:xdc_runtime_Text_registryModsLastId__C)
                  000083e0    00000002     empty_pem4f.oem4f (.const:xdc_runtime_Text_unnamedModsLastId__C)
                  000083e2    00000001     empty_pem4f.oem4f (.const:xdc_runtime_Error_policy__C)

.cinit     0    000083e8    00000458     
                  000083e8    00000423     (.cinit..data.load) [load image, compression = rle]
                  0000880b    00000001     --HOLE-- [fill = 0]
                  0000880c    0000000c     (__TI_handler_table)
                  00008818    00000008     (.cinit..bss.load) [load image, compression = zero_init]
                  00008820    00000008     (.cinit..vecs.load) [load image, compression = zero_init]
                  00008828    00000018     (__TI_cinit_table)

.init_array 
*          0    00000000    00000000     UNINITIALIZED

.vecs      0    20000000    00000360     UNINITIALIZED
                  20000000    00000360     empty_pem4f.oem4f (.vecs)

.bss       0    20000380    00001c30     UNINITIALIZED
                  20000380    00000800     empty_pem4f.oem4f (.bss:taskStackSection)
                  20000b80    00000400     empty_pem4f.oem4f (.bss:ti_uia_loggers_LoggerStopMode_Instance_State_1_packetArray__A)
                  20000f80    00000400     empty_pem4f.oem4f (.bss:ti_uia_loggers_LoggerStopMode_Instance_State_2_packetArray__A)
                  20001380    00000400     empty_pem4f.oem4f (.bss:xdc_runtime_SysMin_Module_State_0_outbuf__A)
                  20001780    00000360     empty_pem4f.oem4f (.bss:ti_sysbios_family_arm_m3_Hwi_dispatchTable)
                  20001ae0    00000008     (.common:parmbuf)
                  20001ae8    00000004     (.common:ui32_t0$1)
                  20001aec    00000004     (.common:ui32_t1$2)
                  20001af0    00000004     (.common:ui32_t2$3)
                  20001af4    00000004     (.common:ui32delta$6)
                  20001af8    00000004     (.common:ui32start$4)
                  20001afc    00000004     (.common:ui32stop$5)
                  20001b00    00000200     empty_pem4f.oem4f (.bss:ti_uia_loggers_LoggerStopMode_Instance_State_0_packetArray__A)
                  20001d00    00000120     rtsv7M4_T_le_v4SPD16_eabi.lib : trgmsg.obj (.bss:__CIOBUF_)
                  20001e20    00000060     --HOLE--
                  20001e80    00000030     empty_pem4f.oem4f (.bss:ti_uia_loggers_LoggerStopMode_Instance_State_0_hdr__A)
                  20001eb0    00000050     --HOLE--
                  20001f00    00000030     empty_pem4f.oem4f (.bss:ti_uia_loggers_LoggerStopMode_Instance_State_1_hdr__A)
                  20001f30    00000050     --HOLE--
                  20001f80    00000030     empty_pem4f.oem4f (.bss:ti_uia_loggers_LoggerStopMode_Instance_State_2_hdr__A)

.data      0    20001fb0    0000064a     UNINITIALIZED
                  20001fb0    0000019c     empty_pem4f.oem4f (.data)
                  2000214c    0000009c     empty_pem4f.oem4f (.data:ti_uia_loggers_LoggerStopMode_Object__table__V)
                  200021e8    00000098     empty_pem4f.oem4f (.data:ti_sysbios_utils_Load_Module__state__V)
                  20002280    00000080     empty_pem4f.oem4f (.data:ti_sysbios_family_arm_lm4_Timer_Object__table__V)
                  20002300    00000080     empty_pem4f.oem4f (.data:ti_sysbios_knl_Swi_Module_State_0_readyQ__A)
                  20002380    00000080     empty_pem4f.oem4f (.data:ti_sysbios_knl_Task_Module_State_0_readyQ__A)
                  20002400    0000004c     empty_pem4f.oem4f (.data:ti_sysbios_knl_Task_Object__table__V)
                  2000244c    00000044     empty_pem4f.oem4f (.data:ti_sysbios_knl_Task_Module__state__V)
                  20002490    00000038     empty_pem4f.oem4f (.data:ti_sysbios_gates_GateMutex_Object__table__V)
                  200024c8    00000034     empty_pem4f.oem4f (.data:ti_sysbios_family_arm_m3_Hwi_Module__state__V)
                  200024fc    00000030     empty_pem4f.oem4f (.data:ti_sysbios_family_arm_lm4_Timer_Module_State_0_device__A)
                  2000252c    00000030     empty_pem4f.oem4f (.data:ti_sysbios_family_arm_m3_Hwi_Object__table__V)
                  2000255c    00000030     empty_pem4f.oem4f (.data:ti_sysbios_knl_Swi_Object__table__V)
                  2000258c    0000002c     empty_pem4f.oem4f (.data:ti_sysbios_knl_Clock_Module__state__V)
                  200025b8    00000024     empty_pem4f.oem4f (.data:ti_sysbios_BIOS_Module__state__V)
                  200025dc    00000008     rtsv7M4_T_le_v4SPD16_eabi.lib : _lock.obj (.data)
                  200025e4    00000008                                   : exit.obj (.data)
                  200025ec    00000008     ti.uia.runtime.aem4f : QueueDescriptor.oem4f (.data)
                  200025f4    00000004     rtsv7M4_T_le_v4SPD16_eabi.lib : stkdepth_vars.obj (.data)
                  200025f8    00000002     main.obj (.data)

.stack     0    200025fc    00000400     UNINITIALIZED
                  200025fc    00000400     --HOLE--

.bootVecs 
*          0    00000000    00000008     DSECT
                  00000000    00000008     boot.aem4f : boot.oem4f (.bootVecs)

xdc.meta   0    00000000    000000e3     COPY SECTION
                  00000000    000000e3     empty_pem4f.oem4f (xdc.meta)

.TI.noinit 
*          0    20000380    00000000     UNINITIALIZED

.TI.persistent 
*          0    20001fb0    00000000     UNINITIALIZED


LINKER GENERATED COPY TABLES

__TI_cinit_table @ 00008828 records: 3, size/record: 8, table size: 24
	.data: load addr=000083e8, load size=00000423 bytes, run addr=20001fb0, run size=0000064a bytes, compression=rle
	.bss: load addr=00008818, load size=00000008 bytes, run addr=20000380, run size=00001c30 bytes, compression=zero_init
	.vecs: load addr=00008820, load size=00000008 bytes, run addr=20000000, run size=00000360 bytes, compression=zero_init


LINKER GENERATED HANDLER TABLE

__TI_handler_table @ 0000880c records: 3, size/record: 4, table size: 12
	index: 0, handler: __TI_decompress_rle24
	index: 1, handler: __TI_decompress_none
	index: 2, handler: __TI_zero_init


GLOBAL SYMBOLS: SORTED ALPHABETICALLY BY Name 

address   name                                                              
-------   ----                                                              
00004b71  C$$EXIT                                                           
0000431f  C$$IO$$                                                           
000053b9  GPIODirModeSet                                                    
00001e85  GPIOPadConfigSet                                                  
0000413b  GPIOPinRead                                                       
0000590f  GPIOPinTypeGPIOOutput                                             
000050eb  GPIOPinWrite                                                      
00000d61  HOSTclock                                                         
00000d29  HOSTclose                                                         
00000ceb  HOSTgetenv                                                        
00000c8f  HOSTlseek                                                         
00000c3d  HOSTopen                                                          
00000bf1  HOSTread                                                          
00000b93  HOSTrename                                                        
00000b59  HOSTtime                                                          
00000b21  HOSTunlink                                                        
00000ad5  HOSTwrite                                                         
UNDEFED   SHT$$INIT_ARRAY$$Base                                             
UNDEFED   SHT$$INIT_ARRAY$$Limit                                            
000028d1  SysCtlClockSet                                                    
00005d21  SysCtlDelay                                                       
00004f79  SysCtlPeripheralEnable                                            
00000000  __ASM__                                                           
20001d00  __CIOBUF_                                                         
00000061  __ISA__                                                           
00000074  __PLAT__                                                          
200029fc  __STACK_END                                                       
00000400  __STACK_SIZE                                                      
200027fc  __STACK_TOP                                                       
00000095  __TARG__                                                          
00008828  __TI_CINIT_Base                                                   
00008840  __TI_CINIT_Limit                                                  
0000880c  __TI_Handler_Table_Base                                           
00008818  __TI_Handler_Table_Limit                                          
000038c9  __TI_auto_init                                                    
200025e4  __TI_cleanup_ptr                                                  
00005c09  __TI_decompress_none                                              
00005d2d  __TI_decompress_rle24                                             
200025e8  __TI_dtors_ptr                                                    
00004323  __TI_readmsg                                                      
000083e8  __TI_static_base__                                                
000042f1  __TI_writemsg                                                     
00005c51  __TI_zero_init                                                    
000000bb  __TRDR__                                                          
00004057  __aeabi_idiv0                                                     
00003fdd  __aeabi_memclr                                                    
00003fdd  __aeabi_memclr4                                                   
00003fdd  __aeabi_memclr8                                                   
00003a09  __aeabi_memcpy                                                    
00003a09  __aeabi_memcpy4                                                   
00003a09  __aeabi_memcpy8                                                   
00003fdf  __aeabi_memset                                                    
00003fdf  __aeabi_memset4                                                   
00003fdf  __aeabi_memset8                                                   
00004d55  __aeabi_uidiv                                                     
00004d55  __aeabi_uidivmod                                                  
ffffffff  __binit__                                                         
ffffffff  __c_args__                                                        
200025fc  __stack                                                           
00005d27  __xdc__init                                                       
20002148  __xdc__init__addr                                                 
00005929  _args_main                                                        
000046c9  _c_int00                                                          
200025dc  _lock                                                             
00005a53  _nop                                                              
00005a4b  _register_lock                                                    
00005a45  _register_unlock                                                  
200025e0  _unlock                                                           
00004b75  abort                                                             
ffffffff  binit                                                             
00004919  copy_in                                                           
00004b7d  exit                                                              
00003bdf  free                                                              
00005125  hardware_init                                                     
200025f8  i16ToggleCount                                                    
00000fa5  ledToggle                                                         
00005c5d  main                                                              
200025f4  main_func_sp                                                      
000007bd  malloc                                                            
00003a09  memcpy                                                            
00003fe5  memset                                                            
00005a59  strcpy                                                            
00005a6d  strlen                                                            
00008144  ti_catalog_arm_cortexm4_tiva_ce_Boot_A_mustUseEnhancedClockMode__C
00008148  ti_catalog_arm_cortexm4_tiva_ce_Boot_Module__diagsEnabled__C      
0000814c  ti_catalog_arm_cortexm4_tiva_ce_Boot_Module__diagsIncluded__C     
00008150  ti_catalog_arm_cortexm4_tiva_ce_Boot_Module__diagsMask__C         
000083a4  ti_catalog_arm_cortexm4_tiva_ce_Boot_Module__id__C                
00005c45  ti_catalog_arm_cortexm4_tiva_ce_Boot_init__I                      
000022f9  ti_catalog_arm_cortexm4_tiva_ce_Boot_sysCtlClockSetI__I           
00003be1  ti_catalog_arm_cortexm4_tiva_ce_Boot_sysCtlClockSet__E            
00005d33  ti_catalog_arm_cortexm4_tiva_ce_Boot_sysCtlDelayI__I              
200025b8  ti_sysbios_BIOS_Module__state__V                                  
00005859  ti_sysbios_BIOS_RtsGateProxy_Handle__label__S                     
00005515  ti_sysbios_BIOS_RtsGateProxy_Object__delete__S                    
000012c5  ti_sysbios_BIOS_RtsGateProxy_enter__E                             
0000143d  ti_sysbios_BIOS_RtsGateProxy_leave__E                             
00005d71  ti_sysbios_BIOS_RtsGateProxy_query__E                             
00005155  ti_sysbios_BIOS_atExitFunc__I                                     
000056e9  ti_sysbios_BIOS_errorRaiseHook__I                                 
00005a01  ti_sysbios_BIOS_exitFunc__I                                       
00005ae9  ti_sysbios_BIOS_getCpuFreq__E                                     
000042ef  ti_sysbios_BIOS_nullFunc__I                                       
00005485  ti_sysbios_BIOS_registerRTSLock__I                                
000054a9  ti_sysbios_BIOS_removeRTSLock__I                                  
000055c5  ti_sysbios_BIOS_rtsLock__I                                        
00005941  ti_sysbios_BIOS_rtsUnlock__I                                      
00005af9  ti_sysbios_BIOS_setThreadType__E                                  
000054cd  ti_sysbios_BIOS_startFunc__I                                      
00005b09  ti_sysbios_BIOS_start__E                                          
200024fc  ti_sysbios_family_arm_lm4_Timer_Module_State_0_device__A          
20001fd8  ti_sysbios_family_arm_lm4_Timer_Module_State_0_handles__A         
20001fd0  ti_sysbios_family_arm_lm4_Timer_Module__root__V                   
00005959  ti_sysbios_family_arm_lm4_Timer_Module__startupDone__F            
00005959  ti_sysbios_family_arm_lm4_Timer_Module__startupDone__S            
20001ff0  ti_sysbios_family_arm_lm4_Timer_Module__state__V                  
00004429  ti_sysbios_family_arm_lm4_Timer_Module_startup__E                 
20002280  ti_sysbios_family_arm_lm4_Timer_Object__table__V                  
00008154  ti_sysbios_family_arm_lm4_Timer_enableFunc__C                     
00003629  ti_sysbios_family_arm_lm4_Timer_enableTimers__I                   
000034c9  ti_sysbios_family_arm_lm4_Timer_enableTiva__I                     
00005c69  ti_sysbios_family_arm_lm4_Timer_getMaxTicks__E                    
00005d61  ti_sysbios_family_arm_lm4_Timer_getPeriod__E                      
00004491  ti_sysbios_family_arm_lm4_Timer_isrStub__E                        
00005d05  ti_sysbios_family_arm_lm4_Timer_masterDisable__I                  
0000170d  ti_sysbios_family_arm_lm4_Timer_masterEnable__I                   
00008158  ti_sysbios_family_arm_lm4_Timer_numTimerDevices__C                
00001441  ti_sysbios_family_arm_lm4_Timer_start__E                          
0000815c  ti_sysbios_family_arm_lm4_Timer_startupNeeded__C                  
00004d99  ti_sysbios_family_arm_lm4_Timer_startup__E                        
00004bb9  ti_sysbios_family_arm_lm4_Timer_stop__E                           
00005581  ti_sysbios_family_arm_lm4_Timer_write__I                          
20001ffc  ti_sysbios_family_arm_lm4_TimestampProvider_Module__state__V      
00005d39  ti_sysbios_family_arm_lm4_TimestampProvider_Module_startup__E     
00002b91  ti_sysbios_family_arm_lm4_TimestampProvider_get32__E              
00001149  ti_sysbios_family_arm_lm4_TimestampProvider_get64__E              
00005ae9  ti_sysbios_family_arm_lm4_TimestampProvider_getFreq__E            
00005b19  ti_sysbios_family_arm_lm4_TimestampProvider_rolloverFunc__E       
00005c79  ti_sysbios_family_arm_lm4_TimestampProvider_startTimer__E         
000083a6  ti_sysbios_family_arm_lm4_TimestampProvider_useClockTimer__C      
00008160  ti_sysbios_family_arm_m3_Hwi_E_NMI__C                             
00008164  ti_sysbios_family_arm_m3_Hwi_E_busFault__C                        
00008168  ti_sysbios_family_arm_m3_Hwi_E_debugMon__C                        
0000816c  ti_sysbios_family_arm_m3_Hwi_E_hardFault__C                       
00008170  ti_sysbios_family_arm_m3_Hwi_E_memFault__C                        
00008174  ti_sysbios_family_arm_m3_Hwi_E_noIsr__C                           
00008178  ti_sysbios_family_arm_m3_Hwi_E_reserved__C                        
0000817c  ti_sysbios_family_arm_m3_Hwi_E_svCall__C                          
00008180  ti_sysbios_family_arm_m3_Hwi_E_usageFault__C                      
00005825  ti_sysbios_family_arm_m3_Hwi_Handle__label__S                     
00008184  ti_sysbios_family_arm_m3_Hwi_LD_end__C                            
00008188  ti_sysbios_family_arm_m3_Hwi_LM_begin__C                          
2000200c  ti_sysbios_family_arm_m3_Hwi_Module_State_0_excActive__A          
20002010  ti_sysbios_family_arm_m3_Hwi_Module_State_0_excContext__A         
20002014  ti_sysbios_family_arm_m3_Hwi_Module_State_0_excStack__A           
0000818c  ti_sysbios_family_arm_m3_Hwi_Module__diagsEnabled__C              
00008190  ti_sysbios_family_arm_m3_Hwi_Module__diagsIncluded__C             
00008194  ti_sysbios_family_arm_m3_Hwi_Module__diagsMask__C                 
000083a8  ti_sysbios_family_arm_m3_Hwi_Module__id__C                        
000083aa  ti_sysbios_family_arm_m3_Hwi_Module__loggerDefined__C             
00008198  ti_sysbios_family_arm_m3_Hwi_Module__loggerFxn1__C                
0000819c  ti_sysbios_family_arm_m3_Hwi_Module__loggerFxn8__C                
000081a0  ti_sysbios_family_arm_m3_Hwi_Module__loggerObj__C                 
20002004  ti_sysbios_family_arm_m3_Hwi_Module__root__V                      
00005971  ti_sysbios_family_arm_m3_Hwi_Module__startupDone__F               
00005971  ti_sysbios_family_arm_m3_Hwi_Module__startupDone__S               
200024c8  ti_sysbios_family_arm_m3_Hwi_Module__state__V                     
00004829  ti_sysbios_family_arm_m3_Hwi_Module_startup__E                    
000081a4  ti_sysbios_family_arm_m3_Hwi_NUM_INTERRUPTS__C                    
000081a8  ti_sysbios_family_arm_m3_Hwi_Object__count__C                     
00005a81  ti_sysbios_family_arm_m3_Hwi_Object__get__S                       
2000252c  ti_sysbios_family_arm_m3_Hwi_Object__table__V                     
000081ac  ti_sysbios_family_arm_m3_Hwi_ccr__C                               
00005c89  ti_sysbios_family_arm_m3_Hwi_disableFxn__E                        
00004a51  ti_sysbios_family_arm_m3_Hwi_disableInterrupt__E                  
00001ae1  ti_sysbios_family_arm_m3_Hwi_dispatchC__I                         
20001780  ti_sysbios_family_arm_m3_Hwi_dispatchTable                        
[...]
00008184  ti_sysbios_family_arm_m3_Hwi_LD_end__C                            
00008188  ti_sysbios_family_arm_m3_Hwi_LM_begin__C                          
0000818c  ti_sysbios_family_arm_m3_Hwi_Module__diagsEnabled__C              
00008190  ti_sysbios_family_arm_m3_Hwi_Module__diagsIncluded__C             
00008194  ti_sysbios_family_arm_m3_Hwi_Module__diagsMask__C                 
00008198  ti_sysbios_family_arm_m3_Hwi_Module__loggerFxn1__C                
0000819c  ti_sysbios_family_arm_m3_Hwi_Module__loggerFxn8__C                
000081a0  ti_sysbios_family_arm_m3_Hwi_Module__loggerObj__C                 
000081a4  ti_sysbios_family_arm_m3_Hwi_NUM_INTERRUPTS__C                    
000081a8  ti_sysbios_family_arm_m3_Hwi_Object__count__C                     
000081ac  ti_sysbios_family_arm_m3_Hwi_ccr__C                               
000081b0  ti_sysbios_family_arm_m3_Hwi_excHandlerFunc__C                    
000081b4  ti_sysbios_family_arm_m3_Hwi_excHookFuncs__C                      
000081b8  ti_sysbios_family_arm_m3_Hwi_nullIsrFunc__C                       
000081bc  ti_sysbios_family_arm_m3_Hwi_priGroup__C                          
000081c0  ti_sysbios_gates_GateMutex_A_badContext__C                        
000081c4  ti_sysbios_gates_GateMutex_Instance_State_sem__O                  
000081c8  ti_sysbios_gates_GateMutex_Module__diagsEnabled__C                
000081cc  ti_sysbios_gates_GateMutex_Module__diagsIncluded__C               
000081d0  ti_sysbios_gates_GateMutex_Module__diagsMask__C                   
000081d4  ti_sysbios_hal_Hwi_E_stackOverflow__C                             
000081d8  ti_sysbios_heaps_HeapMem_Object__count__C                         
000081dc  ti_sysbios_knl_Clock_LM_begin__C                                  
000081e0  ti_sysbios_knl_Clock_LM_tick__C                                   
000081e4  ti_sysbios_knl_Clock_LW_delayed__C                                
000081e8  ti_sysbios_knl_Clock_Module_State_clockQ__O                       
000081ec  ti_sysbios_knl_Clock_Module__diagsEnabled__C                      
000081f0  ti_sysbios_knl_Clock_Module__diagsIncluded__C                     
000081f4  ti_sysbios_knl_Clock_Module__diagsMask__C                         
000081f8  ti_sysbios_knl_Clock_Module__loggerFxn1__C                        
000081fc  ti_sysbios_knl_Clock_Module__loggerFxn2__C                        
00008200  ti_sysbios_knl_Clock_Module__loggerObj__C                         
00008204  ti_sysbios_knl_Semaphore_A_badContext__C                          
00008208  ti_sysbios_knl_Semaphore_A_noEvents__C                            
0000820c  ti_sysbios_knl_Semaphore_A_overflow__C                            
00008210  ti_sysbios_knl_Semaphore_A_pendTaskDisabled__C                    
00008214  ti_sysbios_knl_Semaphore_Instance_State_pendQ__O                  
00008218  ti_sysbios_knl_Semaphore_LM_pend__C                               
0000821c  ti_sysbios_knl_Semaphore_LM_post__C                               
00008220  ti_sysbios_knl_Semaphore_Module__diagsEnabled__C                  
00008224  ti_sysbios_knl_Semaphore_Module__diagsIncluded__C                 
00008228  ti_sysbios_knl_Semaphore_Module__diagsMask__C                     
0000822c  ti_sysbios_knl_Semaphore_Module__loggerFxn2__C                    
00008230  ti_sysbios_knl_Semaphore_Module__loggerFxn4__C                    
00008234  ti_sysbios_knl_Semaphore_Module__loggerObj__C                     
00008238  ti_sysbios_knl_Swi_LD_end__C                                      
0000823c  ti_sysbios_knl_Swi_LM_begin__C                                    
00008240  ti_sysbios_knl_Swi_LM_post__C                                     
00008244  ti_sysbios_knl_Swi_Module__diagsEnabled__C                        
00008248  ti_sysbios_knl_Swi_Module__diagsIncluded__C                       
0000824c  ti_sysbios_knl_Swi_Module__diagsMask__C                           
00008250  ti_sysbios_knl_Swi_Module__loggerFxn1__C                          
00008254  ti_sysbios_knl_Swi_Module__loggerFxn4__C                          
00008258  ti_sysbios_knl_Swi_Module__loggerObj__C                           
0000825c  ti_sysbios_knl_Swi_Object__count__C                               
00008260  ti_sysbios_knl_Task_E_spOutOfBounds__C                            
00008264  ti_sysbios_knl_Task_E_stackOverflow__C                            
00008268  ti_sysbios_knl_Task_LD_block__C                                   
0000826c  ti_sysbios_knl_Task_LD_exit__C                                    
00008270  ti_sysbios_knl_Task_LD_ready__C                                   
00008274  ti_sysbios_knl_Task_LM_switch__C                                  
00008278  ti_sysbios_knl_Task_Module_State_inactiveQ__O                     
0000827c  ti_sysbios_knl_Task_Module__diagsEnabled__C                       
00008280  ti_sysbios_knl_Task_Module__diagsIncluded__C                      
00008284  ti_sysbios_knl_Task_Module__diagsMask__C                          
00008288  ti_sysbios_knl_Task_Module__loggerFxn2__C                         
0000828c  ti_sysbios_knl_Task_Module__loggerFxn4__C                         
00008290  ti_sysbios_knl_Task_Module__loggerObj__C                          
00008294  ti_sysbios_knl_Task_Object__count__C                              
00008298  ti_sysbios_knl_Task_allBlockedFunc__C                             
0000829c  ti_sysbios_knl_Task_numConstructedTasks__C                        
000082a0  ti_sysbios_utils_Load_LS_cpuLoad__C                               
000082a4  ti_sysbios_utils_Load_Module__diagsEnabled__C                     
000082a8  ti_sysbios_utils_Load_Module__diagsIncluded__C                    
000082ac  ti_sysbios_utils_Load_Module__diagsMask__C                        
000082b0  ti_sysbios_utils_Load_Module__loggerFxn1__C                       
000082b4  ti_sysbios_utils_Load_Module__loggerObj__C                        
000082b8  ti_sysbios_utils_Load_postUpdate__C                               
000082bc  ti_sysbios_utils_Load_windowInMs__C                               
000082c0  ti_uia_loggers_LoggerStopMode_Module__diagsEnabled__C             
000082c4  ti_uia_loggers_LoggerStopMode_Module__diagsIncluded__C            
000082c8  ti_uia_loggers_LoggerStopMode_Module__diagsMask__C                
000082cc  ti_uia_loggers_LoggerStopMode_Object__count__C                    
000082d0  ti_uia_runtime_ILoggerSnapshot_Interface__BASE__C                 
000082d4  ti_uia_runtime_IUIATransfer_Interface__BASE__C                    
000082d8  xdc_runtime_Assert_E_assertFailed__C                              
000082dc  xdc_runtime_Core_A_initializedParams__C                           
000082e0  xdc_runtime_Core_Module__diagsEnabled__C                          
000082e4  xdc_runtime_Core_Module__diagsIncluded__C                         
000082e8  xdc_runtime_Core_Module__diagsMask__C                             
000082ec  xdc_runtime_Error_E_memory__C                                     
000082f0  xdc_runtime_Error_Module__diagsEnabled__C                         
000082f4  xdc_runtime_Error_Module__diagsIncluded__C                        
000082f8  xdc_runtime_Error_Module__diagsMask__C                            
000082fc  xdc_runtime_Error_Module__loggerFxn8__C                           
00008300  xdc_runtime_Error_Module__loggerObj__C                            
00008304  xdc_runtime_Error_policyFxn__C                                    
00008308  xdc_runtime_Error_raiseHook__C                                    
0000830c  xdc_runtime_HeapStd_A_align__C                                    
00008310  xdc_runtime_HeapStd_A_invalidTotalFreeSize__C                     
00008314  xdc_runtime_HeapStd_A_zeroSize__C                                 
00008318  xdc_runtime_HeapStd_E_noRTSMemory__C                              
0000831c  xdc_runtime_HeapStd_Module__diagsEnabled__C                       
00008320  xdc_runtime_HeapStd_Module__diagsIncluded__C                      
00008324  xdc_runtime_HeapStd_Module__diagsMask__C                          
00008328  xdc_runtime_IFilterLogger_Interface__BASE__C                      
0000832c  xdc_runtime_IGateProvider_Interface__BASE__C                      
00008330  xdc_runtime_IHeap_Interface__BASE__C                              
00008334  xdc_runtime_ILogger_Interface__BASE__C                            
00008338  xdc_runtime_IModule_Interface__BASE__C                            
0000833c  xdc_runtime_Log_L_error__C                                        
00008340  xdc_runtime_Log_L_info__C                                         
00008344  xdc_runtime_Main_Module__diagsEnabled__C                          
00008348  xdc_runtime_Main_Module__diagsIncluded__C                         
0000834c  xdc_runtime_Main_Module__diagsMask__C                             
00008350  xdc_runtime_Main_Module__loggerFxn4__C                            
00008354  xdc_runtime_Main_Module__loggerObj__C                             
00008358  xdc_runtime_Memory_defaultHeapInstance__C                         
0000835c  xdc_runtime_Startup_execImpl__C                                   
00008360  xdc_runtime_Startup_lastFxns__A                                   
00008364  xdc_runtime_Startup_maxPasses__C                                  
00008368  xdc_runtime_Startup_sfxnRts__C                                    
0000836c  xdc_runtime_Startup_sfxnTab__C                                    
00008370  xdc_runtime_SysMin_bufSize__C                                     
00008374  xdc_runtime_SysMin_outputFunc__C                                  
00008378  xdc_runtime_System_Module__gateObj__C                             
0000837c  xdc_runtime_System_abortFxn__C                                    
00008380  xdc_runtime_System_exitFxn__C                                     
00008384  xdc_runtime_System_extendFxn__C                                   
00008388  xdc_runtime_System_maxAtexitHandlers__C                           
0000838c  xdc_runtime_Text_charTab__C                                       
00008390  xdc_runtime_Text_nameEmpty__C                                     
00008394  xdc_runtime_Text_nameStatic__C                                    
00008398  xdc_runtime_Text_nameUnknown__C                                   
0000839c  xdc_runtime_Text_nodeTab__C                                       
000083a0  xdc_runtime_Text_visitRopeFxn__C                                  
000083a4  ti_catalog_arm_cortexm4_tiva_ce_Boot_Module__id__C                
000083a6  ti_sysbios_family_arm_lm4_TimestampProvider_useClockTimer__C      
000083a8  ti_sysbios_family_arm_m3_Hwi_Module__id__C                        
000083aa  ti_sysbios_family_arm_m3_Hwi_Module__loggerDefined__C             
000083ac  ti_sysbios_gates_GateMutex_Module__id__C                          
000083ae  ti_sysbios_hal_Hwi_Module__id__C                                  
000083b0  ti_sysbios_knl_Clock_Module__id__C                                
000083b2  ti_sysbios_knl_Clock_Module__loggerDefined__C                     
000083b4  ti_sysbios_knl_Semaphore_Module__id__C                            
000083b6  ti_sysbios_knl_Semaphore_Module__loggerDefined__C                 
000083b8  ti_sysbios_knl_Swi_Module__id__C                                  
000083ba  ti_sysbios_knl_Swi_Module__loggerDefined__C                       
000083bc  ti_sysbios_knl_Task_Module__id__C                                 
000083be  ti_sysbios_knl_Task_Module__loggerDefined__C                      
000083c0  ti_sysbios_utils_Load_Module__id__C                               
000083c2  ti_sysbios_utils_Load_Module__loggerDefined__C                    
000083c4  ti_sysbios_utils_Load_updateInIdle__C                             
000083c6  ti_uia_loggers_LoggerStopMode_Module__id__C                       
000083c8  ti_uia_loggers_LoggerStopMode_isTimestampEnabled__C               
000083ca  xdc_runtime_Core_Module__id__C                                    
000083cc  xdc_runtime_Error_Module__loggerDefined__C                        
000083ce  xdc_runtime_Error_maxDepth__C                                     
000083d0  xdc_runtime_HeapStd_Module__id__C                                 
000083d2  xdc_runtime_Main_Module__id__C                                    
000083d4  xdc_runtime_Main_Module__loggerDefined__C                         
000083d6  xdc_runtime_Memory_Module__id__C                                  
000083d8  xdc_runtime_SysMin_flushAtExit__C                                 
000083da  xdc_runtime_Text_charCnt__C                                       
000083dc  xdc_runtime_Text_isLoaded__C                                      
000083de  xdc_runtime_Text_registryModsLastId__C                            
000083e0  xdc_runtime_Text_unnamedModsLastId__C                             
000083e2  xdc_runtime_Error_policy__C                                       
000083e8  __TI_static_base__                                                
0000880c  __TI_Handler_Table_Base                                           
00008818  __TI_Handler_Table_Limit                                          
00008828  __TI_CINIT_Base                                                   
00008840  __TI_CINIT_Limit                                                  
20000000  ti_sysbios_family_arm_m3_Hwi_ramVectors                           
20000380  ti_sysbios_knl_Task_Instance_State_0_stack__A                     
20000b80  ti_uia_loggers_LoggerStopMode_Instance_State_1_packetArray__A     
20000f80  ti_uia_loggers_LoggerStopMode_Instance_State_2_packetArray__A     
20001380  xdc_runtime_SysMin_Module_State_0_outbuf__A                       
20001780  ti_sysbios_family_arm_m3_Hwi_dispatchTable                        
20001b00  ti_uia_loggers_LoggerStopMode_Instance_State_0_packetArray__A     
20001d00  __CIOBUF_                                                         
20001e80  ti_uia_loggers_LoggerStopMode_Instance_State_0_hdr__A             
20001f00  ti_uia_loggers_LoggerStopMode_Instance_State_1_hdr__A             
20001f80  ti_uia_loggers_LoggerStopMode_Instance_State_2_hdr__A             
20001fb0  xdc_runtime_Diags_dictElems                                       
20001fd0  ti_sysbios_family_arm_lm4_Timer_Module__root__V                   
20001fd8  ti_sysbios_family_arm_lm4_Timer_Module_State_0_handles__A         
20001ff0  ti_sysbios_family_arm_lm4_Timer_Module__state__V                  
20001ffc  ti_sysbios_family_arm_lm4_TimestampProvider_Module__state__V      
20002004  ti_sysbios_family_arm_m3_Hwi_Module__root__V                      
2000200c  ti_sysbios_family_arm_m3_Hwi_Module_State_0_excActive__A          
20002010  ti_sysbios_family_arm_m3_Hwi_Module_State_0_excContext__A         
20002014  ti_sysbios_family_arm_m3_Hwi_Module_State_0_excStack__A           
20002018  ti_sysbios_gates_GateHwi_Module__root__V                          
20002020  ti_sysbios_gates_GateHwi_Object__table__V                         
20002024  ti_sysbios_gates_GateMutex_Module__root__V                        
2000202c  ti_sysbios_hal_Hwi_Module__root__V                                
20002034  ti_sysbios_heaps_HeapMem_Module__root__V                          
2000203c  ti_sysbios_knl_Clock_Module__root__V                              
20002044  ti_sysbios_knl_Clock_Object__table__V                             
20002064  ti_sysbios_knl_Event_Module__root__V                              
20002070  ti_sysbios_knl_Queue_Module__root__V                              
20002078  ti_sysbios_knl_Semaphore_Module__root__V                          
20002080  ti_sysbios_knl_Swi_Module__root__V                                
20002088  ti_sysbios_knl_Swi_Module__state__V                               
200020a4  ti_sysbios_knl_Task_Module__root__V                               
200020b0  ti_sysbios_knl_Task_Module_State_0_idleTask__A                    
200020b4  ti_sysbios_utils_Load_Module_State_0_taskStartTime__A             
200020b8  ti_sysbios_utils_Load_Module_State_0_runningTask__A               
200020bc  ti_uia_loggers_LoggerStopMode_Module__root__V                     
200020c4  ti_uia_loggers_LoggerStopMode_Module__state__V                    
200020cc  ti_uia_runtime_QueueDescriptor_Module__state__V                   
200020d8  xdc_runtime_Error_Module__state__V                                
200020dc  xdc_runtime_HeapStd_Module__root__V                               
200020e4  xdc_runtime_HeapStd_Object__table__V                              
200020f0  xdc_runtime_HeapStd_Module__state__V                              
200020f4  xdc_runtime_Main_Module__root__V                                  
200020f8  xdc_runtime_Memory_Module__state__V                               
200020fc  xdc_runtime_Registry_Module__state__V                             
20002104  xdc_runtime_Startup_Module__state__V                              
2000210c  xdc_runtime_SysMin_Module__state__V                               
20002118  xdc_runtime_System_Module_State_0_atexitHandlers__A               
20002138  xdc_runtime_System_Module__state__V                               
20002140  xdc_runtime_Text_Module__state__V                                 
20002148  __xdc__init__addr                                                 
2000214c  ti_uia_loggers_LoggerStopMode_Object__table__V                    
200021e8  ti_sysbios_utils_Load_Module__state__V                            
20002280  ti_sysbios_family_arm_lm4_Timer_Object__table__V                  
20002300  ti_sysbios_knl_Swi_Module_State_0_readyQ__A                       
20002380  ti_sysbios_knl_Task_Module_State_0_readyQ__A                      
20002400  ti_sysbios_knl_Task_Object__table__V                              
2000244c  ti_sysbios_knl_Task_Module__state__V                              
20002490  ti_sysbios_gates_GateMutex_Object__table__V                       
200024c8  ti_sysbios_family_arm_m3_Hwi_Module__state__V                     
200024fc  ti_sysbios_family_arm_lm4_Timer_Module_State_0_device__A          
2000252c  ti_sysbios_family_arm_m3_Hwi_Object__table__V                     
2000255c  ti_sysbios_knl_Swi_Object__table__V                               
2000258c  ti_sysbios_knl_Clock_Module__state__V                             
200025b8  ti_sysbios_BIOS_Module__state__V                                  
200025dc  _lock                                                             
200025e0  _unlock                                                           
200025e4  __TI_cleanup_ptr                                                  
200025e8  __TI_dtors_ptr                                                    
200025ec  ti_uia_runtime_QueueDescriptor_gPtrToFirstDescriptor              
200025f0  ti_uia_runtime_QueueDescriptor_gUpdateCount                       
200025f4  main_func_sp                                                      
200025f8  i16ToggleCount                                                    
200025fc  __stack                                                           
200027fc  __STACK_TOP                                                       
200029fc  __STACK_END                                                       
e000e000  ti_sysbios_family_arm_m3_Hwi_nvic                                 
ffffffff  __binit__                                                         
ffffffff  __c_args__                                                        
ffffffff  binit                                                             
UNDEFED   SHT$$INIT_ARRAY$$Base                                             
UNDEFED   SHT$$INIT_ARRAY$$Limit                                            

[652 symbols]
