******************************************************************************
                  TI ARM Linker PC v5.2.5                      
******************************************************************************
>> Linked Fri Apr 22 12:51:36 2016

OUTPUT FILE NAME:   <lab2.out>
ENTRY POINT SYMBOL: "_c_int00"  address: 000006fd


MEMORY CONFIGURATION

         name            origin    length      used     unused   attr    fill
----------------------  --------  ---------  --------  --------  ----  --------
  FLASH                 00000000   00040000  000008d6  0003f72a  R  X
  SRAM                  20000000   00008000  00000216  00007dea  RW X


SEGMENT ALLOCATION MAP

run origin  load origin   length   init length attrs members
----------  ----------- ---------- ----------- ----- -------
00000000    00000000    000008d8   000008d8    r-x
  00000000    00000000    0000026c   0000026c    r-- .intvecs
  0000026c    0000026c    0000064a   0000064a    r-x .text
  000008b8    000008b8    00000020   00000020    r-- .cinit
20000000    20000000    00000216   00000000    rw-
  20000000    20000000    00000200   00000000    rw- .stack
  20000200    20000200    00000016   00000000    rw- .data


SECTION ALLOCATION MAP

 output                                  attributes/
section   page    origin      length       input sections
--------  ----  ----------  ----------   ----------------
.intvecs   0    00000000    0000026c     
                  00000000    0000026c     tm4c123gh6pm_startup_ccs.obj (.intvecs)

.text      0    0000026c    0000064a     
                  0000026c    00000130     driverlib.lib : gpio.obj (.text:GPIOPadConfigSet)
                  0000039c    000000f0                   : sysctl.obj (.text:SysCtlClockSet)
                  0000048c    0000009c     rtsv7M4_T_le_v4SPD16_eabi.lib : memcpy_t2.obj (.text)
                  00000528    00000080     main.obj (.text)
                  000005a8    0000007a     rtsv7M4_T_le_v4SPD16_eabi.lib : memset_t2.obj (.text)
                  00000622    00000002     --HOLE-- [fill = 0]
                  00000624    0000006c                                   : autoinit.obj (.text)
                  00000690    0000006a                                   : copy_decompress_rle.obj (.text)
                  000006fa    00000002     --HOLE-- [fill = 0]
                  000006fc    00000050                                   : boot.obj (.text)
                  0000074c    0000004c                                   : cpy_tbl.obj (.text)
                  00000798    00000044                                   : exit.obj (.text)
                  000007dc    00000034     driverlib.lib : sysctl.obj (.text:SysCtlPeripheralEnable)
                  00000810    0000002a                   : gpio.obj (.text:GPIODirModeSet)
                  0000083a    00000018                   : gpio.obj (.text:GPIOPinTypeGPIOOutput)
                  00000852    00000002     --HOLE-- [fill = 0]
                  00000854    00000018     rtsv7M4_T_le_v4SPD16_eabi.lib : args_main.obj (.text)
                  0000086c    00000014                                   : _lock.obj (.text)
                  00000880    0000000e                                   : copy_decompress_none.obj (.text:decompress:none)
                  0000088e    0000000c     tm4c123gh6pm_startup_ccs.obj (.text)
                  0000089a    00000006     driverlib.lib : gpio.obj (.text:GPIOPinRead)
                  000008a0    00000006                   : gpio.obj (.text:GPIOPinWrite)
                  000008a6    00000006                   : sysctl.obj (.text:SysCtlDelay)
                  000008ac    00000006     rtsv7M4_T_le_v4SPD16_eabi.lib : copy_decompress_rle.obj (.text:decompress:rle24)
                  000008b2    00000004                                   : pre_init.obj (.text)

.cinit     0    000008b8    00000020     
                  000008b8    0000000f     (.cinit..data.load) [load image, compression = rle]
                  000008c7    00000001     --HOLE-- [fill = 0]
                  000008c8    00000008     (__TI_handler_table)
                  000008d0    00000008     (__TI_cinit_table)

.init_array 
*          0    00000000    00000000     UNINITIALIZED

.stack     0    20000000    00000200     UNINITIALIZED
                  20000000    00000200     --HOLE--

.data      0    20000200    00000016     UNINITIALIZED
                  20000200    00000008     rtsv7M4_T_le_v4SPD16_eabi.lib : _lock.obj (.data)
                  20000208    00000008                                   : exit.obj (.data)
                  20000210    00000004                                   : stkdepth_vars.obj (.data)
                  20000214    00000002     main.obj (.data)

.TI.persistent 
*          0    20000200    00000000     UNINITIALIZED


LINKER GENERATED COPY TABLES

__TI_cinit_table @ 000008d0 records: 1, size/record: 8, table size: 8
	.data: load addr=000008b8, load size=0000000f bytes, run addr=20000200, run size=00000016 bytes, compression=rle


LINKER GENERATED HANDLER TABLE

__TI_handler_table @ 000008c8 records: 2, size/record: 4, table size: 8
	index: 0, handler: __TI_decompress_rle24
	index: 1, handler: __TI_decompress_none


GLOBAL SYMBOLS: SORTED ALPHABETICALLY BY Name 

address   name                    
-------   ----                    
00000799  C$$EXIT                 
00000811  GPIODirModeSet          
0000026d  GPIOPadConfigSet        
0000089b  GPIOPinRead             
0000083b  GPIOPinTypeGPIOOutput   
000008a1  GPIOPinWrite            
0000088f  ResetISR                
UNDEFED   SHT$$INIT_ARRAY$$Base   
UNDEFED   SHT$$INIT_ARRAY$$Limit  
0000039d  SysCtlClockSet          
000008a7  SysCtlDelay             
000007dd  SysCtlPeripheralEnable  
20000200  __STACK_END             
00000200  __STACK_SIZE            
20000200  __STACK_TOP             
000008d0  __TI_CINIT_Base         
000008d8  __TI_CINIT_Limit        
000008c8  __TI_Handler_Table_Base 
000008d0  __TI_Handler_Table_Limit
00000625  __TI_auto_init          
20000208  __TI_cleanup_ptr        
00000881  __TI_decompress_none    
000008ad  __TI_decompress_rle24   
2000020c  __TI_dtors_ptr          
00000000  __TI_static_base__      
000005a9  __aeabi_memclr          
000005a9  __aeabi_memclr4         
000005a9  __aeabi_memclr8         
0000048d  __aeabi_memcpy          
0000048d  __aeabi_memcpy4         
0000048d  __aeabi_memcpy8         
000005ab  __aeabi_memset          
000005ab  __aeabi_memset4         
000005ab  __aeabi_memset8         
ffffffff  __binit__               
ffffffff  __c_args__              
20000000  __stack                 
00000855  _args_main              
000006fd  _c_int00                
20000200  _lock                   
0000087b  _nop                    
00000873  _register_lock          
0000086d  _register_unlock        
000008b3  _system_pre_init        
20000204  _unlock                 
0000079d  abort                   
ffffffff  binit                   
0000074d  copy_in                 
00000589  delay                   
000007a5  exit                    
00000000  g_pfnVectors            
00000543  hardware_init           
20000214  i16ToggleCount          
00000565  ledToggle               
00000529  main                    
20000210  main_func_sp            
0000048d  memcpy                  
000005b1  memset                  


GLOBAL SYMBOLS: SORTED BY Symbol Address 

address   name                    
-------   ----                    
00000000  __TI_static_base__      
00000000  g_pfnVectors            
00000200  __STACK_SIZE            
0000026d  GPIOPadConfigSet        
0000039d  SysCtlClockSet          
0000048d  __aeabi_memcpy          
0000048d  __aeabi_memcpy4         
0000048d  __aeabi_memcpy8         
0000048d  memcpy                  
00000529  main                    
00000543  hardware_init           
00000565  ledToggle               
00000589  delay                   
000005a9  __aeabi_memclr          
000005a9  __aeabi_memclr4         
000005a9  __aeabi_memclr8         
000005ab  __aeabi_memset          
000005ab  __aeabi_memset4         
000005ab  __aeabi_memset8         
000005b1  memset                  
00000625  __TI_auto_init          
000006fd  _c_int00                
0000074d  copy_in                 
00000799  C$$EXIT                 
0000079d  abort                   
000007a5  exit                    
000007dd  SysCtlPeripheralEnable  
00000811  GPIODirModeSet          
0000083b  GPIOPinTypeGPIOOutput   
00000855  _args_main              
0000086d  _register_unlock        
00000873  _register_lock          
0000087b  _nop                    
00000881  __TI_decompress_none    
0000088f  ResetISR                
0000089b  GPIOPinRead             
000008a1  GPIOPinWrite            
000008a7  SysCtlDelay             
000008ad  __TI_decompress_rle24   
000008b3  _system_pre_init        
000008c8  __TI_Handler_Table_Base 
000008d0  __TI_CINIT_Base         
000008d0  __TI_Handler_Table_Limit
000008d8  __TI_CINIT_Limit        
20000000  __stack                 
20000200  __STACK_END             
20000200  __STACK_TOP             
20000200  _lock                   
20000204  _unlock                 
20000208  __TI_cleanup_ptr        
2000020c  __TI_dtors_ptr          
20000210  main_func_sp            
20000214  i16ToggleCount          
ffffffff  __binit__               
ffffffff  __c_args__              
ffffffff  binit                   
UNDEFED   SHT$$INIT_ARRAY$$Base   
UNDEFED   SHT$$INIT_ARRAY$$Limit  

[58 symbols]
